05-20 15:08:12.350 19943 21181 W PackageParser: Unknown element under <manifest>: attribution at /storage/emulated/0/Download/com.google.android.googlequicksearchbox_12.44.21.23.x86-301174977_minAPI23(x86)(nodpi)_apkmirror.com.apk Binary XML file line #544

05-20 15:08:12.350 19943 21181 W PackageParser: Unknown element under <manifest>: attribution at /storage/emulated/0/Download/com.google.android.googlequicksearchbox_12.44.21.23.x86-301174977_minAPI23(x86)(nodpi)_apkmirror.com.apk Binary XML file line #547

05-20 15:08:12.350 19943 21181 W PackageParser: Unknown element under <manifest>: attribution at /storage/emulated/0/Download/com.google.android.googlequicksearchbox_12.44.21.23.x86-301174977_minAPI23(x86)(nodpi)_apkmirror.com.apk Binary XML file line #550

05-20 15:08:12.351 19943 21181 W PackageParser: Unknown element under <manifest>: attribution at /storage/emulated/0/Download/com.google.android.googlequicksearchbox_12.44.21.23.x86-301174977_minAPI23(x86)(nodpi)_apkmirror.com.apk Binary XML file line #553

05-20 15:08:12.351 19943 21181 W PackageParser: Unknown element under <manifest>: attribution at /storage/emulated/0/Download/com.google.android.googlequicksearchbox_12.44.21.23.x86-301174977_minAPI23(x86)(nodpi)_apkmirror.com.apk Binary XML file line #556

05-20 15:08:12.351 19943 21181 W PackageParser: Unknown element under <manifest>: attribution at /storage/emulated/0/Download/com.google.android.googlequicksearchbox_12.44.21.23.x86-301174977_minAPI23(x86)(nodpi)_apkmirror.com.apk Binary XML file line #559

05-20 15:08:12.351 19943 21181 W PackageParser: Unknown element under <manifest>: attribution at /storage/emulated/0/Download/com.google.android.googlequicksearchbox_12.44.21.23.x86-301174977_minAPI23(x86)(nodpi)_apkmirror.com.apk Binary XML file line #562

05-20 15:08:12.351 19943 21181 W PackageParser: Unknown element under <manifest>: attribution at /storage/emulated/0/Download/com.google.android.googlequicksearchbox_12.44.21.23.x86-301174977_minAPI23(x86)(nodpi)_apkmirror.com.apk Binary XML file line #565

05-20 15:08:12.351 19943 21181 W PackageParser: Unknown element under <manifest>: attribution at /storage/emulated/0/Download/com.google.android.googlequicksearchbox_12.44.21.23.x86-301174977_minAPI23(x86)(nodpi)_apkmirror.com.apk Binary XML file line #568

05-20 15:08:12.351 19943 21181 W PackageParser: Unknown element under <manifest>: attribution at /storage/emulated/0/Download/com.google.android.googlequicksearchbox_12.44.21.23.x86-301174977_minAPI23(x86)(nodpi)_apkmirror.com.apk Binary XML file line #571

05-20 15:08:12.351 19943 21181 W PackageParser: Unknown element under <manifest>: attribution at /storage/emulated/0/Download/com.google.android.googlequicksearchbox_12.44.21.23.x86-301174977_minAPI23(x86)(nodpi)_apkmirror.com.apk Binary XML file line #574

05-20 15:08:12.351 19943 21181 W PackageParser: Unknown element under <manifest>: attribution at /storage/emulated/0/Download/com.google.android.googlequicksearchbox_12.44.21.23.x86-301174977_minAPI23(x86)(nodpi)_apkmirror.com.apk Binary XML file line #577

05-20 15:08:12.351 19943 21181 W PackageParser: Unknown element under <manifest>: attribution at /storage/emulated/0/Download/com.google.android.googlequicksearchbox_12.44.21.23.x86-301174977_minAPI23(x86)(nodpi)_apkmirror.com.apk Binary XML file line #580

05-20 15:08:12.351 19943 21181 W PackageParser: Unknown element under <manifest>: attribution at /storage/emulated/0/Download/com.google.android.googlequicksearchbox_12.44.21.23.x86-301174977_minAPI23(x86)(nodpi)_apkmirror.com.apk Binary XML file line #583

05-20 15:08:12.351 19943 21181 W PackageParser: Unknown element under <manifest>: attribution at /storage/emulated/0/Download/com.google.android.googlequicksearchbox_12.44.21.23.x86-301174977_minAPI23(x86)(nodpi)_apkmirror.com.apk Binary XML file line #586

05-20 15:08:12.351 19943 21181 W PackageParser: Unknown element under <manifest>: attribution at /storage/emulated/0/Download/com.google.android.googlequicksearchbox_12.44.21.23.x86-301174977_minAPI23(x86)(nodpi)_apkmirror.com.apk Binary XML file line #589

05-20 15:08:12.351 19943 21181 W PackageParser: Unknown element under <manifest>: attribution at /storage/emulated/0/Download/com.google.android.googlequicksearchbox_12.44.21.23.x86-301174977_minAPI23(x86)(nodpi)_apkmirror.com.apk Binary XML file line #592

05-20 15:08:12.351 19943 21181 W PackageParser: Unknown element under <manifest>: attribution at /storage/emulated/0/Download/com.google.android.googlequicksearchbox_12.44.21.23.x86-301174977_minAPI23(x86)(nodpi)_apkmirror.com.apk Binary XML file line #595

05-20 15:08:12.351 19943 21181 W PackageParser: Unknown element under <manifest>: attribution at /storage/emulated/0/Download/com.google.android.googlequicksearchbox_12.44.21.23.x86-301174977_minAPI23(x86)(nodpi)_apkmirror.com.apk Binary XML file line #598

05-20 15:08:12.351 19943 21181 W PackageParser: Unknown element under <manifest>: attribution at /storage/emulated/0/Download/com.google.android.googlequicksearchbox_12.44.21.23.x86-301174977_minAPI23(x86)(nodpi)_apkmirror.com.apk Binary XML file line #601

05-20 15:08:12.352 19943 21181 W PackageParser: Unknown element under <manifest>: attribution at /storage/emulated/0/Download/com.google.android.googlequicksearchbox_12.44.21.23.x86-301174977_minAPI23(x86)(nodpi)_apkmirror.com.apk Binary XML file line #604

05-20 15:08:12.352 19943 21181 W PackageParser: Unknown element under <manifest>: attribution at /storage/emulated/0/Download/com.google.android.googlequicksearchbox_12.44.21.23.x86-301174977_minAPI23(x86)(nodpi)_apkmirror.com.apk Binary XML file line #607

05-20 15:08:12.352 19943 21181 W PackageParser: Unknown element under <manifest>: attribution at /storage/emulated/0/Download/com.google.android.googlequicksearchbox_12.44.21.23.x86-301174977_minAPI23(x86)(nodpi)_apkmirror.com.apk Binary XML file line #610

05-20 15:08:12.352 19943 21181 W PackageParser: Unknown element under <manifest>: attribution at /storage/emulated/0/Download/com.google.android.googlequicksearchbox_12.44.21.23.x86-301174977_minAPI23(x86)(nodpi)_apkmirror.com.apk Binary XML file line #613

05-20 15:08:12.352 19943 21181 W PackageParser: Unknown element under <manifest>: attribution at /storage/emulated/0/Download/com.google.android.googlequicksearchbox_12.44.21.23.x86-301174977_minAPI23(x86)(nodpi)_apkmirror.com.apk Binary XML file line #616

05-20 15:08:12.352 19943 21181 W PackageParser: Unknown element under <manifest>: attribution at /storage/emulated/0/Download/com.google.android.googlequicksearchbox_12.44.21.23.x86-301174977_minAPI23(x86)(nodpi)_apkmirror.com.apk Binary XML file line #619

05-20 15:08:12.352 19943 21181 W PackageParser: Unknown element under <manifest>: attribution at /storage/emulated/0/Download/com.google.android.googlequicksearchbox_12.44.21.23.x86-301174977_minAPI23(x86)(nodpi)_apkmirror.com.apk Binary XML file line #622

05-20 15:08:12.352 19943 21181 W PackageParser: Unknown element under <manifest>: attribution at /storage/emulated/0/Download/com.google.android.googlequicksearchbox_12.44.21.23.x86-301174977_minAPI23(x86)(nodpi)_apkmirror.com.apk Binary XML file line #625

05-20 15:08:12.352 19943 21181 W PackageParser: Unknown element under <manifest>: attribution at /storage/emulated/0/Download/com.google.android.googlequicksearchbox_12.44.21.23.x86-301174977_minAPI23(x86)(nodpi)_apkmirror.com.apk Binary XML file line #628

05-20 15:08:12.352 19943 21181 W PackageParser: Unknown element under <manifest>: attribution at /storage/emulated/0/Download/com.google.android.googlequicksearchbox_12.44.21.23.x86-301174977_minAPI23(x86)(nodpi)_apkmirror.com.apk Binary XML file line #631

05-20 15:08:12.352 19943 21181 W PackageParser: Unknown element under <manifest>: attribution at /storage/emulated/0/Download/com.google.android.googlequicksearchbox_12.44.21.23.x86-301174977_minAPI23(x86)(nodpi)_apkmirror.com.apk Binary XML file line #634

05-20 15:08:12.352 19943 21181 W PackageParser: Unknown element under <manifest>: attribution at /storage/emulated/0/Download/com.google.android.googlequicksearchbox_12.44.21.23.x86-301174977_minAPI23(x86)(nodpi)_apkmirror.com.apk Binary XML file line #637

05-20 15:08:12.352 19943 21181 W PackageParser: Unknown element under <manifest>: attribution at /storage/emulated/0/Download/com.google.android.googlequicksearchbox_12.44.21.23.x86-301174977_minAPI23(x86)(nodpi)_apkmirror.com.apk Binary XML file line #640

05-20 15:08:12.352 19943 21181 W PackageParser: Unknown element under <manifest>: attribution at /storage/emulated/0/Download/com.google.android.googlequicksearchbox_12.44.21.23.x86-301174977_minAPI23(x86)(nodpi)_apkmirror.com.apk Binary XML file line #643

05-20 15:08:12.352 19943 21181 W PackageParser: Unknown element under <manifest>: attribution at /storage/emulated/0/Download/com.google.android.googlequicksearchbox_12.44.21.23.x86-301174977_minAPI23(x86)(nodpi)_apkmirror.com.apk Binary XML file line #646

05-20 15:08:12.352 19943 21181 W PackageParser: Unknown element under <manifest>: attribution at /storage/emulated/0/Download/com.google.android.googlequicksearchbox_12.44.21.23.x86-301174977_minAPI23(x86)(nodpi)_apkmirror.com.apk Binary XML file line #649

05-20 15:08:12.352 19943 21181 W PackageParser: Unknown element under <manifest>: attribution at /storage/emulated/0/Download/com.google.android.googlequicksearchbox_12.44.21.23.x86-301174977_minAPI23(x86)(nodpi)_apkmirror.com.apk Binary XML file line #652

05-20 15:08:12.352 19943 21181 W PackageParser: Unknown element under <manifest>: attribution at /storage/emulated/0/Download/com.google.android.googlequicksearchbox_12.44.21.23.x86-301174977_minAPI23(x86)(nodpi)_apkmirror.com.apk Binary XML file line #655

05-20 15:08:12.352 19943 21181 W PackageParser: Unknown element under <manifest>: attribution at /storage/emulated/0/Download/com.google.android.googlequicksearchbox_12.44.21.23.x86-301174977_minAPI23(x86)(nodpi)_apkmirror.com.apk Binary XML file line #658

05-20 15:08:12.352 19943 21181 W PackageParser: Unknown element under <manifest>: attribution at /storage/emulated/0/Download/com.google.android.googlequicksearchbox_12.44.21.23.x86-301174977_minAPI23(x86)(nodpi)_apkmirror.com.apk Binary XML file line #661

05-20 15:08:12.352 19943 21181 W PackageParser: Unknown element under <manifest>: attribution at /storage/emulated/0/Download/com.google.android.googlequicksearchbox_12.44.21.23.x86-301174977_minAPI23(x86)(nodpi)_apkmirror.com.apk Binary XML file line #664

05-20 15:08:12.352 19943 21181 W PackageParser: Unknown element under <manifest>: attribution at /storage/emulated/0/Download/com.google.android.googlequicksearchbox_12.44.21.23.x86-301174977_minAPI23(x86)(nodpi)_apkmirror.com.apk Binary XML file line #667

05-20 15:08:12.352 19943 21181 W PackageParser: Unknown element under <manifest>: attribution at /storage/emulated/0/Download/com.google.android.googlequicksearchbox_12.44.21.23.x86-301174977_minAPI23(x86)(nodpi)_apkmirror.com.apk Binary XML file line #670

05-20 15:08:12.352 19943 21181 W PackageParser: Unknown element under <manifest>: attribution at /storage/emulated/0/Download/com.google.android.googlequicksearchbox_12.44.21.23.x86-301174977_minAPI23(x86)(nodpi)_apkmirror.com.apk Binary XML file line #673

05-20 15:08:12.352 19943 21181 W PackageParser: Unknown element under <manifest>: attribution at /storage/emulated/0/Download/com.google.android.googlequicksearchbox_12.44.21.23.x86-301174977_minAPI23(x86)(nodpi)_apkmirror.com.apk Binary XML file line #676

05-20 15:08:12.352 19943 21181 W PackageParser: Unknown element under <manifest>: attribution at /storage/emulated/0/Download/com.google.android.googlequicksearchbox_12.44.21.23.x86-301174977_minAPI23(x86)(nodpi)_apkmirror.com.apk Binary XML file line #679

05-20 15:08:12.352 19943 21181 W PackageParser: Unknown element under <manifest>: attribution at /storage/emulated/0/Download/com.google.android.googlequicksearchbox_12.44.21.23.x86-301174977_minAPI23(x86)(nodpi)_apkmirror.com.apk Binary XML file line #682

05-20 15:08:12.352 19943 21181 W PackageParser: Unknown element under <manifest>: attribution at /storage/emulated/0/Download/com.google.android.googlequicksearchbox_12.44.21.23.x86-301174977_minAPI23(x86)(nodpi)_apkmirror.com.apk Binary XML file line #685

05-20 15:08:12.352 19943 21181 W PackageParser: Unknown element under <manifest>: attribution at /storage/emulated/0/Download/com.google.android.googlequicksearchbox_12.44.21.23.x86-301174977_minAPI23(x86)(nodpi)_apkmirror.com.apk Binary XML file line #688

05-20 15:08:12.352 19943 21181 W PackageParser: Unknown element under <manifest>: attribution at /storage/emulated/0/Download/com.google.android.googlequicksearchbox_12.44.21.23.x86-301174977_minAPI23(x86)(nodpi)_apkmirror.com.apk Binary XML file line #691

05-20 15:08:12.352 19943 21181 W PackageParser: Unknown element under <manifest>: attribution at /storage/emulated/0/Download/com.google.android.googlequicksearchbox_12.44.21.23.x86-301174977_minAPI23(x86)(nodpi)_apkmirror.com.apk Binary XML file line #694

05-20 15:08:12.377 19943 21181 W PackageParser: No actions in intent filter at /storage/emulated/0/Download/com.google.android.googlequicksearchbox_12.44.21.23.x86-301174977_minAPI23(x86)(nodpi)_apkmirror.com.apk Binary XML file line #2137

05-20 15:08:12.377 19943 21181 W PackageParser: No actions in intent filter at /storage/emulated/0/Download/com.google.android.googlequicksearchbox_12.44.21.23.x86-301174977_minAPI23(x86)(nodpi)_apkmirror.com.apk Binary XML file line #2148

05-20 15:08:12.380   441   441 V NotificationService: pkg=com.android.documentsui canInterrupt=false intercept=true

05-20 15:08:13.381   441   441 V NotificationService: pkg=com.android.documentsui canInterrupt=false intercept=true

05-20 15:08:14.385   441   441 V NotificationService: pkg=com.android.documentsui canInterrupt=false intercept=true

05-20 15:08:15.383   441   441 V NotificationService: pkg=com.android.documentsui canInterrupt=false intercept=true

05-20 15:08:16.384   441   441 V NotificationService: pkg=com.android.documentsui canInterrupt=false intercept=true

05-20 15:08:17.388   441   441 V NotificationService: pkg=com.android.documentsui canInterrupt=false intercept=true

05-20 15:08:18.388   441   441 V NotificationService: pkg=com.android.documentsui canInterrupt=false intercept=true

05-20 15:08:19.390   441   441 V NotificationService: pkg=com.android.documentsui canInterrupt=false intercept=true

05-20 15:08:20.390   441   441 V NotificationService: pkg=com.android.documentsui canInterrupt=false intercept=true

05-20 15:08:21.393   441   441 V NotificationService: pkg=com.android.documentsui canInterrupt=false intercept=true

05-20 15:08:22.392   441   441 V NotificationService: pkg=com.android.documentsui canInterrupt=false intercept=true

05-20 15:08:23.420   441   441 V NotificationService: pkg=com.android.documentsui canInterrupt=false intercept=true

05-20 15:08:29.417   169   183 W vold    : PublicVolume::doUnmount: keenon wugt: doUnmount

05-20 15:08:29.417   441   595 D VoldConnector: RCV <- {651 public:8,1 5}

05-20 15:08:29.419   441   594 D MountService: Volume public:8,1 broadcasting ejecting to UserHandle{0}

05-20 15:08:29.429 20577 20577 D NTFS-3G : Unmounting /dev/block/vold/public:8,1 ()

05-20 15:08:29.458   441   441 D ZenLog  : intercepted: -1|com.android.systemui|1397773634|public:8,1|10013,alarmsOnly

05-20 15:08:29.459   441   441 V NotificationService: pkg=com.android.systemui canInterrupt=false intercept=true

05-20 15:08:29.642   441   595 D VoldConnector: RCV <- {651 public:8,1 0}

05-20 15:08:29.642   441   595 D VoldConnector: RCV <- {651 public:8,1 8}

05-20 15:08:29.642   441   595 D VoldConnector: RCV <- {659 public:8,1}

05-20 15:08:29.642   441   595 D VoldConnector: RCV <- {649 disk:8,0}

05-20 15:08:29.643   441   594 D MountService: Volume public:8,1 broadcasting unmounted to UserHandle{0}

05-20 15:08:29.643   441   594 D MountService: Volume public:8,1 broadcasting bad_removal to UserHandle{0}

05-20 15:08:30.763   441   470 I ActivityManager: START u0 {act=android.intent.action.VIEW cat=[android.intent.category.DEFAULT] dat=file:///storage/emulated/0/Download/app-debug (6).apk typ=application/vnd.android.package-archive flg=0x10000000 cmp=com.android.packageinstaller/.PackageInstallerActivity (has extras)} from uid 10041 on display 0

05-20 15:08:31.347   441  1869 I ActivityManager: START u0 {dat=file:///storage/emulated/0/Download/app-debug (6).apk cmp=com.android.packageinstaller/.InstallAppProgress (has extras)} from uid 10009 on display 0

05-20 15:08:31.474  6563  6574 D DefContainer: Copying /storage/emulated/0/Download/app-debug (6).apk to base.apk

05-20 15:08:49.037   441   569 W PackageManager: Package com.keenon.peanut.sample attempting to redeclare system permission android.permission.INTERNET; ignoring new declaration

05-20 15:09:08.875   441   569 D PackageManager: permsSize=android.permission.INTERNET

05-20 15:09:08.875   441   569 D PackageManager: --- grant permission android.permission.INTERNET to package com.keenon.peanut.sample

05-20 15:09:08.875   441   569 D PackageManager: permsSize=android.permission.WRITE_EXTERNAL_STORAGE

05-20 15:09:08.875   441   569 D PackageManager: --- grant permission android.permission.WRITE_EXTERNAL_STORAGE to package com.keenon.peanut.sample

05-20 15:09:08.875   441   569 D PackageManager: permsSize=android.permission.READ_EXTERNAL_STORAGE

05-20 15:09:08.875   441   569 D PackageManager: --- grant permission android.permission.READ_EXTERNAL_STORAGE to package com.keenon.peanut.sample

05-20 15:09:08.875   441   569 D PackageManager: permsSize=android.permission.ACCESS_NETWORK_STATE

05-20 15:09:08.875   441   569 D PackageManager: --- grant permission android.permission.ACCESS_NETWORK_STATE to package com.keenon.peanut.sample

05-20 15:09:08.875   441   569 D PackageManager: permsSize=android.permission.READ_PHONE_STATE

05-20 15:09:08.875   441   569 D PackageManager: --- grant permission android.permission.READ_PHONE_STATE to package com.keenon.peanut.sample

05-20 15:09:08.875   441   569 D PackageManager: permsSize=android.permission.RECORD_AUDIO

05-20 15:09:08.875   441   569 D PackageManager: --- grant permission android.permission.RECORD_AUDIO to package com.keenon.peanut.sample

05-20 15:09:08.875   441   569 D PackageManager: permsSize=android.permission.ACCESS_WIFI_STATE

05-20 15:09:08.875   441   569 D PackageManager: --- grant permission android.permission.ACCESS_WIFI_STATE to package com.keenon.peanut.sample

05-20 15:09:08.875   441   569 D PackageManager: permsSize=android.permission.FOREGROUND_SERVICE

05-20 15:09:08.875   441   569 D PackageManager: permsSize=android.permission.RECEIVE_BOOT_COMPLETED

05-20 15:09:08.876   441   569 D PackageManager: --- grant permission android.permission.RECEIVE_BOOT_COMPLETED to package com.keenon.peanut.sample

05-20 15:09:08.876   441   569 D PackageManager: permsSize=android.permission.CAMERA

05-20 15:09:08.876   441   569 D PackageManager: --- grant permission android.permission.CAMERA to package com.keenon.peanut.sample

05-20 15:09:08.876   441   569 W PackageManager: Unknown permission android.permission.FOREGROUND_SERVICE in package com.keenon.peanut.sample

05-20 15:09:08.990   441   569 V BackupManagerService: restoreAtInstall pkg=com.keenon.peanut.sample token=2 restoreSet=0

05-20 15:09:09.042   441   569 W BackupManagerService: Requested unavailable transport: android/com.android.internal.backup.LocalTransport

05-20 15:09:09.042   441   569 W BackupManagerService: No transport

05-20 15:09:09.042   441   569 V BackupManagerService: Finishing install immediately

05-20 15:09:09.151   441   469 I ActivityManager: START u0 {act=android.intent.action.MAIN cat=[android.intent.category.LAUNCHER] flg=0x10000000 pkg=com.keenon.peanut.sample cmp=com.keenon.peanut.sample/com.keenon.peanut.supermarket.SupermarketActivity} from uid 10009 on display 0

05-20 15:09:09.189   441   470 I ActivityManager: Start proc 21519:com.keenon.peanut.sample/u0a81 for activity com.keenon.peanut.sample/com.keenon.peanut.supermarket.SupermarketActivity

05-20 15:09:09.441   441   555 D WindowStateAnimator: rk_debug2 Starting com.keenon.peanut.sample_Force_To_Dual

05-20 15:09:09.693   441   534 W VoiceInteractionManagerService: no available voice recognition services found for user 0

05-20 15:09:10.246   441  3076 W WindowManager: Attempted to add window with non-application token WindowToken{45c38de null}.  Aborting.

05-20 15:09:11.528   441   592 I ActivityManager: START u0 {act=android.intent.action.MAIN cat=[android.intent.category.HOME] flg=0x10200000 cmp=com.keenon.launcher/.LauncherActivity (has extras)} from uid 1000 on display 0

05-20 15:09:11.591   668   668 W ContextImpl: Calling a method in the system process without a qualified user: android.app.ContextImpl.sendBroadcast:763 android.content.ContextWrapper.sendBroadcast:396 android.content.ContextWrapper.sendBroadcast:396 com.keenon.component.core.base.BaseActivity.sendBroadcast:152 com.keenon.peanut.core.utils.vender.KeenonRk3288Manager.setStatusBar:25 

05-20 15:09:12.680   668   668 W ContextImpl: Calling a method in the system process without a qualified user: android.app.ContextImpl.startActivity:658 android.content.ContextWrapper.startActivity:331 com.keenon.launcher.common.utils.CommonUtil.openApp:82 com.keenon.launcher.common.utils.CommonUtil.openApp:74 com.keenon.launcher.helper.LauncherViewManager.onOpenApp:69 

05-20 15:09:12.680   668   668 W ContextImpl: Calling a method in the system process without a qualified user: android.app.ContextImpl.startActivity:670 android.app.ContextImpl.startActivity:659 android.content.ContextWrapper.startActivity:331 com.keenon.launcher.common.utils.CommonUtil.openApp:82 com.keenon.launcher.common.utils.CommonUtil.openApp:74 

05-20 15:09:12.681   441   990 I ActivityManager: START u0 {flg=0x10000000 cmp=ru.zdevs.zarchiver.pro/.ZArchiver (has extras)} from uid 1000 on display 0

05-20 15:09:13.019 19943 21618 W PackageParser: Unknown element under <manifest>: attribution at /storage/emulated/0/Download/com.google.android.googlequicksearchbox_12.44.21.23.x86-301174977_minAPI23(x86)(nodpi)_apkmirror.com.apk Binary XML file line #480

05-20 15:09:13.019 19943 21618 W PackageParser: Unknown element under <manifest>: attribution at /storage/emulated/0/Download/com.google.android.googlequicksearchbox_12.44.21.23.x86-301174977_minAPI23(x86)(nodpi)_apkmirror.com.apk Binary XML file line #491

05-20 15:09:13.019 19943 21618 W PackageParser: Unknown element under <manifest>: attribution at /storage/emulated/0/Download/com.google.android.googlequicksearchbox_12.44.21.23.x86-301174977_minAPI23(x86)(nodpi)_apkmirror.com.apk Binary XML file line #502

05-20 15:09:13.019 19943 21618 W PackageParser: Unknown element under <manifest>: attribution at /storage/emulated/0/Download/com.google.android.googlequicksearchbox_12.44.21.23.x86-301174977_minAPI23(x86)(nodpi)_apkmirror.com.apk Binary XML file line #505

05-20 15:09:13.019 19943 21618 W PackageParser: Unknown element under <manifest>: attribution at /storage/emulated/0/Download/com.google.android.googlequicksearchbox_12.44.21.23.x86-301174977_minAPI23(x86)(nodpi)_apkmirror.com.apk Binary XML file line #508

05-20 15:09:13.019 19943 21618 W PackageParser: Unknown element under <manifest>: attribution at /storage/emulated/0/Download/com.google.android.googlequicksearchbox_12.44.21.23.x86-301174977_minAPI23(x86)(nodpi)_apkmirror.com.apk Binary XML file line #511

05-20 15:09:13.019 19943 21618 W PackageParser: Unknown element under <manifest>: attribution at /storage/emulated/0/Download/com.google.android.googlequicksearchbox_12.44.21.23.x86-301174977_minAPI23(x86)(nodpi)_apkmirror.com.apk Binary XML file line #514

05-20 15:09:13.019 19943 21618 W PackageParser: Unknown element under <manifest>: attribution at /storage/emulated/0/Download/com.google.android.googlequicksearchbox_12.44.21.23.x86-301174977_minAPI23(x86)(nodpi)_apkmirror.com.apk Binary XML file line #517

05-20 15:09:13.020 19943 21618 W PackageParser: Unknown element under <manifest>: attribution at /storage/emulated/0/Download/com.google.android.googlequicksearchbox_12.44.21.23.x86-301174977_minAPI23(x86)(nodpi)_apkmirror.com.apk Binary XML file line #520

05-20 15:09:13.020 19943 21618 W PackageParser: Unknown element under <manifest>: attribution at /storage/emulated/0/Download/com.google.android.googlequicksearchbox_12.44.21.23.x86-301174977_minAPI23(x86)(nodpi)_apkmirror.com.apk Binary XML file line #523

05-20 15:09:13.020 19943 21618 W PackageParser: Unknown element under <manifest>: attribution at /storage/emulated/0/Download/com.google.android.googlequicksearchbox_12.44.21.23.x86-301174977_minAPI23(x86)(nodpi)_apkmirror.com.apk Binary XML file line #526

05-20 15:09:13.020 19943 21618 W PackageParser: Unknown element under <manifest>: attribution at /storage/emulated/0/Download/com.google.android.googlequicksearchbox_12.44.21.23.x86-301174977_minAPI23(x86)(nodpi)_apkmirror.com.apk Binary XML file line #529

05-20 15:09:13.020 19943 21618 W PackageParser: Unknown element under <manifest>: attribution at /storage/emulated/0/Download/com.google.android.googlequicksearchbox_12.44.21.23.x86-301174977_minAPI23(x86)(nodpi)_apkmirror.com.apk Binary XML file line #532

05-20 15:09:13.020 19943 21618 W PackageParser: Unknown element under <manifest>: attribution at /storage/emulated/0/Download/com.google.android.googlequicksearchbox_12.44.21.23.x86-301174977_minAPI23(x86)(nodpi)_apkmirror.com.apk Binary XML file line #535

05-20 15:09:13.020 19943 21618 W PackageParser: Unknown element under <manifest>: attribution at /storage/emulated/0/Download/com.google.android.googlequicksearchbox_12.44.21.23.x86-301174977_minAPI23(x86)(nodpi)_apkmirror.com.apk Binary XML file line #538

05-20 15:09:13.020 19943 21618 W PackageParser: Unknown element under <manifest>: attribution at /storage/emulated/0/Download/com.google.android.googlequicksearchbox_12.44.21.23.x86-301174977_minAPI23(x86)(nodpi)_apkmirror.com.apk Binary XML file line #541

05-20 15:09:13.020 19943 21618 W PackageParser: Unknown element under <manifest>: attribution at /storage/emulated/0/Download/com.google.android.googlequicksearchbox_12.44.21.23.x86-301174977_minAPI23(x86)(nodpi)_apkmirror.com.apk Binary XML file line #544

05-20 15:09:13.020 19943 21618 W PackageParser: Unknown element under <manifest>: attribution at /storage/emulated/0/Download/com.google.android.googlequicksearchbox_12.44.21.23.x86-301174977_minAPI23(x86)(nodpi)_apkmirror.com.apk Binary XML file line #547

05-20 15:09:13.020 19943 21618 W PackageParser: Unknown element under <manifest>: attribution at /storage/emulated/0/Download/com.google.android.googlequicksearchbox_12.44.21.23.x86-301174977_minAPI23(x86)(nodpi)_apkmirror.com.apk Binary XML file line #550

05-20 15:09:13.020 19943 21618 W PackageParser: Unknown element under <manifest>: attribution at /storage/emulated/0/Download/com.google.android.googlequicksearchbox_12.44.21.23.x86-301174977_minAPI23(x86)(nodpi)_apkmirror.com.apk Binary XML file line #553

05-20 15:09:13.020 19943 21618 W PackageParser: Unknown element under <manifest>: attribution at /storage/emulated/0/Download/com.google.android.googlequicksearchbox_12.44.21.23.x86-301174977_minAPI23(x86)(nodpi)_apkmirror.com.apk Binary XML file line #556

05-20 15:09:13.020 19943 21618 W PackageParser: Unknown element under <manifest>: attribution at /storage/emulated/0/Download/com.google.android.googlequicksearchbox_12.44.21.23.x86-301174977_minAPI23(x86)(nodpi)_apkmirror.com.apk Binary XML file line #559

05-20 15:09:13.020 19943 21618 W PackageParser: Unknown element under <manifest>: attribution at /storage/emulated/0/Download/com.google.android.googlequicksearchbox_12.44.21.23.x86-301174977_minAPI23(x86)(nodpi)_apkmirror.com.apk Binary XML file line #562

05-20 15:09:13.020 19943 21618 W PackageParser: Unknown element under <manifest>: attribution at /storage/emulated/0/Download/com.google.android.googlequicksearchbox_12.44.21.23.x86-301174977_minAPI23(x86)(nodpi)_apkmirror.com.apk Binary XML file line #565

05-20 15:09:13.020 19943 21618 W PackageParser: Unknown element under <manifest>: attribution at /storage/emulated/0/Download/com.google.android.googlequicksearchbox_12.44.21.23.x86-301174977_minAPI23(x86)(nodpi)_apkmirror.com.apk Binary XML file line #568

05-20 15:09:13.020 19943 21618 W PackageParser: Unknown element under <manifest>: attribution at /storage/emulated/0/Download/com.google.android.googlequicksearchbox_12.44.21.23.x86-301174977_minAPI23(x86)(nodpi)_apkmirror.com.apk Binary XML file line #571

05-20 15:09:13.020 19943 21618 W PackageParser: Unknown element under <manifest>: attribution at /storage/emulated/0/Download/com.google.android.googlequicksearchbox_12.44.21.23.x86-301174977_minAPI23(x86)(nodpi)_apkmirror.com.apk Binary XML file line #574

05-20 15:09:13.020 19943 21618 W PackageParser: Unknown element under <manifest>: attribution at /storage/emulated/0/Download/com.google.android.googlequicksearchbox_12.44.21.23.x86-301174977_minAPI23(x86)(nodpi)_apkmirror.com.apk Binary XML file line #577

05-20 15:09:13.020 19943 21618 W PackageParser: Unknown element under <manifest>: attribution at /storage/emulated/0/Download/com.google.android.googlequicksearchbox_12.44.21.23.x86-301174977_minAPI23(x86)(nodpi)_apkmirror.com.apk Binary XML file line #580

05-20 15:09:13.020 19943 21618 W PackageParser: Unknown element under <manifest>: attribution at /storage/emulated/0/Download/com.google.android.googlequicksearchbox_12.44.21.23.x86-301174977_minAPI23(x86)(nodpi)_apkmirror.com.apk Binary XML file line #583

05-20 15:09:13.020 19943 21618 W PackageParser: Unknown element under <manifest>: attribution at /storage/emulated/0/Download/com.google.android.googlequicksearchbox_12.44.21.23.x86-301174977_minAPI23(x86)(nodpi)_apkmirror.com.apk Binary XML file line #586

05-20 15:09:13.020 19943 21618 W PackageParser: Unknown element under <manifest>: attribution at /storage/emulated/0/Download/com.google.android.googlequicksearchbox_12.44.21.23.x86-301174977_minAPI23(x86)(nodpi)_apkmirror.com.apk Binary XML file line #589

05-20 15:09:13.020 19943 21618 W PackageParser: Unknown element under <manifest>: attribution at /storage/emulated/0/Download/com.google.android.googlequicksearchbox_12.44.21.23.x86-301174977_minAPI23(x86)(nodpi)_apkmirror.com.apk Binary XML file line #592

05-20 15:09:13.020 19943 21618 W PackageParser: Unknown element under <manifest>: attribution at /storage/emulated/0/Download/com.google.android.googlequicksearchbox_12.44.21.23.x86-301174977_minAPI23(x86)(nodpi)_apkmirror.com.apk Binary XML file line #595

05-20 15:09:13.020 19943 21618 W PackageParser: Unknown element under <manifest>: attribution at /storage/emulated/0/Download/com.google.android.googlequicksearchbox_12.44.21.23.x86-301174977_minAPI23(x86)(nodpi)_apkmirror.com.apk Binary XML file line #598

05-20 15:09:13.021 19943 21618 W PackageParser: Unknown element under <manifest>: attribution at /storage/emulated/0/Download/com.google.android.googlequicksearchbox_12.44.21.23.x86-301174977_minAPI23(x86)(nodpi)_apkmirror.com.apk Binary XML file line #601

05-20 15:09:13.021 19943 21618 W PackageParser: Unknown element under <manifest>: attribution at /storage/emulated/0/Download/com.google.android.googlequicksearchbox_12.44.21.23.x86-301174977_minAPI23(x86)(nodpi)_apkmirror.com.apk Binary XML file line #604

05-20 15:09:13.021 19943 21618 W PackageParser: Unknown element under <manifest>: attribution at /storage/emulated/0/Download/com.google.android.googlequicksearchbox_12.44.21.23.x86-301174977_minAPI23(x86)(nodpi)_apkmirror.com.apk Binary XML file line #607

05-20 15:09:13.021 19943 21618 W PackageParser: Unknown element under <manifest>: attribution at /storage/emulated/0/Download/com.google.android.googlequicksearchbox_12.44.21.23.x86-301174977_minAPI23(x86)(nodpi)_apkmirror.com.apk Binary XML file line #610

05-20 15:09:13.021 19943 21618 W PackageParser: Unknown element under <manifest>: attribution at /storage/emulated/0/Download/com.google.android.googlequicksearchbox_12.44.21.23.x86-301174977_minAPI23(x86)(nodpi)_apkmirror.com.apk Binary XML file line #613

05-20 15:09:13.021 19943 21618 W PackageParser: Unknown element under <manifest>: attribution at /storage/emulated/0/Download/com.google.android.googlequicksearchbox_12.44.21.23.x86-301174977_minAPI23(x86)(nodpi)_apkmirror.com.apk Binary XML file line #616

05-20 15:09:13.021 19943 21618 W PackageParser: Unknown element under <manifest>: attribution at /storage/emulated/0/Download/com.google.android.googlequicksearchbox_12.44.21.23.x86-301174977_minAPI23(x86)(nodpi)_apkmirror.com.apk Binary XML file line #619

05-20 15:09:13.021 19943 21618 W PackageParser: Unknown element under <manifest>: attribution at /storage/emulated/0/Download/com.google.android.googlequicksearchbox_12.44.21.23.x86-301174977_minAPI23(x86)(nodpi)_apkmirror.com.apk Binary XML file line #622

05-20 15:09:13.021 19943 21618 W PackageParser: Unknown element under <manifest>: attribution at /storage/emulated/0/Download/com.google.android.googlequicksearchbox_12.44.21.23.x86-301174977_minAPI23(x86)(nodpi)_apkmirror.com.apk Binary XML file line #625

05-20 15:09:13.021 19943 21618 W PackageParser: Unknown element under <manifest>: attribution at /storage/emulated/0/Download/com.google.android.googlequicksearchbox_12.44.21.23.x86-301174977_minAPI23(x86)(nodpi)_apkmirror.com.apk Binary XML file line #628

05-20 15:09:13.021 19943 21618 W PackageParser: Unknown element under <manifest>: attribution at /storage/emulated/0/Download/com.google.android.googlequicksearchbox_12.44.21.23.x86-301174977_minAPI23(x86)(nodpi)_apkmirror.com.apk Binary XML file line #631

05-20 15:09:13.021 19943 21618 W PackageParser: Unknown element under <manifest>: attribution at /storage/emulated/0/Download/com.google.android.googlequicksearchbox_12.44.21.23.x86-301174977_minAPI23(x86)(nodpi)_apkmirror.com.apk Binary XML file line #634

05-20 15:09:13.021 19943 21618 W PackageParser: Unknown element under <manifest>: attribution at /storage/emulated/0/Download/com.google.android.googlequicksearchbox_12.44.21.23.x86-301174977_minAPI23(x86)(nodpi)_apkmirror.com.apk Binary XML file line #637

05-20 15:09:13.021 19943 21618 W PackageParser: Unknown element under <manifest>: attribution at /storage/emulated/0/Download/com.google.android.googlequicksearchbox_12.44.21.23.x86-301174977_minAPI23(x86)(nodpi)_apkmirror.com.apk Binary XML file line #640

05-20 15:09:13.021 19943 21618 W PackageParser: Unknown element under <manifest>: attribution at /storage/emulated/0/Download/com.google.android.googlequicksearchbox_12.44.21.23.x86-301174977_minAPI23(x86)(nodpi)_apkmirror.com.apk Binary XML file line #643

05-20 15:09:13.021 19943 21618 W PackageParser: Unknown element under <manifest>: attribution at /storage/emulated/0/Download/com.google.android.googlequicksearchbox_12.44.21.23.x86-301174977_minAPI23(x86)(nodpi)_apkmirror.com.apk Binary XML file line #646

05-20 15:09:13.021 19943 21618 W PackageParser: Unknown element under <manifest>: attribution at /storage/emulated/0/Download/com.google.android.googlequicksearchbox_12.44.21.23.x86-301174977_minAPI23(x86)(nodpi)_apkmirror.com.apk Binary XML file line #649

05-20 15:09:13.021 19943 21618 W PackageParser: Unknown element under <manifest>: attribution at /storage/emulated/0/Download/com.google.android.googlequicksearchbox_12.44.21.23.x86-301174977_minAPI23(x86)(nodpi)_apkmirror.com.apk Binary XML file line #652

05-20 15:09:13.021 19943 21618 W PackageParser: Unknown element under <manifest>: attribution at /storage/emulated/0/Download/com.google.android.googlequicksearchbox_12.44.21.23.x86-301174977_minAPI23(x86)(nodpi)_apkmirror.com.apk Binary XML file line #655

05-20 15:09:13.021 19943 21618 W PackageParser: Unknown element under <manifest>: attribution at /storage/emulated/0/Download/com.google.android.googlequicksearchbox_12.44.21.23.x86-301174977_minAPI23(x86)(nodpi)_apkmirror.com.apk Binary XML file line #658

05-20 15:09:13.021 19943 21618 W PackageParser: Unknown element under <manifest>: attribution at /storage/emulated/0/Download/com.google.android.googlequicksearchbox_12.44.21.23.x86-301174977_minAPI23(x86)(nodpi)_apkmirror.com.apk Binary XML file line #661

05-20 15:09:13.021 19943 21618 W PackageParser: Unknown element under <manifest>: attribution at /storage/emulated/0/Download/com.google.android.googlequicksearchbox_12.44.21.23.x86-301174977_minAPI23(x86)(nodpi)_apkmirror.com.apk Binary XML file line #664

05-20 15:09:13.021 19943 21618 W PackageParser: Unknown element under <manifest>: attribution at /storage/emulated/0/Download/com.google.android.googlequicksearchbox_12.44.21.23.x86-301174977_minAPI23(x86)(nodpi)_apkmirror.com.apk Binary XML file line #667

05-20 15:09:13.021 19943 21618 W PackageParser: Unknown element under <manifest>: attribution at /storage/emulated/0/Download/com.google.android.googlequicksearchbox_12.44.21.23.x86-301174977_minAPI23(x86)(nodpi)_apkmirror.com.apk Binary XML file line #670

05-20 15:09:13.021 19943 21618 W PackageParser: Unknown element under <manifest>: attribution at /storage/emulated/0/Download/com.google.android.googlequicksearchbox_12.44.21.23.x86-301174977_minAPI23(x86)(nodpi)_apkmirror.com.apk Binary XML file line #673

05-20 15:09:13.021 19943 21618 W PackageParser: Unknown element under <manifest>: attribution at /storage/emulated/0/Download/com.google.android.googlequicksearchbox_12.44.21.23.x86-301174977_minAPI23(x86)(nodpi)_apkmirror.com.apk Binary XML file line #676

05-20 15:09:13.021 19943 21618 W PackageParser: Unknown element under <manifest>: attribution at /storage/emulated/0/Download/com.google.android.googlequicksearchbox_12.44.21.23.x86-301174977_minAPI23(x86)(nodpi)_apkmirror.com.apk Binary XML file line #679

05-20 15:09:13.022 19943 21618 W PackageParser: Unknown element under <manifest>: attribution at /storage/emulated/0/Download/com.google.android.googlequicksearchbox_12.44.21.23.x86-301174977_minAPI23(x86)(nodpi)_apkmirror.com.apk Binary XML file line #682

05-20 15:09:13.022 19943 21618 W PackageParser: Unknown element under <manifest>: attribution at /storage/emulated/0/Download/com.google.android.googlequicksearchbox_12.44.21.23.x86-301174977_minAPI23(x86)(nodpi)_apkmirror.com.apk Binary XML file line #685

05-20 15:09:13.022 19943 21618 W PackageParser: Unknown element under <manifest>: attribution at /storage/emulated/0/Download/com.google.android.googlequicksearchbox_12.44.21.23.x86-301174977_minAPI23(x86)(nodpi)_apkmirror.com.apk Binary XML file line #688

05-20 15:09:13.022 19943 21618 W PackageParser: Unknown element under <manifest>: attribution at /storage/emulated/0/Download/com.google.android.googlequicksearchbox_12.44.21.23.x86-301174977_minAPI23(x86)(nodpi)_apkmirror.com.apk Binary XML file line #691

05-20 15:09:13.022 19943 21618 W PackageParser: Unknown element under <manifest>: attribution at /storage/emulated/0/Download/com.google.android.googlequicksearchbox_12.44.21.23.x86-301174977_minAPI23(x86)(nodpi)_apkmirror.com.apk Binary XML file line #694

05-20 15:09:13.040 19943 21618 W PackageParser: No actions in intent filter at /storage/emulated/0/Download/com.google.android.googlequicksearchbox_12.44.21.23.x86-301174977_minAPI23(x86)(nodpi)_apkmirror.com.apk Binary XML file line #2137

05-20 15:09:13.040 19943 21618 W PackageParser: No actions in intent filter at /storage/emulated/0/Download/com.google.android.googlequicksearchbox_12.44.21.23.x86-301174977_minAPI23(x86)(nodpi)_apkmirror.com.apk Binary XML file line #2148

05-20 15:09:26.363   441   592 I ActivityManager: START u0 {act=android.intent.action.MAIN cat=[android.intent.category.HOME] flg=0x10200000 cmp=com.keenon.launcher/.LauncherActivity (has extras)} from uid 1000 on display 0

05-20 15:09:26.423   668   668 W ContextImpl: Calling a method in the system process without a qualified user: android.app.ContextImpl.sendBroadcast:763 android.content.ContextWrapper.sendBroadcast:396 android.content.ContextWrapper.sendBroadcast:396 com.keenon.component.core.base.BaseActivity.sendBroadcast:152 com.keenon.peanut.core.utils.vender.KeenonRk3288Manager.setStatusBar:25 

05-20 15:09:28.385   668   668 W ContextImpl: Calling a method in the system process without a qualified user: android.app.ContextImpl.startActivity:658 android.content.ContextWrapper.startActivity:331 com.keenon.launcher.common.utils.CommonUtil.openApp:82 com.keenon.launcher.common.utils.CommonUtil.openApp:74 com.keenon.launcher.helper.LauncherViewManager.onOpenApp:69 

05-20 15:09:28.385   668   668 W ContextImpl: Calling a method in the system process without a qualified user: android.app.ContextImpl.startActivity:670 android.app.ContextImpl.startActivity:659 android.content.ContextWrapper.startActivity:331 com.keenon.launcher.common.utils.CommonUtil.openApp:82 com.keenon.launcher.common.utils.CommonUtil.openApp:74 

05-20 15:09:28.386   441  5637 I ActivityManager: START u0 {flg=0x10000000 cmp=ru.zdevs.zarchiver.pro/.ZArchiver (has extras)} from uid 1000 on display 0

05-20 15:09:31.436   441   592 I ActivityManager: START u0 {act=android.intent.action.MAIN cat=[android.intent.category.HOME] flg=0x10200000 cmp=com.keenon.launcher/.LauncherActivity (has extras)} from uid 1000 on display 0

05-20 15:09:31.489   668   668 W ContextImpl: Calling a method in the system process without a qualified user: android.app.ContextImpl.sendBroadcast:763 android.content.ContextWrapper.sendBroadcast:396 android.content.ContextWrapper.sendBroadcast:396 com.keenon.component.core.base.BaseActivity.sendBroadcast:152 com.keenon.peanut.core.utils.vender.KeenonRk3288Manager.setStatusBar:25 

05-20 15:09:32.610   668   668 W ContextImpl: Calling a method in the system process without a qualified user: android.app.ContextImpl.startActivity:658 android.content.ContextWrapper.startActivity:331 com.keenon.launcher.common.utils.CommonUtil.openApp:82 com.keenon.launcher.common.utils.CommonUtil.openApp:74 com.keenon.launcher.helper.LauncherViewManager.onOpenApp:69 

05-20 15:09:32.610   668   668 W ContextImpl: Calling a method in the system process without a qualified user: android.app.ContextImpl.startActivity:670 android.app.ContextImpl.startActivity:659 android.content.ContextWrapper.startActivity:331 com.keenon.launcher.common.utils.CommonUtil.openApp:82 com.keenon.launcher.common.utils.CommonUtil.openApp:74 

05-20 15:09:32.611   441  3076 I ActivityManager: START u0 {flg=0x10000000 cmp=ru.zdevs.zarchiver.pro/.ZArchiver (has extras)} from uid 1000 on display 0

05-20 15:09:34.125   441   592 I ActivityManager: START u0 {act=android.intent.action.MAIN cat=[android.intent.category.HOME] flg=0x10200000 cmp=com.keenon.launcher/.LauncherActivity (has extras)} from uid 1000 on display 0

05-20 15:09:34.170   668   668 W ContextImpl: Calling a method in the system process without a qualified user: android.app.ContextImpl.sendBroadcast:763 android.content.ContextWrapper.sendBroadcast:396 android.content.ContextWrapper.sendBroadcast:396 com.keenon.component.core.base.BaseActivity.sendBroadcast:152 com.keenon.peanut.core.utils.vender.KeenonRk3288Manager.setStatusBar:25 

05-20 15:09:35.463   668   668 W ContextImpl: Calling a method in the system process without a qualified user: android.app.ContextImpl.startActivity:658 android.content.ContextWrapper.startActivity:331 com.keenon.launcher.common.utils.CommonUtil.openApp:82 com.keenon.launcher.common.utils.CommonUtil.openApp:74 com.keenon.launcher.helper.LauncherViewManager.onOpenApp:69 

05-20 15:09:35.463   668   668 W ContextImpl: Calling a method in the system process without a qualified user: android.app.ContextImpl.startActivity:670 android.app.ContextImpl.startActivity:659 android.content.ContextWrapper.startActivity:331 com.keenon.launcher.common.utils.CommonUtil.openApp:82 com.keenon.launcher.common.utils.CommonUtil.openApp:74 

05-20 15:09:35.463   441   996 I ActivityManager: START u0 {flg=0x10000000 cmp=com.android.settings/.Settings (has extras)} from uid 1000 on display 0

05-20 15:09:36.813   441  1000 I ActivityManager: START u0 {act=android.intent.action.MAIN cmp=com.android.settings/.SubSettings (has extras)} from uid 1000 on display 0

05-20 15:09:36.935  6061 21765 W ContextImpl: Calling a method in the system process without a qualified user: android.app.ContextImpl.sendBroadcast:763 android.content.ContextWrapper.sendBroadcast:396 com.android.settings.UsbSetting$sysFileOperation.run:241 java.lang.Thread.run:818 <bottom of call stack> 

05-20 15:09:37.680  6061 21767 W ContextImpl: Calling a method in the system process without a qualified user: android.app.ContextImpl.sendBroadcast:763 android.content.ContextWrapper.sendBroadcast:396 com.android.settings.UsbSetting$sysFileOperation.run:241 java.lang.Thread.run:818 <bottom of call stack> 

05-20 15:09:38.569   441   441 D ZenLog  : intercepted: -1|android|17040353|null|1000,alarmsOnly

05-20 15:09:38.569   441   441 V NotificationService: pkg=android canInterrupt=false intercept=true

05-20 15:09:38.574   441   441 D ZenLog  : intercepted: -1|android|17040347|null|1000,alarmsOnly

05-20 15:09:38.574   441   441 V NotificationService: pkg=android canInterrupt=false intercept=true

05-20 15:09:38.728   441   441 D ZenLog  : intercepted: -1|android|17040348|null|1000,alarmsOnly

05-20 15:09:38.729   441   441 V NotificationService: pkg=android canInterrupt=false intercept=true

05-20 15:09:40.053   441   592 I ActivityManager: START u0 {act=android.intent.action.MAIN cat=[android.intent.category.HOME] flg=0x10200000 cmp=com.keenon.launcher/.LauncherActivity (has extras)} from uid 1000 on display 0

05-20 15:09:40.100   668   668 W ContextImpl: Calling a method in the system process without a qualified user: android.app.ContextImpl.sendBroadcast:763 android.content.ContextWrapper.sendBroadcast:396 android.content.ContextWrapper.sendBroadcast:396 com.keenon.component.core.base.BaseActivity.sendBroadcast:152 com.keenon.peanut.core.utils.vender.KeenonRk3288Manager.setStatusBar:25 

05-20 15:15:23.377   668   668 W ContextImpl: Calling a method in the system process without a qualified user: android.app.ContextImpl.startActivity:658 android.content.ContextWrapper.startActivity:331 com.keenon.launcher.common.utils.CommonUtil.openApp:82 com.keenon.launcher.common.utils.CommonUtil.openApp:74 com.keenon.launcher.helper.LauncherViewManager.onOpenApp:69 

05-20 15:15:23.377   668   668 W ContextImpl: Calling a method in the system process without a qualified user: android.app.ContextImpl.startActivity:670 android.app.ContextImpl.startActivity:659 android.content.ContextWrapper.startActivity:331 com.keenon.launcher.common.utils.CommonUtil.openApp:82 com.keenon.launcher.common.utils.CommonUtil.openApp:74 

05-20 15:15:23.378   441  1869 I ActivityManager: START u0 {flg=0x10000000 cmp=com.android.settings/.Settings (has extras)} from uid 1000 on display 0

05-20 15:15:25.024   441   990 I ActivityManager: START u0 {act=android.intent.action.MAIN cmp=com.android.settings/.SubSettings (has extras)} from uid 1000 on display 0

05-20 15:15:25.124  6061 23719 W ContextImpl: Calling a method in the system process without a qualified user: android.app.ContextImpl.sendBroadcast:763 android.content.ContextWrapper.sendBroadcast:396 com.android.settings.UsbSetting$sysFileOperation.run:241 java.lang.Thread.run:818 <bottom of call stack> 

05-20 15:15:26.425  6061 23738 W ContextImpl: Calling a method in the system process without a qualified user: android.app.ContextImpl.sendBroadcast:763 android.content.ContextWrapper.sendBroadcast:396 com.android.settings.UsbSetting$sysFileOperation.run:241 java.lang.Thread.run:818 <bottom of call stack> 

05-20 15:15:27.874  6061 23748 W ContextImpl: Calling a method in the system process without a qualified user: android.app.ContextImpl.sendBroadcast:763 android.content.ContextWrapper.sendBroadcast:396 com.android.settings.UsbSetting$sysFileOperation.run:241 java.lang.Thread.run:818 <bottom of call stack> 

05-20 15:15:28.757   441   441 D ZenLog  : intercepted: -1|android|17040353|null|1000,alarmsOnly

05-20 15:15:28.759   441   441 V NotificationService: pkg=android canInterrupt=false intercept=true

05-20 15:15:28.765   441   441 D ZenLog  : intercepted: -1|android|17040347|null|1000,alarmsOnly

05-20 15:15:28.766   441   441 V NotificationService: pkg=android canInterrupt=false intercept=true

05-20 15:15:28.811   441   441 D ZenLog  : intercepted: -1|android|17040348|null|1000,alarmsOnly

05-20 15:15:28.811   441   441 V NotificationService: pkg=android canInterrupt=false intercept=true

05-20 15:15:31.738   441  1869 I ActivityManager: START u0 {act=android.intent.action.MAIN cmp=com.android.settings/.SubSettings (has extras)} from uid 1000 on display 0

05-20 15:15:33.897   441   539 I UsbDeviceManager: Setting USB config to mtp

05-20 15:15:35.395   441   539 I UsbDeviceManager: Setting USB config to mtp,adb

05-20 15:15:35.409   441   469 W InputMethodManagerService: Window already focused, ignoring focus gain of: com.android.internal.view.IInputMethodClient$Stub$Proxy@2f0c3e3 attribute=null, token = android.os.BinderProxy@c72daf1

05-20 15:15:35.499   441   441 D ZenLog  : intercepted: -1|android|17040353|null|1000,alarmsOnly

05-20 15:15:35.499   441   441 V NotificationService: pkg=android canInterrupt=false intercept=true

05-20 15:15:36.760   441   441 D ZenLog  : intercepted: -1|android|17040353|null|1000,alarmsOnly

05-20 15:15:36.761   441   441 V NotificationService: pkg=android canInterrupt=false intercept=true

