05-20 15:58:47.022 19943  7253 W PackageParser: Unknown element under <manifest>: attribution at /storage/emulated/0/Download/com.google.android.googlequicksearchbox_12.44.21.23.x86-301174977_minAPI23(x86)(nodpi)_apkmirror.com.apk Binary XML file line #640

05-20 15:58:47.022 19943  7253 W PackageParser: Unknown element under <manifest>: attribution at /storage/emulated/0/Download/com.google.android.googlequicksearchbox_12.44.21.23.x86-301174977_minAPI23(x86)(nodpi)_apkmirror.com.apk Binary XML file line #643

05-20 15:58:47.022 19943  7253 W PackageParser: Unknown element under <manifest>: attribution at /storage/emulated/0/Download/com.google.android.googlequicksearchbox_12.44.21.23.x86-301174977_minAPI23(x86)(nodpi)_apkmirror.com.apk Binary XML file line #646

05-20 15:58:47.022 19943  7253 W PackageParser: Unknown element under <manifest>: attribution at /storage/emulated/0/Download/com.google.android.googlequicksearchbox_12.44.21.23.x86-301174977_minAPI23(x86)(nodpi)_apkmirror.com.apk Binary XML file line #649

05-20 15:58:47.022 19943  7253 W PackageParser: Unknown element under <manifest>: attribution at /storage/emulated/0/Download/com.google.android.googlequicksearchbox_12.44.21.23.x86-301174977_minAPI23(x86)(nodpi)_apkmirror.com.apk Binary XML file line #652

05-20 15:58:47.022 19943  7253 W PackageParser: Unknown element under <manifest>: attribution at /storage/emulated/0/Download/com.google.android.googlequicksearchbox_12.44.21.23.x86-301174977_minAPI23(x86)(nodpi)_apkmirror.com.apk Binary XML file line #655

05-20 15:58:47.022 19943  7253 W PackageParser: Unknown element under <manifest>: attribution at /storage/emulated/0/Download/com.google.android.googlequicksearchbox_12.44.21.23.x86-301174977_minAPI23(x86)(nodpi)_apkmirror.com.apk Binary XML file line #658

05-20 15:58:47.022 19943  7253 W PackageParser: Unknown element under <manifest>: attribution at /storage/emulated/0/Download/com.google.android.googlequicksearchbox_12.44.21.23.x86-301174977_minAPI23(x86)(nodpi)_apkmirror.com.apk Binary XML file line #661

05-20 15:58:47.022 19943  7253 W PackageParser: Unknown element under <manifest>: attribution at /storage/emulated/0/Download/com.google.android.googlequicksearchbox_12.44.21.23.x86-301174977_minAPI23(x86)(nodpi)_apkmirror.com.apk Binary XML file line #664

05-20 15:58:47.022 19943  7253 W PackageParser: Unknown element under <manifest>: attribution at /storage/emulated/0/Download/com.google.android.googlequicksearchbox_12.44.21.23.x86-301174977_minAPI23(x86)(nodpi)_apkmirror.com.apk Binary XML file line #667

05-20 15:58:47.023 19943  7253 W PackageParser: Unknown element under <manifest>: attribution at /storage/emulated/0/Download/com.google.android.googlequicksearchbox_12.44.21.23.x86-301174977_minAPI23(x86)(nodpi)_apkmirror.com.apk Binary XML file line #670

05-20 15:58:47.023 19943  7253 W PackageParser: Unknown element under <manifest>: attribution at /storage/emulated/0/Download/com.google.android.googlequicksearchbox_12.44.21.23.x86-301174977_minAPI23(x86)(nodpi)_apkmirror.com.apk Binary XML file line #673

05-20 15:58:47.023 19943  7253 W PackageParser: Unknown element under <manifest>: attribution at /storage/emulated/0/Download/com.google.android.googlequicksearchbox_12.44.21.23.x86-301174977_minAPI23(x86)(nodpi)_apkmirror.com.apk Binary XML file line #676

05-20 15:58:47.023 19943  7253 W PackageParser: Unknown element under <manifest>: attribution at /storage/emulated/0/Download/com.google.android.googlequicksearchbox_12.44.21.23.x86-301174977_minAPI23(x86)(nodpi)_apkmirror.com.apk Binary XML file line #679

05-20 15:58:47.023 19943  7253 W PackageParser: Unknown element under <manifest>: attribution at /storage/emulated/0/Download/com.google.android.googlequicksearchbox_12.44.21.23.x86-301174977_minAPI23(x86)(nodpi)_apkmirror.com.apk Binary XML file line #682

05-20 15:58:47.023 19943  7253 W PackageParser: Unknown element under <manifest>: attribution at /storage/emulated/0/Download/com.google.android.googlequicksearchbox_12.44.21.23.x86-301174977_minAPI23(x86)(nodpi)_apkmirror.com.apk Binary XML file line #685

05-20 15:58:47.023 19943  7253 W PackageParser: Unknown element under <manifest>: attribution at /storage/emulated/0/Download/com.google.android.googlequicksearchbox_12.44.21.23.x86-301174977_minAPI23(x86)(nodpi)_apkmirror.com.apk Binary XML file line #688

05-20 15:58:47.023 19943  7253 W PackageParser: Unknown element under <manifest>: attribution at /storage/emulated/0/Download/com.google.android.googlequicksearchbox_12.44.21.23.x86-301174977_minAPI23(x86)(nodpi)_apkmirror.com.apk Binary XML file line #691

05-20 15:58:47.023 19943  7253 W PackageParser: Unknown element under <manifest>: attribution at /storage/emulated/0/Download/com.google.android.googlequicksearchbox_12.44.21.23.x86-301174977_minAPI23(x86)(nodpi)_apkmirror.com.apk Binary XML file line #694

05-20 15:58:47.042 19943  7253 W PackageParser: No actions in intent filter at /storage/emulated/0/Download/com.google.android.googlequicksearchbox_12.44.21.23.x86-301174977_minAPI23(x86)(nodpi)_apkmirror.com.apk Binary XML file line #2137

05-20 15:58:47.042 19943  7253 W PackageParser: No actions in intent filter at /storage/emulated/0/Download/com.google.android.googlequicksearchbox_12.44.21.23.x86-301174977_minAPI23(x86)(nodpi)_apkmirror.com.apk Binary XML file line #2148

05-20 15:58:47.562   441   996 W InputMethodManagerService: Got RemoteException sending setActive(false) notification to pid 6690 uid 10082

05-20 15:58:47.564   957   957 I GoogleInputMethodServic: GoogleInputMethodService.onFinishInput():3293 

05-20 15:58:47.564   957   957 I GoogleInputMethodServic: GoogleInputMethodService.onStartInput():1981 

05-20 15:58:47.565   957   957 I DeviceUnlockedTag: DeviceUnlockedTag.notifyDeviceLockStatusChanged():79 Notify device unlocked.

05-20 15:58:47.730   441   555 W AppOps  : Finishing op nesting under-run: uid 1000 pkg android code 24 time=0 duration=0 nesting=0

05-20 15:58:47.982  3138  3257 I PeanutSDK:SDK--: [CoAPPing][startPing][offLineTime: 2029, timeout : 60000, isTimeout : false, isOnline : true]

05-20 15:58:48.293   441   592 I ActivityManager: START u0 {act=android.intent.action.MAIN cat=[android.intent.category.HOME] flg=0x10200000 cmp=com.keenon.launcher/.LauncherActivity (has extras)} from uid 1000 on display 0

05-20 15:58:48.306   170   170 I chatty  : uid=1000(system) /system/bin/surfaceflinger expire 10 lines

05-20 15:58:48.351   668   668 I chatty  : uid=1000(system) com.keenon.launcher expire 12 lines

05-20 15:58:48.381   668   668 W ContextImpl: Calling a method in the system process without a qualified user: android.app.ContextImpl.sendBroadcast:763 android.content.ContextWrapper.sendBroadcast:396 android.content.ContextWrapper.sendBroadcast:396 com.keenon.component.core.base.BaseActivity.sendBroadcast:152 com.keenon.peanut.core.utils.vender.KeenonRk3288Manager.setStatusBar:25 

05-20 15:58:48.382   651   651 D Keenon  : changeBarHideStatus

05-20 15:58:48.382   651   651 D Keenon  : restoreBar

05-20 15:58:48.411   170  1161 I chatty  : uid=1000(system) Binder_3 expire 10 lines

05-20 15:58:48.569   957   957 I GoogleInputMethodServic: GoogleInputMethodService.onFinishInput():3293 

05-20 15:58:48.569   957   957 I GoogleInputMethodServic: GoogleInputMethodService.onStartInput():1981 

05-20 15:58:48.570   957   957 I DeviceUnlockedTag: DeviceUnlockedTag.notifyDeviceLockStatusChanged():79 Notify device unlocked.

05-20 15:58:48.604  5326  5373 W ZArchiverService: Stop service...

05-20 15:58:48.609  5326  5326 D ZArchiverService: Service stop

05-20 15:58:48.620  7262  7262 I df      : type=1400 audit(0.0:694): avc: denied { dac_override } for capability=1 scontext=u:r:shell:s0 tcontext=u:r:shell:s0 tclass=capability permissive=1

05-20 15:58:50.025  3138  3257 I PeanutSDK:SDK--: [CoAPPing][startPing][offLineTime: 2040, timeout : 60000, isTimeout : false, isOnline : true]

05-20 15:58:50.135   668  1550 I chatty  : uid=1000(system) #Retry expire 10 lines

05-20 15:58:52.074  3138  3257 I PeanutSDK:SDK--: [CoAPPing][startPing][offLineTime: 2040, timeout : 60000, isTimeout : false, isOnline : true]

05-20 15:58:53.080  7281  7281 I iwconfig: type=1400 audit(0.0:695): avc: denied { net_admin } for capability=12 scontext=u:r:shell:s0 tcontext=u:r:shell:s0 tclass=capability permissive=1

05-20 15:58:54.100  3138  3257 I PeanutSDK:SDK--: [CoAPPing][startPing][offLineTime: 2020, timeout : 60000, isTimeout : false, isOnline : true]

05-20 15:58:56.145  3138  3257 I PeanutSDK:SDK--: [CoAPPing][startPing][offLineTime: 2036, timeout : 60000, isTimeout : false, isOnline : true]

05-20 15:58:58.192  3138  3257 I PeanutSDK:SDK--: [CoAPPing][startPing][offLineTime: 2036, timeout : 60000, isTimeout : false, isOnline : true]

05-20 15:58:58.799   668   668 W ContextImpl: Calling a method in the system process without a qualified user: android.app.ContextImpl.startActivity:658 android.content.ContextWrapper.startActivity:331 com.keenon.launcher.common.utils.CommonUtil.openApp:82 com.keenon.launcher.common.utils.CommonUtil.openApp:74 com.keenon.launcher.helper.LauncherViewManager.onOpenApp:69 

05-20 15:58:58.800   668   668 W ContextImpl: Calling a method in the system process without a qualified user: android.app.ContextImpl.startActivity:670 android.app.ContextImpl.startActivity:659 android.content.ContextWrapper.startActivity:331 com.keenon.launcher.common.utils.CommonUtil.openApp:82 com.keenon.launcher.common.utils.CommonUtil.openApp:74 

05-20 15:58:58.800   441  1869 I ActivityManager: START u0 {flg=0x10000000 cmp=com.android.settings/.Settings (has extras)} from uid 1000 on display 0

05-20 15:58:58.806  6061  6061 I chatty  : uid=1000(system) com.android.settings expire 14 lines

05-20 15:58:58.920  6061  6093 I chatty  : uid=1000(system) RenderThread expire 10 lines

05-20 15:58:58.921   170  2001 I chatty  : uid=1000(system) Binder_5 expire 7 lines

05-20 15:58:59.058   957   957 I GoogleInputMethodServic: GoogleInputMethodService.onFinishInput():3293 

05-20 15:58:59.059   957   957 I GoogleInputMethodServic: GoogleInputMethodService.onStartInput():1981 

05-20 15:58:59.059   957   957 I DeviceUnlockedTag: DeviceUnlockedTag.notifyDeviceLockStatusChanged():79 Notify device unlocked.

05-20 15:59:00.025   441   470 I ActivityManager: START u0 {act=android.intent.action.MAIN cmp=com.android.settings/.SubSettings (has extras)} from uid 1000 on display 0

05-20 15:59:00.137  6061  7320 W ContextImpl: Calling a method in the system process without a qualified user: android.app.ContextImpl.sendBroadcast:763 android.content.ContextWrapper.sendBroadcast:396 com.android.settings.UsbSetting$sysFileOperation.run:241 java.lang.Thread.run:818 <bottom of call stack> 

05-20 15:59:00.139  6061  7320 I chatty  : uid=1000(system) com.android.settings expire 1 line

05-20 15:59:00.139   651   651 D Keenon  : usbModeSet = 1

05-20 15:59:00.130   651   651 I ndroid.systemui: type=1400 audit(0.0:696): avc: denied { write } for name="force_usb_mode" dev="sysfs" ino=12801 scontext=u:r:platform_app:s0:c512,c768 tcontext=u:object_r:sysfs:s0 tclass=file permissive=1

05-20 15:59:00.196   957   957 I GoogleInputMethodServic: GoogleInputMethodService.onFinishInput():3293 

05-20 15:59:00.197   957   957 I GoogleInputMethodServic: GoogleInputMethodService.onStartInput():1981 

05-20 15:59:00.198   957   957 I DeviceUnlockedTag: DeviceUnlockedTag.notifyDeviceLockStatusChanged():79 Notify device unlocked.

05-20 15:59:00.241  3138  3257 I PeanutSDK:SDK--: [CoAPPing][startPing][offLineTime: 2040, timeout : 60000, isTimeout : false, isOnline : true]

05-20 15:59:00.976  6061  7342 W ContextImpl: Calling a method in the system process without a qualified user: android.app.ContextImpl.sendBroadcast:763 android.content.ContextWrapper.sendBroadcast:396 com.android.settings.UsbSetting$sysFileOperation.run:241 java.lang.Thread.run:818 <bottom of call stack> 

05-20 15:59:00.979  6061  7342 I chatty  : uid=1000(system) com.android.settings expire 1 line

05-20 15:59:00.981   651   651 D Keenon  : usbModeSet = 2

05-20 15:59:01.868   441   441 D ZenLog  : intercepted: -1|android|17040353|null|1000,alarmsOnly

05-20 15:59:01.868   441   441 V NotificationService: pkg=android canInterrupt=false intercept=true

05-20 15:59:01.870   441   441 D ZenLog  : intercepted: -1|android|17040347|null|1000,alarmsOnly

05-20 15:59:01.870   441   441 V NotificationService: pkg=android canInterrupt=false intercept=true

05-20 15:59:01.954   651   651 W PathParser: Points are too far apart 4.030360828967057

05-20 15:59:01.954   651   651 W PathParser: Points are too far apart 4.030360538880159

05-20 15:59:02.010   441   441 D ZenLog  : intercepted: -1|android|17040348|null|1000,alarmsOnly

05-20 15:59:02.011   441   441 V NotificationService: pkg=android canInterrupt=false intercept=true

05-20 15:59:02.033  1119  1119 D MtpService: starting MTP server in MTP mode

05-20 15:59:02.037  1119  1119 D MtpService: Adding MTP storage 0x10001 at /storage/emulated/0

05-20 15:59:02.287  3138  3257 I PeanutSDK:SDK--: [CoAPPing][startPing][offLineTime: 2041, timeout : 60000, isTimeout : false, isOnline : true]

05-20 15:59:03.211   668  1552 I chatty  : uid=1000(system) CoapPing#1 expire 10 lines

05-20 15:59:04.337  3138  3257 I PeanutSDK:SDK--: [CoAPPing][startPing][offLineTime: 2040, timeout : 60000, isTimeout : false, isOnline : true]

05-20 15:59:05.270   668  1562 I chatty  : uid=1000(system) UDP-Receiver-/: expire 10 lines

05-20 15:59:06.387  3138  3257 I PeanutSDK:SDK--: [CoAPPing][startPing][offLineTime: 2041, timeout : 60000, isTimeout : false, isOnline : true]

05-20 15:59:08.433  3138  3257 I PeanutSDK:SDK--: [CoAPPing][startPing][offLineTime: 2036, timeout : 60000, isTimeout : false, isOnline : true]

05-20 15:59:10.485  3138  3257 I PeanutSDK:SDK--: [CoAPPing][startPing][offLineTime: 2041, timeout : 60000, isTimeout : false, isOnline : true]

05-20 15:59:12.529  3138  3257 I PeanutSDK:SDK--: [CoAPPing][startPing][offLineTime: 2040, timeout : 60000, isTimeout : false, isOnline : true]

05-20 15:59:14.580  3138  3257 I PeanutSDK:SDK--: [CoAPPing][startPing][offLineTime: 2041, timeout : 60000, isTimeout : false, isOnline : true]

05-20 15:59:16.631  3138  3257 I PeanutSDK:SDK--: [CoAPPing][startPing][offLineTime: 2040, timeout : 60000, isTimeout : false, isOnline : true]

05-20 15:59:18.682  3138  3257 I PeanutSDK:SDK--: [CoAPPing][startPing][offLineTime: 2041, timeout : 60000, isTimeout : false, isOnline : true]

05-20 15:59:19.558   668  1561 I chatty  : uid=1000(system) UDP-Receiver-/: expire 10 lines

05-20 15:59:20.725  3138  3257 I PeanutSDK:SDK--: [CoAPPing][startPing][offLineTime: 2034, timeout : 60000, isTimeout : false, isOnline : true]

05-20 15:59:22.774  3138  3257 I PeanutSDK:SDK--: [CoAPPing][startPing][offLineTime: 2040, timeout : 60000, isTimeout : false, isOnline : true]

05-20 15:59:23.642   668  1552 I chatty  : uid=1000(system) CoapPing#1 expire 11 lines

05-20 15:59:24.802  3138  3257 I PeanutSDK:SDK--: [CoAPPing][startPing][offLineTime: 2025, timeout : 60000, isTimeout : false, isOnline : true]

05-20 15:59:26.848  3138  3257 I PeanutSDK:SDK--: [CoAPPing][startPing][offLineTime: 2036, timeout : 60000, isTimeout : false, isOnline : true]

05-20 15:59:28.899  3138  3257 I PeanutSDK:SDK--: [CoAPPing][startPing][offLineTime: 2040, timeout : 60000, isTimeout : false, isOnline : true]

05-20 15:59:30.921  3138  3257 I PeanutSDK:SDK--: [CoAPPing][startPing][offLineTime: 2014, timeout : 60000, isTimeout : false, isOnline : true]

05-20 15:59:32.970  3138  3257 I PeanutSDK:SDK--: [CoAPPing][startPing][offLineTime: 2039, timeout : 60000, isTimeout : false, isOnline : true]

05-20 15:59:35.019  3138  3257 I PeanutSDK:SDK--: [CoAPPing][startPing][offLineTime: 2040, timeout : 60000, isTimeout : false, isOnline : true]

05-20 15:59:37.061  3138  3257 I PeanutSDK:SDK--: [CoAPPing][startPing][offLineTime: 2038, timeout : 60000, isTimeout : false, isOnline : true]

05-20 15:59:39.111  3138  3257 I PeanutSDK:SDK--: [CoAPPing][startPing][offLineTime: 2040, timeout : 60000, isTimeout : false, isOnline : true]

05-20 15:59:41.155  3138  3257 I PeanutSDK:SDK--: [CoAPPing][startPing][offLineTime: 2034, timeout : 60000, isTimeout : false, isOnline : true]

05-20 15:59:43.199  3138  3257 I PeanutSDK:SDK--: [CoAPPing][startPing][offLineTime: 2041, timeout : 60000, isTimeout : false, isOnline : true]

05-20 15:59:45.018   441   592 I ActivityManager: START u0 {act=android.intent.action.MAIN cat=[android.intent.category.HOME] flg=0x10200000 cmp=com.keenon.launcher/.LauncherActivity (has extras)} from uid 1000 on display 0

05-20 15:59:45.028   170   170 I chatty  : uid=1000(system) /system/bin/surfaceflinger expire 13 lines

05-20 15:59:45.076   668   668 I chatty  : uid=1000(system) com.keenon.launcher expire 10 lines

05-20 15:59:45.082   668   668 W ContextImpl: Calling a method in the system process without a qualified user: android.app.ContextImpl.sendBroadcast:763 android.content.ContextWrapper.sendBroadcast:396 android.content.ContextWrapper.sendBroadcast:396 com.keenon.component.core.base.BaseActivity.sendBroadcast:152 com.keenon.peanut.core.utils.vender.KeenonRk3288Manager.setStatusBar:25 

05-20 15:59:45.083   651   651 D Keenon  : changeBarHideStatus

05-20 15:59:45.083   651   651 D Keenon  : restoreBar

05-20 15:59:45.096   668  1369 I chatty  : uid=1000(system) RenderThread expire 8 lines

05-20 15:59:45.128   957   957 I GoogleInputMethodServic: GoogleInputMethodService.onFinishInput():3293 

05-20 15:59:45.128   957   957 I GoogleInputMethodServic: GoogleInputMethodService.onStartInput():1981 

05-20 15:59:45.129   957   957 I DeviceUnlockedTag: DeviceUnlockedTag.notifyDeviceLockStatusChanged():79 Notify device unlocked.

05-20 15:59:45.247  3138  3257 I PeanutSDK:SDK--: [CoAPPing][startPing][offLineTime: 2038, timeout : 60000, isTimeout : false, isOnline : true]

05-20 15:59:46.155   668  1552 I chatty  : uid=1000(system) CoapPing#1 expire 10 lines

05-20 15:59:46.159   668  1562 I chatty  : uid=1000(system) UDP-Receiver-/: expire 10 lines

05-20 15:59:47.290  3138  3257 I PeanutSDK:SDK--: [CoAPPing][startPing][offLineTime: 2040, timeout : 60000, isTimeout : false, isOnline : true]

05-20 15:59:49.334  3138  3257 I PeanutSDK:SDK--: [CoAPPing][startPing][offLineTime: 2041, timeout : 60000, isTimeout : false, isOnline : true]

05-20 15:59:51.378  3138  3257 I PeanutSDK:SDK--: [CoAPPing][startPing][offLineTime: 2041, timeout : 60000, isTimeout : false, isOnline : true]

05-20 15:59:53.425  3138  3257 I PeanutSDK:SDK--: [CoAPPing][startPing][offLineTime: 2038, timeout : 60000, isTimeout : false, isOnline : true]

05-20 15:59:55.437  3138  3257 I PeanutSDK:SDK--: [CoAPPing][startPing][offLineTime: 2009, timeout : 60000, isTimeout : false, isOnline : true]

05-20 15:59:55.598   668  1561 I chatty  : uid=1000(system) UDP-Receiver-/: expire 10 lines

05-20 15:59:57.487  3138  3257 I PeanutSDK:SDK--: [CoAPPing][startPing][offLineTime: 2040, timeout : 60000, isTimeout : false, isOnline : true]

05-20 15:59:59.522  3138  3257 I PeanutSDK:SDK--: [CoAPPing][startPing][offLineTime: 2025, timeout : 60000, isTimeout : false, isOnline : true]

05-20 16:00:01.565  3138  3257 I PeanutSDK:SDK--: [CoAPPing][startPing][offLineTime: 2033, timeout : 60000, isTimeout : false, isOnline : true]

05-20 16:00:03.605  3138  3257 I PeanutSDK:SDK--: [CoAPPing][startPing][offLineTime: 2029, timeout : 60000, isTimeout : false, isOnline : true]

05-20 16:00:05.655  3138  3257 I PeanutSDK:SDK--: [CoAPPing][startPing][offLineTime: 2040, timeout : 60000, isTimeout : false, isOnline : true]

05-20 16:00:06.250   668  1552 I chatty  : uid=1000(system) CoapPing#1 expire 10 lines

05-20 16:00:07.702  3138  3257 I PeanutSDK:SDK--: [CoAPPing][startPing][offLineTime: 2040, timeout : 60000, isTimeout : false, isOnline : true]

05-20 16:00:09.737  3138  3257 I PeanutSDK:SDK--: [CoAPPing][startPing][offLineTime: 2026, timeout : 60000, isTimeout : false, isOnline : true]

05-20 16:00:10.404   441   539 I chatty  : uid=1000(system) android.fg expire 10 lines

05-20 16:00:10.415   441   601 I chatty  : uid=1000(system) WifiStateMachin expire 10 lines

05-20 16:00:11.784  3138  3257 I PeanutSDK:SDK--: [CoAPPing][startPing][offLineTime: 2041, timeout : 60000, isTimeout : false, isOnline : true]

05-20 16:00:13.834  3138  3257 I PeanutSDK:SDK--: [CoAPPing][startPing][offLineTime: 2040, timeout : 60000, isTimeout : false, isOnline : true]

05-20 16:00:15.884  3138  3257 I PeanutSDK:SDK--: [CoAPPing][startPing][offLineTime: 2041, timeout : 60000, isTimeout : false, isOnline : true]

05-20 16:00:17.925  3138  3257 I PeanutSDK:SDK--: [CoAPPing][startPing][offLineTime: 2038, timeout : 60000, isTimeout : false, isOnline : true]

05-20 16:00:18.326   668  1562 I chatty  : uid=1000(system) UDP-Receiver-/: expire 10 lines

05-20 16:00:18.648   668   668 I chatty  : uid=1000(system) com.keenon.launcher expire 10 lines

05-20 16:00:18.648   668   668 W ContextImpl: Calling a method in the system process without a qualified user: android.app.ContextImpl.startActivity:658 android.content.ContextWrapper.startActivity:331 com.keenon.launcher.common.utils.CommonUtil.openApp:82 com.keenon.launcher.common.utils.CommonUtil.openApp:74 com.keenon.launcher.helper.LauncherViewManager.onOpenApp:69 

05-20 16:00:18.648   668   668 W ContextImpl: Calling a method in the system process without a qualified user: android.app.ContextImpl.startActivity:670 android.app.ContextImpl.startActivity:659 android.content.ContextWrapper.startActivity:331 com.keenon.launcher.common.utils.CommonUtil.openApp:82 com.keenon.launcher.common.utils.CommonUtil.openApp:74 

05-20 16:00:18.649   441  1869 I ActivityManager: START u0 {flg=0x10000000 cmp=com.android.settings/.Settings (has extras)} from uid 1000 on display 0

05-20 16:00:18.654  6061  6061 I chatty  : uid=1000(system) com.android.settings expire 9 lines

05-20 16:00:18.748   170   182 I chatty  : uid=1000(system) Binder_2 expire 9 lines

05-20 16:00:18.802   957   957 I GoogleInputMethodServic: GoogleInputMethodService.onFinishInput():3293 

05-20 16:00:18.803   957   957 I GoogleInputMethodServic: GoogleInputMethodService.onStartInput():1981 

05-20 16:00:18.803   957   957 I DeviceUnlockedTag: DeviceUnlockedTag.notifyDeviceLockStatusChanged():79 Notify device unlocked.

05-20 16:00:19.971  3138  3257 I PeanutSDK:SDK--: [CoAPPing][startPing][offLineTime: 2041, timeout : 60000, isTimeout : false, isOnline : true]

05-20 16:00:21.089   441   990 I ActivityManager: START u0 {act=android.intent.action.MAIN cmp=com.android.settings/.SubSettings (has extras)} from uid 1000 on display 0

05-20 16:00:21.246   957   957 I GoogleInputMethodServic: GoogleInputMethodService.onFinishInput():3293 

05-20 16:00:21.247   957   957 I GoogleInputMethodServic: GoogleInputMethodService.onStartInput():1981 

05-20 16:00:21.248   957   957 I DeviceUnlockedTag: DeviceUnlockedTag.notifyDeviceLockStatusChanged():79 Notify device unlocked.

05-20 16:00:22.020  3138  3257 I PeanutSDK:SDK--: [CoAPPing][startPing][offLineTime: 2039, timeout : 60000, isTimeout : false, isOnline : true]

05-20 16:00:22.345   441   539 I UsbDeviceManager: Setting USB config to mtp

05-20 16:00:22.989  6061  6093 I chatty  : uid=1000(system) RenderThread expire 2 lines

05-20 16:00:22.991   170  2000 I chatty  : uid=1000(system) Binder_4 expire 4 lines

05-20 16:00:23.276  1119  1119 D MtpService: starting MTP server in MTP mode

05-20 16:00:23.280  1119  1119 D MtpService: Adding MTP storage 0x10001 at /storage/emulated/0

05-20 16:00:24.069  3138  3257 I PeanutSDK:SDK--: [CoAPPing][startPing][offLineTime: 2040, timeout : 60000, isTimeout : false, isOnline : true]

05-20 16:00:24.115   441   539 I UsbDeviceManager: Setting USB config to mtp,adb

05-20 16:00:24.133   441  3076 W InputMethodManagerService: Window already focused, ignoring focus gain of: com.android.internal.view.IInputMethodClient$Stub$Proxy@2b5531a attribute=null, token = android.os.BinderProxy@ff78de0

05-20 16:00:24.218   441   441 D ZenLog  : intercepted: -1|android|17040353|null|1000,alarmsOnly

05-20 16:00:24.219   441   441 V NotificationService: pkg=android canInterrupt=false intercept=true

05-20 16:00:24.277   651   651 W PathParser: Points are too far apart 4.030360828967057

05-20 16:00:24.277   651   651 W PathParser: Points are too far apart 4.030360538880159

05-20 16:00:24.290  7822  7822 I df      : type=1400 audit(0.0:697): avc: denied { getattr } for name="/" dev="cifs" ino=129852 scontext=u:r:shell:s0 tcontext=u:object_r:unlabeled:s0 tclass=filesystem permissive=1

05-20 16:00:25.015  1119  1119 D MtpService: starting MTP server in MTP mode

05-20 16:00:25.018  1119  1119 D MtpService: Adding MTP storage 0x10001 at /storage/emulated/0

05-20 16:00:26.081  3138  3257 I PeanutSDK:SDK--: [CoAPPing][startPing][offLineTime: 2007, timeout : 60000, isTimeout : false, isOnline : true]

05-20 16:00:26.450   668  1552 I chatty  : uid=1000(system) CoapPing#1 expire 12 lines

05-20 16:00:27.360  7833  7833 I ip      : type=1400 audit(0.0:698): avc: denied { read } for name="rt_tables" dev="mmcblk0p13" ino=342751 scontext=u:r:shell:s0 tcontext=u:object_r:net_data_file:s0 tclass=file permissive=1

05-20 16:00:27.360  7833  7833 I ip      : type=1400 audit(0.0:699): avc: denied { open } for path="/data/misc/net/rt_tables" dev="mmcblk0p13" ino=342751 scontext=u:r:shell:s0 tcontext=u:object_r:net_data_file:s0 tclass=file permissive=1

05-20 16:00:27.360  7833  7833 I ip      : type=1400 audit(0.0:700): avc: denied { getattr } for path="/data/misc/net/rt_tables" dev="mmcblk0p13" ino=342751 scontext=u:r:shell:s0 tcontext=u:object_r:net_data_file:s0 tclass=file permissive=1

05-20 16:00:28.113  3138  3257 I PeanutSDK:SDK--: [CoAPPing][startPing][offLineTime: 2021, timeout : 60000, isTimeout : false, isOnline : true]

05-20 16:00:29.450  7839  7839 I ifconfig: type=1400 audit(0.0:701): avc: denied { ioctl } for path="socket:[375979]" dev="sockfs" ino=375979 ioctlcmd=8927 scontext=u:r:shell:s0 tcontext=u:r:shell:s0 tclass=udp_socket permissive=1

05-20 16:00:29.460  7841  7841 I iwconfig: type=1400 audit(0.0:702): avc: denied { ioctl } for path="socket:[374417]" dev="sockfs" ino=374417 ioctlcmd=8b1b scontext=u:r:shell:s0 tcontext=u:r:shell:s0 tclass=udp_socket permissive=1

05-20 16:00:29.460  7841  7841 I iwconfig: type=1400 audit(0.0:703): avc: denied { ioctl } for path="socket:[374417]" dev="sockfs" ino=374417 ioctlcmd=8b0b scontext=u:r:shell:s0 tcontext=u:r:shell:s0 tclass=udp_socket permissive=1

05-20 16:00:29.460  7841  7841 I iwconfig: type=1400 audit(0.0:704): avc: denied { ioctl } for path="socket:[374417]" dev="sockfs" ino=374417 ioctlcmd=8b15 scontext=u:r:shell:s0 tcontext=u:r:shell:s0 tclass=udp_socket permissive=1

05-20 16:00:29.460  7841  7841 I iwconfig: type=1400 audit(0.0:705): avc: denied { ioctl } for path="socket:[374417]" dev="sockfs" ino=374417 ioctlcmd=8b0f scontext=u:r:shell:s0 tcontext=u:r:shell:s0 tclass=udp_socket permissive=1

05-20 16:00:30.163  3138  3257 I PeanutSDK:SDK--: [CoAPPing][startPing][offLineTime: 2040, timeout : 60000, isTimeout : false, isOnline : true]

05-20 16:00:32.213  3138  3257 I PeanutSDK:SDK--: [CoAPPing][startPing][offLineTime: 2041, timeout : 60000, isTimeout : false, isOnline : true]

05-20 16:00:32.573   668  1561 I chatty  : uid=1000(system) UDP-Receiver-/: expire 10 lines

05-20 16:00:34.258  3138  3257 I PeanutSDK:SDK--: [CoAPPing][startPing][offLineTime: 2035, timeout : 60000, isTimeout : false, isOnline : true]

05-20 16:00:36.308  3138  3257 I PeanutSDK:SDK--: [CoAPPing][startPing][offLineTime: 2041, timeout : 60000, isTimeout : false, isOnline : true]

05-20 16:00:38.358  3138  3257 I PeanutSDK:SDK--: [CoAPPing][startPing][offLineTime: 2041, timeout : 60000, isTimeout : false, isOnline : true]

05-20 16:00:40.377  3138  3257 I PeanutSDK:SDK--: [CoAPPing][startPing][offLineTime: 2010, timeout : 60000, isTimeout : false, isOnline : true]

05-20 16:00:42.426  3138  3257 I PeanutSDK:SDK--: [CoAPPing][startPing][offLineTime: 2039, timeout : 60000, isTimeout : false, isOnline : true]

05-20 16:00:44.483  3138  3257 I PeanutSDK:SDK--: [CoAPPing][startPing][offLineTime: 2040, timeout : 60000, isTimeout : false, isOnline : true]

05-20 16:00:46.526  3138  3257 I PeanutSDK:SDK--: [CoAPPing][startPing][offLineTime: 2040, timeout : 60000, isTimeout : false, isOnline : true]

05-20 16:00:48.575  3138  3257 I PeanutSDK:SDK--: [CoAPPing][startPing][offLineTime: 2038, timeout : 60000, isTimeout : false, isOnline : true]

05-20 16:00:50.615  3138  3257 I PeanutSDK:SDK--: [CoAPPing][startPing][offLineTime: 2037, timeout : 60000, isTimeout : false, isOnline : true]

05-20 16:00:50.978   668  1552 I chatty  : uid=1000(system) CoapPing#1 expire 10 lines

05-20 16:00:52.665  3138  3257 I PeanutSDK:SDK--: [CoAPPing][startPing][offLineTime: 2041, timeout : 60000, isTimeout : false, isOnline : true]

05-20 16:00:54.695  3138  3257 I PeanutSDK:SDK--: [CoAPPing][startPing][offLineTime: 2020, timeout : 60000, isTimeout : false, isOnline : true]

05-20 16:00:56.746  3138  3257 I PeanutSDK:SDK--: [CoAPPing][startPing][offLineTime: 2041, timeout : 60000, isTimeout : false, isOnline : true]

05-20 16:00:58.221   668  1550 I chatty  : uid=1000(system) #Retry expire 10 lines

05-20 16:00:58.796  3138  3257 I PeanutSDK:SDK--: [CoAPPing][startPing][offLineTime: 2040, timeout : 60000, isTimeout : false, isOnline : true]

05-20 16:00:59.161   668  1562 I chatty  : uid=1000(system) UDP-Receiver-/: expire 10 lines

05-20 16:01:00.826  3138  3257 I PeanutSDK:SDK--: [CoAPPing][startPing][offLineTime: 2021, timeout : 60000, isTimeout : false, isOnline : true]

05-20 16:01:02.877  3138  3257 I PeanutSDK:SDK--: [CoAPPing][startPing][offLineTime: 2041, timeout : 60000, isTimeout : false, isOnline : true]

05-20 16:01:04.927  3138  3257 I PeanutSDK:SDK--: [CoAPPing][startPing][offLineTime: 2040, timeout : 60000, isTimeout : false, isOnline : true]

05-20 16:01:06.937  3138  3257 I PeanutSDK:SDK--: [CoAPPing][startPing][offLineTime: 2002, timeout : 60000, isTimeout : false, isOnline : true]

05-20 16:01:08.988  3138  3257 I PeanutSDK:SDK--: [CoAPPing][startPing][offLineTime: 2040, timeout : 60000, isTimeout : false, isOnline : true]

05-20 16:01:11.035  3138  3257 I PeanutSDK:SDK--: [CoAPPing][startPing][offLineTime: 2036, timeout : 60000, isTimeout : false, isOnline : true]

05-20 16:01:11.380   668  1552 I chatty  : uid=1000(system) CoapPing#1 expire 11 lines

05-20 16:01:13.086  3138  3257 I PeanutSDK:SDK--: [CoAPPing][startPing][offLineTime: 2041, timeout : 60000, isTimeout : false, isOnline : true]

05-20 16:01:13.406   668  1561 I chatty  : uid=1000(system) UDP-Receiver-/: expire 11 lines

05-20 16:01:13.639   944  1290 I chatty  : uid=1000(system) RxComputationTh expire 6 lines

05-20 16:01:15.136  3138  3257 I PeanutSDK:SDK--: [CoAPPing][startPing][offLineTime: 2040, timeout : 60000, isTimeout : false, isOnline : true]

05-20 16:01:17.156  3138  3257 I PeanutSDK:SDK--: [CoAPPing][startPing][offLineTime: 2006, timeout : 60000, isTimeout : false, isOnline : true]

05-20 16:01:19.197  3138  3257 I PeanutSDK:SDK--: [CoAPPing][startPing][offLineTime: 2030, timeout : 60000, isTimeout : false, isOnline : true]

05-20 16:01:21.247  3138  3257 I PeanutSDK:SDK--: [CoAPPing][startPing][offLineTime: 2041, timeout : 60000, isTimeout : false, isOnline : true]

05-20 16:01:23.298  3138  3257 I PeanutSDK:SDK--: [CoAPPing][startPing][offLineTime: 2041, timeout : 60000, isTimeout : false, isOnline : true]

05-20 16:01:25.230   441   592 I ActivityManager: START u0 {act=android.intent.action.MAIN cat=[android.intent.category.HOME] flg=0x10200000 cmp=com.keenon.launcher/.LauncherActivity (has extras)} from uid 1000 on display 0

05-20 16:01:25.233   170   170 I chatty  : uid=1000(system) /system/bin/surfaceflinger expire 15 lines

05-20 16:01:25.269   668   668 W ContextImpl: Calling a method in the system process without a qualified user: android.app.ContextImpl.sendBroadcast:763 android.content.ContextWrapper.sendBroadcast:396 android.content.ContextWrapper.sendBroadcast:396 com.keenon.component.core.base.BaseActivity.sendBroadcast:152 com.keenon.peanut.core.utils.vender.KeenonRk3288Manager.setStatusBar:25 

05-20 16:01:25.270   651   651 D Keenon  : changeBarHideStatus

05-20 16:01:25.270   651   651 D Keenon  : restoreBar

05-20 16:01:25.316   668   668 I chatty  : uid=1000(system) com.keenon.launcher expire 7 lines

05-20 16:01:25.345  3138  3257 I PeanutSDK:SDK--: [CoAPPing][startPing][offLineTime: 2038, timeout : 60000, isTimeout : false, isOnline : true]

05-20 16:01:25.373   957   957 I GoogleInputMethodServic: GoogleInputMethodService.onFinishInput():3293 

05-20 16:01:25.374   957   957 I GoogleInputMethodServic: GoogleInputMethodService.onStartInput():1981 

05-20 16:01:25.374   957   957 I DeviceUnlockedTag: DeviceUnlockedTag.notifyDeviceLockStatusChanged():79 Notify device unlocked.

05-20 16:01:26.331   957   957 I GoogleInputMethodServic: GoogleInputMethodService.onFinishInput():3293 

05-20 16:01:26.332   957   957 I GoogleInputMethodServic: GoogleInputMethodService.onStartInput():1981 

05-20 16:01:26.332   957   957 I DeviceUnlockedTag: DeviceUnlockedTag.notifyDeviceLockStatusChanged():79 Notify device unlocked.

05-20 16:01:26.656   668   668 W ContextImpl: Calling a method in the system process without a qualified user: android.app.ContextImpl.startActivity:658 android.content.ContextWrapper.startActivity:331 com.keenon.launcher.common.utils.CommonUtil.openApp:82 com.keenon.launcher.common.utils.CommonUtil.openApp:74 com.keenon.launcher.helper.LauncherViewManager.onOpenApp:69 

05-20 16:01:26.656   668   668 W ContextImpl: Calling a method in the system process without a qualified user: android.app.ContextImpl.startActivity:670 android.app.ContextImpl.startActivity:659 android.content.ContextWrapper.startActivity:331 com.keenon.launcher.common.utils.CommonUtil.openApp:82 com.keenon.launcher.common.utils.CommonUtil.openApp:74 

05-20 16:01:26.657   441  5637 I ActivityManager: START u0 {flg=0x10000000 cmp=com.keenon.peanut.sample/com.keenon.peanut.supermarket.SupermarketActivity (has extras)} from uid 1000 on display 0

05-20 16:01:26.675   441   555 D WindowStateAnimator: rk_debug2 Starting com.keenon.peanut.sample_Force_To_Dual

05-20 16:01:26.670  8168  8168 I main    : type=1400 audit(0.0:706): avc: denied { unmount } for scontext=u:r:zygote:s0 tcontext=u:object_r:unlabeled:s0 tclass=filesystem permissive=1

05-20 16:01:26.682  8168  8168 I chatty  : uid=10082(com.keenon.peanut.sample) expire 120 lines

05-20 16:01:26.683   441   996 I ActivityManager: Start proc 8168:com.keenon.peanut.sample/u0a82 for activity com.keenon.peanut.sample/com.keenon.peanut.supermarket.SupermarketActivity

05-20 16:01:27.111  8168  8191 I chatty  : uid=10082(com.keenon.peanut.sample) OfflineAuth#1 expire 12 lines

05-20 16:01:27.147  8168  8193 I chatty  : uid=10082(com.keenon.peanut.sample) RenderThread expire 7 lines

05-20 16:01:27.202  8168  8195 I chatty  : uid=10082(com.keenon.peanut.sample) CoapPing#1 expire 15 lines

05-20 16:01:27.262  8168  8207 I chatty  : uid=10082(com.keenon.peanut.sample) Dispatcher# expire 19 lines

05-20 16:01:27.276  8168  8208 I chatty  : uid=10082(com.keenon.peanut.sample) CoapClient1#4 expire 18 lines

05-20 16:01:27.277  8168  8196 I chatty  : uid=10082(com.keenon.peanut.sample) CoapClient1#1 expire 21 lines

05-20 16:01:27.277  8168  8197 I chatty  : uid=10082(com.keenon.peanut.sample) CoapClient1#2 expire 20 lines

05-20 16:01:27.278  8168  8209 I chatty  : uid=10082(com.keenon.peanut.sample) CoapClient1#5 expire 20 lines

05-20 16:01:27.288  8168  8210 I chatty  : uid=10082(com.keenon.peanut.sample) pool-2-thread-1 expire 12 lines

05-20 16:01:27.292  8168  8211 I chatty  : uid=10082(com.keenon.peanut.sample) pool-2-thread-2 expire 24 lines

05-20 16:01:27.295  8168  8212 I chatty  : uid=10082(com.keenon.peanut.sample) pool-2-thread-3 expire 12 lines

05-20 16:01:27.314  8168  8215 I chatty  : uid=10082(com.keenon.peanut.sample) NavigationImpl: expire 4 lines

05-20 16:01:27.341   441   990 W WindowManager: Attempted to add window with non-application token WindowToken{45c38de null}.  Aborting.

05-20 16:01:27.350  8168  8216 I chatty  : uid=10082(com.keenon.peanut.sample) expire 7 lines

05-20 16:01:27.393  3138  3257 I PeanutSDK:SDK--: [CoAPPing][startPing][offLineTime: 2040, timeout : 60000, isTimeout : false, isOnline : true]

05-20 16:01:27.995   957   957 I GoogleInputMethodServic: GoogleInputMethodService.onFinishInput():3293 

05-20 16:01:27.995   957   957 I GoogleInputMethodServic: GoogleInputMethodService.onStartInput():1981 

05-20 16:01:27.996   957   957 I DeviceUnlockedTag: DeviceUnlockedTag.notifyDeviceLockStatusChanged():79 Notify device unlocked.

05-20 16:01:28.779  8168  8182 I chatty  : uid=10082(com.keenon.peanut.sample) plumber-android expire 3 lines

05-20 16:01:29.422  3138  3257 I PeanutSDK:SDK--: [CoAPPing][startPing][offLineTime: 2024, timeout : 60000, isTimeout : false, isOnline : true]

05-20 16:01:31.455  3138  3257 I PeanutSDK:SDK--: [CoAPPing][startPing][offLineTime: 2019, timeout : 60000, isTimeout : false, isOnline : true]

05-20 16:01:33.289  8168  8213 I chatty  : uid=10082(com.keenon.peanut.sample) pool-2-thread-4 expire 18 lines

05-20 16:01:33.505  3138  3257 I PeanutSDK:SDK--: [CoAPPing][startPing][offLineTime: 2041, timeout : 60000, isTimeout : false, isOnline : true]

05-20 16:01:33.776   668  1552 I chatty  : uid=1000(system) CoapPing#1 expire 13 lines

05-20 16:01:35.555  3138  3257 I PeanutSDK:SDK--: [CoAPPing][startPing][offLineTime: 2041, timeout : 60000, isTimeout : false, isOnline : true]

05-20 16:01:35.835   668  1562 I chatty  : uid=1000(system) UDP-Receiver-/: expire 11 lines

05-20 16:01:37.606  3138  3257 I PeanutSDK:SDK--: [CoAPPing][startPing][offLineTime: 2041, timeout : 60000, isTimeout : false, isOnline : true]

05-20 16:01:38.851  8168  8197 I chatty  : uid=10082(com.keenon.peanut.sample) CoapClient1#2 expire 13 lines

05-20 16:01:39.289  8168  8214 I chatty  : uid=10082(com.keenon.peanut.sample) pool-2-thread-5 expire 12 lines

05-20 16:01:39.308  8168  8209 I chatty  : uid=10082(com.keenon.peanut.sample) CoapClient1#5 expire 12 lines

05-20 16:01:39.654  3138  3257 I PeanutSDK:SDK--: [CoAPPing][startPing][offLineTime: 2037, timeout : 60000, isTimeout : false, isOnline : true]

05-20 16:01:40.909  8168  8196 I chatty  : uid=10082(com.keenon.peanut.sample) CoapClient1#1 expire 10 lines

05-20 16:01:41.695  3138  3257 I PeanutSDK:SDK--: [CoAPPing][startPing][offLineTime: 2032, timeout : 60000, isTimeout : false, isOnline : true]

05-20 16:01:41.859  8168  8208 I chatty  : uid=10082(com.keenon.peanut.sample) CoapClient1#4 expire 25 lines

05-20 16:01:42.310  8168  8168 I chatty  : uid=10082(com.keenon.peanut.sample) expire 11 lines

05-20 16:01:43.735  3138  3257 I PeanutSDK:SDK--: [CoAPPing][startPing][offLineTime: 2032, timeout : 60000, isTimeout : false, isOnline : true]

05-20 16:01:45.772  3138  3257 I PeanutSDK:SDK--: [CoAPPing][startPing][offLineTime: 2034, timeout : 60000, isTimeout : false, isOnline : true]

05-20 16:01:47.827  3138  3257 I PeanutSDK:SDK--: [CoAPPing][startPing][offLineTime: 2040, timeout : 60000, isTimeout : false, isOnline : true]

05-20 16:01:49.368  8168  8195 I chatty  : uid=10082(com.keenon.peanut.sample) CoapPing#1 expire 14 lines

05-20 16:01:49.865  3138  3257 I PeanutSDK:SDK--: [CoAPPing][startPing][offLineTime: 2035, timeout : 60000, isTimeout : false, isOnline : true]

05-20 16:01:50.448   441   539 I chatty  : uid=1000(system) android.fg expire 10 lines

05-20 16:01:50.461   441   601 I chatty  : uid=1000(system) WifiStateMachin expire 10 lines

05-20 16:01:51.121  8168  8197 I chatty  : uid=10082(com.keenon.peanut.sample) CoapClient1#2 expire 14 lines

05-20 16:01:51.308  8168  8209 I chatty  : uid=10082(com.keenon.peanut.sample) CoapClient1#5 expire 21 lines

05-20 16:01:51.905  3138  3257 I PeanutSDK:SDK--: [CoAPPing][startPing][offLineTime: 2034, timeout : 60000, isTimeout : false, isOnline : true]

05-20 16:01:53.928  3138  3257 I PeanutSDK:SDK--: [CoAPPing][startPing][offLineTime: 2012, timeout : 60000, isTimeout : false, isOnline : true]

05-20 16:01:54.923  8168  8196 I chatty  : uid=10082(com.keenon.peanut.sample) CoapClient1#1 expire 16 lines

05-20 16:01:55.956  3138  3257 I PeanutSDK:SDK--: [CoAPPing][startPing][offLineTime: 2022, timeout : 60000, isTimeout : false, isOnline : true]

05-20 16:01:57.108  8168  8192 I chatty  : uid=10082(com.keenon.peanut.sample) OfflineAuth#2 expire 12 lines

05-20 16:01:57.995  3138  3257 I PeanutSDK:SDK--: [CoAPPing][startPing][offLineTime: 2033, timeout : 60000, isTimeout : false, isOnline : true]

05-20 16:02:00.045  3138  3257 I PeanutSDK:SDK--: [CoAPPing][startPing][offLineTime: 2041, timeout : 60000, isTimeout : false, isOnline : true]

05-20 16:02:00.352   668  1552 I chatty  : uid=1000(system) CoapPing#1 expire 12 lines

05-20 16:02:02.100  3138  3257 I PeanutSDK:SDK--: [CoAPPing][startPing][offLineTime: 2038, timeout : 60000, isTimeout : false, isOnline : true]

05-20 16:02:02.292  8168  8212 I chatty  : uid=10082(com.keenon.peanut.sample) pool-2-thread-3 expire 18 lines

05-20 16:02:04.146  3138  3257 I PeanutSDK:SDK--: [CoAPPing][startPing][offLineTime: 2037, timeout : 60000, isTimeout : false, isOnline : true]

05-20 16:02:04.456   668  1561 I chatty  : uid=1000(system) UDP-Receiver-/: expire 10 lines

05-20 16:02:06.195  3138  3257 I PeanutSDK:SDK--: [CoAPPing][startPing][offLineTime: 2041, timeout : 60000, isTimeout : false, isOnline : true]

05-20 16:02:07.292  8168  8214 I chatty  : uid=10082(com.keenon.peanut.sample) pool-2-thread-5 expire 12 lines

05-20 16:02:08.245  3138  3257 I PeanutSDK:SDK--: [CoAPPing][startPing][offLineTime: 2041, timeout : 60000, isTimeout : false, isOnline : true]

05-20 16:02:09.081  8168  8196 I chatty  : uid=10082(com.keenon.peanut.sample) CoapClient1#1 expire 12 lines

05-20 16:02:09.504  8168  8197 I chatty  : uid=10082(com.keenon.peanut.sample) CoapClient1#2 expire 12 lines

05-20 16:02:10.295  3138  3257 I PeanutSDK:SDK--: [CoAPPing][startPing][offLineTime: 2040, timeout : 60000, isTimeout : false, isOnline : true]

05-20 16:02:11.709  8168  8209 I chatty  : uid=10082(com.keenon.peanut.sample) CoapClient1#5 expire 10 lines

05-20 16:02:12.306  8168  8208 I chatty  : uid=10082(com.keenon.peanut.sample) CoapClient1#4 expire 19 lines

05-20 16:02:12.345  3138  3257 I PeanutSDK:SDK--: [CoAPPing][startPing][offLineTime: 2041, timeout : 60000, isTimeout : false, isOnline : true]

05-20 16:02:14.392  3138  3257 I PeanutSDK:SDK--: [CoAPPing][startPing][offLineTime: 2040, timeout : 60000, isTimeout : false, isOnline : true]

05-20 16:02:15.289  8168  8211 I chatty  : uid=10082(com.keenon.peanut.sample) pool-2-thread-2 expire 12 lines

05-20 16:02:16.442  3138  3257 I PeanutSDK:SDK--: [CoAPPing][startPing][offLineTime: 2041, timeout : 60000, isTimeout : false, isOnline : true]

05-20 16:02:17.378  8168  8168 I chatty  : uid=10082(com.keenon.peanut.sample) expire 11 lines

05-20 16:02:17.523  8168  8195 I chatty  : uid=10082(com.keenon.peanut.sample) CoapPing#1 expire 15 lines

05-20 16:02:18.475  3138  3257 I PeanutSDK:SDK--: [CoAPPing][startPing][offLineTime: 2025, timeout : 60000, isTimeout : false, isOnline : true]

05-20 16:02:18.745   668  1562 I chatty  : uid=1000(system) UDP-Receiver-/: expire 11 lines

05-20 16:02:20.523  3138  3257 I PeanutSDK:SDK--: [CoAPPing][startPing][offLineTime: 2041, timeout : 60000, isTimeout : false, isOnline : true]

05-20 16:02:21.289  8168  8213 I chatty  : uid=10082(com.keenon.peanut.sample) pool-2-thread-4 expire 15 lines

05-20 16:02:22.292  8168  8210 I chatty  : uid=10082(com.keenon.peanut.sample) pool-2-thread-1 expire 12 lines

05-20 16:02:22.549  3138  3257 I PeanutSDK:SDK--: [CoAPPing][startPing][offLineTime: 2017, timeout : 60000, isTimeout : false, isOnline : true]

05-20 16:02:24.600  3138  3257 I PeanutSDK:SDK--: [CoAPPing][startPing][offLineTime: 2039, timeout : 60000, isTimeout : false, isOnline : true]

05-20 16:02:24.863  8168  8197 I chatty  : uid=10082(com.keenon.peanut.sample) CoapClient1#2 expire 15 lines

05-20 16:02:24.880   668  1552 I chatty  : uid=1000(system) CoapPing#1 expire 10 lines

05-20 16:02:25.265  8168  8209 I chatty  : uid=10082(com.keenon.peanut.sample) CoapClient1#5 expire 15 lines

05-20 16:02:26.286  8168  8196 I chatty  : uid=10082(com.keenon.peanut.sample) CoapClient1#1 expire 13 lines

05-20 16:02:26.636  3138  3257 I PeanutSDK:SDK--: [CoAPPing][startPing][offLineTime: 2027, timeout : 60000, isTimeout : false, isOnline : true]

05-20 16:02:27.040  8168  8208 I chatty  : uid=10082(com.keenon.peanut.sample) CoapClient1#4 expire 14 lines

05-20 16:02:28.686  3138  3257 I PeanutSDK:SDK--: [CoAPPing][startPing][offLineTime: 2040, timeout : 60000, isTimeout : false, isOnline : true]

05-20 16:02:30.736  3138  3257 I PeanutSDK:SDK--: [CoAPPing][startPing][offLineTime: 2041, timeout : 60000, isTimeout : false, isOnline : true]

05-20 16:02:32.786  3138  3257 I PeanutSDK:SDK--: [CoAPPing][startPing][offLineTime: 2041, timeout : 60000, isTimeout : false, isOnline : true]

05-20 16:02:34.836  3138  3257 I PeanutSDK:SDK--: [CoAPPing][startPing][offLineTime: 2040, timeout : 60000, isTimeout : false, isOnline : true]

05-20 16:02:36.886  3138  3257 I PeanutSDK:SDK--: [CoAPPing][startPing][offLineTime: 2041, timeout : 60000, isTimeout : false, isOnline : true]

05-20 16:02:38.935  3138  3257 I PeanutSDK:SDK--: [CoAPPing][startPing][offLineTime: 2040, timeout : 60000, isTimeout : false, isOnline : true]

05-20 16:02:39.308  8168  8208 I chatty  : uid=10082(com.keenon.peanut.sample) CoapClient1#4 expire 12 lines

05-20 16:02:39.519  8168  8197 I chatty  : uid=10082(com.keenon.peanut.sample) CoapClient1#2 expire 13 lines

05-20 16:02:40.109  8168  8196 I chatty  : uid=10082(com.keenon.peanut.sample) CoapClient1#1 expire 10 lines

05-20 16:02:40.985  3138  3257 I PeanutSDK:SDK--: [CoAPPing][startPing][offLineTime: 2041, timeout : 60000, isTimeout : false, isOnline : true]

05-20 16:02:42.269  8168  8209 I chatty  : uid=10082(com.keenon.peanut.sample) CoapClient1#5 expire 10 lines

05-20 16:02:43.004  3138  3257 I PeanutSDK:SDK--: [CoAPPing][startPing][offLineTime: 2016, timeout : 60000, isTimeout : false, isOnline : true]

05-20 16:02:45.023  3138  3257 I PeanutSDK:SDK--: [CoAPPing][startPing][offLineTime: 2008, timeout : 60000, isTimeout : false, isOnline : true]

05-20 16:02:45.327   668  1552 I chatty  : uid=1000(system) CoapPing#1 expire 11 lines

05-20 16:02:45.333   668  1561 I chatty  : uid=1000(system) UDP-Receiver-/: expire 10 lines

05-20 16:02:47.057  3138  3257 I PeanutSDK:SDK--: [CoAPPing][startPing][offLineTime: 2024, timeout : 60000, isTimeout : false, isOnline : true]

05-20 16:02:47.691  8168  8195 I chatty  : uid=10082(com.keenon.peanut.sample) CoapPing#1 expire 15 lines

05-20 16:02:49.108  3138  3257 I PeanutSDK:SDK--: [CoAPPing][startPing][offLineTime: 2041, timeout : 60000, isTimeout : false, isOnline : true]

05-20 16:02:51.147  3138  3257 I PeanutSDK:SDK--: [CoAPPing][startPing][offLineTime: 2028, timeout : 60000, isTimeout : false, isOnline : true]

05-20 16:02:51.289  8168  8213 I chatty  : uid=10082(com.keenon.peanut.sample) pool-2-thread-4 expire 15 lines

05-20 16:02:51.307  8168  8208 I chatty  : uid=10082(com.keenon.peanut.sample) CoapClient1#4 expire 21 lines

05-20 16:02:52.292  8168  8210 I chatty  : uid=10082(com.keenon.peanut.sample) pool-2-thread-1 expire 12 lines

05-20 16:02:52.311  8168  8196 I chatty  : uid=10082(com.keenon.peanut.sample) CoapClient1#1 expire 16 lines

05-20 16:02:52.312  8168  8168 I chatty  : uid=10082(com.keenon.peanut.sample) expire 10 lines

05-20 16:02:52.713  8168  8197 I chatty  : uid=10082(com.keenon.peanut.sample) CoapClient1#2 expire 14 lines

05-20 16:02:53.171  3138  3257 I PeanutSDK:SDK--: [CoAPPing][startPing][offLineTime: 2015, timeout : 60000, isTimeout : false, isOnline : true]

05-20 16:02:54.290  8168  8214 I chatty  : uid=10082(com.keenon.peanut.sample) pool-2-thread-5 expire 12 lines

05-20 16:02:55.221  3138  3257 I PeanutSDK:SDK--: [CoAPPing][startPing][offLineTime: 2039, timeout : 60000, isTimeout : false, isOnline : true]

05-20 16:02:55.726  8168  8209 I chatty  : uid=10082(com.keenon.peanut.sample) CoapClient1#5 expire 13 lines

05-20 16:02:57.271  3138  3257 I PeanutSDK:SDK--: [CoAPPing][startPing][offLineTime: 2041, timeout : 60000, isTimeout : false, isOnline : true]

05-20 16:02:57.292  8168  8211 I chatty  : uid=10082(com.keenon.peanut.sample) pool-2-thread-2 expire 12 lines

05-20 16:02:59.321  3138  3257 I PeanutSDK:SDK--: [CoAPPing][startPing][offLineTime: 2041, timeout : 60000, isTimeout : false, isOnline : true]

05-20 16:03:01.366  3138  3257 I PeanutSDK:SDK--: [CoAPPing][startPing][offLineTime: 2032, timeout : 60000, isTimeout : false, isOnline : true]

05-20 16:03:03.289  8168  8212 I chatty  : uid=10082(com.keenon.peanut.sample) pool-2-thread-3 expire 21 lines

05-20 16:03:03.407  3138  3257 I PeanutSDK:SDK--: [CoAPPing][startPing][offLineTime: 2030, timeout : 60000, isTimeout : false, isOnline : true]

05-20 16:03:03.725   668  1562 I chatty  : uid=1000(system) UDP-Receiver-/: expire 10 lines

05-20 16:03:05.457  3138  3257 I PeanutSDK:SDK--: [CoAPPing][startPing][offLineTime: 2040, timeout : 60000, isTimeout : false, isOnline : true]

05-20 16:03:06.345   668  1550 I chatty  : uid=1000(system) #Retry expire 10 lines

05-20 16:03:07.505  3138  3257 I PeanutSDK:SDK--: [CoAPPing][startPing][offLineTime: 2038, timeout : 60000, isTimeout : false, isOnline : true]

05-20 16:03:07.797   668  1552 I chatty  : uid=1000(system) CoapPing#1 expire 11 lines

