05-20 14:18:16.962   441   990 I ActivityManager: START u0 {flg=0x10000000 cmp=com.keenon.peanut.sample/com.keenon.peanut.supermarket.SupermarketActivity (has extras)} from uid 1000 on display 0

05-20 14:18:16.987   441   555 D WindowStateAnimator: rk_debug2 Starting com.keenon.peanut.sample_Force_To_Dual

05-20 14:18:17.505   441   469 W WindowManager: Attempted to add window with non-application token WindowToken{45c38de null}.  Aborting.

05-20 14:18:17.786   441   536 I ActivityManager: Waited long enough for: ServiceRecord{cfcc382 u0 com.keenon.remote_control_oray/com.keenon.remote_control.daemon.Service1}

05-20 14:18:18.192   441  3076 I ActivityManager: Killing 1072:com.android.externalstorage/u0a5 (adj 15): empty #17

05-20 14:18:18.201   441   602 D WifiService: New client listening to asynchronous messages

05-20 14:18:29.905   441   536 I ActivityManager: Waited long enough for: ServiceRecord{8b4a487 u0 com.keenon.remote_control_oray/com.keenon.remote_control.daemon.Service2}

05-20 14:18:31.259   441   586 V AlarmManager: triggered: act=com.android.providers.calendar.intent.CalendarProvider2 cmp=com.android.providers.calendar/.CalendarProviderBroadcastReceiver Pkg: com.android.providers.calendar

05-20 14:18:33.288   441   536 I ActivityManager: Waited long enough for: ServiceRecord{9e98fc8 u0 com.keenon.peanut.peanutservice/.service.UploadService}

05-20 14:18:40.927  3125  3391 F libc    : Fatal signal 11 (SIGSEGV), code 1, fault addr 0x0 in tid 3391 (TrayCount)

05-20 14:18:41.028   204   204 F DEBUG   : *** *** *** *** *** *** *** *** *** *** *** *** *** *** *** ***

05-20 14:18:41.028   204   204 F DEBUG   : Build fingerprint: 'Android/rk3288/rk3288:6.0.1/MXC89K/builder04291124:userdebug/test-keys'

05-20 14:18:41.028   204   204 F DEBUG   : Revision: '0'

05-20 14:18:41.028   204   204 F DEBUG   : ABI: 'arm'

05-20 14:18:41.028   204   204 F DEBUG   : pid: 3125, tid: 3391, name: TrayCount  >>> com.keenon.peanut.sample <<<

05-20 14:18:41.028   204   204 F DEBUG   : signal 11 (SIGSEGV), code 1 (SEGV_MAPERR), fault addr 0x0

05-20 14:18:41.043   204   204 F DEBUG   :     r0 00000000  r1 9ae68254  r2 01010000  r3 00000001

05-20 14:18:41.043   204   204 F DEBUG   :     r4 ffffffff  r5 b6cdbe40  r6 9aac9654  r7 9ae67bb8

05-20 14:18:41.043   204   204 F DEBUG   :     r8 9ae68254  r9 b8608fc0  sl 00010000  fp 00000000

05-20 14:18:41.043   204   204 F DEBUG   :     ip 9aac7350  sp 9ae67b90  lr 9a272f45  pc 9a2ff832  cpsr 200b0030

05-20 14:18:41.097   204   204 F DEBUG   : 

05-20 14:18:41.097   204   204 F DEBUG   : backtrace:

05-20 14:18:41.097   204   204 F DEBUG   :     #00 pc 001cb832  /data/app/com.keenon.peanut.sample-1/lib/arm/libopencv_java4.so (_ZNK2cv11_InputArray4typeEi+73)

05-20 14:18:41.097   204   204 F DEBUG   :     #01 pc 0013ef41  /data/app/com.keenon.peanut.sample-1/lib/arm/libopencv_java4.so

05-20 14:18:41.097   204   204 F DEBUG   :     #02 pc 0013ff25  /data/app/com.keenon.peanut.sample-1/lib/arm/libopencv_java4.so (_ZN2cv6divideEdRKNS_11_InputArrayERKNS_12_OutputArrayEi+80)

05-20 14:18:41.097   204   204 F DEBUG   :     #03 pc 000dbc57  /data/app/com.keenon.peanut.sample-1/lib/arm/libopencv_java4.so (Java_org_opencv_core_Core_divide_17+66)

05-20 14:18:41.097   204   204 F DEBUG   :     #04 pc 017f07ab  /data/app/com.keenon.peanut.sample-1/oat/arm/base.odex (offset 0xfc3000) (void org.opencv.core.Core.divide_7(long, double, double, double, double, long)+182)

05-20 14:18:41.097   204   204 F DEBUG   :     #05 pc 017efbe5  /data/app/com.keenon.peanut.sample-1/oat/arm/base.odex (offset 0xfc3000) (void org.opencv.core.Core.divide(org.opencv.core.Mat, org.opencv.core.Scalar, org.opencv.core.Mat)+456)

05-20 14:18:41.097   204   204 F DEBUG   :     #06 pc 02317f21  /data/app/com.keenon.peanut.sample-1/oat/arm/base.odex (offset 0xfc3000) (com.keenon.peanut.supermarket.vision.TrayCountingHelper$Result com.keenon.peanut.supermarket.vision.TrayCountingHelper.stepCalibration(org.opencv.core.Mat)+796)

05-20 14:18:41.097   204   204 F DEBUG   :     #07 pc 02315c8b  /data/app/com.keenon.peanut.sample-1/oat/arm/base.odex (offset 0xfc3000) (com.keenon.peanut.supermarket.vision.TrayCountingHelper$Result com.keenon.peanut.supermarket.vision.TrayCountingHelper.processInner(byte[], int, int)+382)

05-20 14:18:41.097   204   204 F DEBUG   :     #08 pc 02319ce9  /data/app/com.keenon.peanut.sample-1/oat/arm/base.odex (offset 0xfc3000) (com.keenon.peanut.supermarket.vision.TrayCountingHelper$Result com.keenon.peanut.supermarket.vision.TrayCountingHelper.process(byte[], int, int)+1772)

05-20 14:18:41.097   204   204 F DEBUG   :     #09 pc 0234e4d7  /data/app/com.keenon.peanut.sample-1/oat/arm/base.odex (offset 0xfc3000) (void com.keenon.peanut.supermarket.fragment.CountFragment.lambda$onPreviewFrame$24$CountFragment(byte[], int, int, byte[])+362)

05-20 14:18:41.098   204   204 F DEBUG   :     #10 pc 022d09f3  /data/app/com.keenon.peanut.sample-1/oat/arm/base.odex (offset 0xfc3000) (void com.keenon.peanut.supermarket.fragment.-$$Lambda$CountFragment$1P4BRreec4Vb1ZKLoPaeiVgbl30.run()+118)

05-20 14:18:41.098   204   204 F DEBUG   :     #11 pc 739fb8bf  /data/dalvik-cache/arm/system@framework@boot.oat (offset 0x1ee2000)

05-20 14:18:42.562   441  3451 W ActivityManager: Process com.keenon.peanut.sample has crashed too many times: killing!

05-20 14:18:42.562   441  3451 W ActivityManager:   Force finishing activity com.keenon.peanut.sample/com.keenon.peanut.supermarket.SupermarketActivity

05-20 14:18:42.564   204   204 F DEBUG   : 

05-20 14:18:42.564   204   204 F DEBUG   : Tombstone written to: /data/tombstones/tombstone_03

05-20 14:18:42.565   441   553 I BootReceiver: Copying /data/tombstones/tombstone_03 to DropBox (SYSTEM_TOMBSTONE)

05-20 14:18:42.586   441  3451 W ActivityManager: Wtf, activity ActivityRecord{32e2e5a u0 com.keenon.peanut.sample/com.keenon.peanut.supermarket.SupermarketActivity t147 f} in proc activity list not using proc ProcessRecord{8ac182f 3125:com.keenon.peanut.sample/u0a80}?!? Using null instead.

05-20 14:18:42.598   441  3451 I ActivityManager: Killing 3125:com.keenon.peanut.sample/u0a80 (adj 2): crash

05-20 14:18:42.783   441   673 W ActivityManager: Spurious death for ProcessRecord{8ac182f 0:com.keenon.peanut.sample/u0a80}, curProc for 3125: null

05-20 14:18:42.787   668   668 W ContextImpl: Calling a method in the system process without a qualified user: android.app.ContextImpl.sendBroadcast:763 android.content.ContextWrapper.sendBroadcast:396 android.content.ContextWrapper.sendBroadcast:396 com.keenon.component.core.base.BaseActivity.sendBroadcast:152 com.keenon.peanut.core.utils.vender.KeenonRk3288Manager.setStatusBar:25 

05-20 14:18:42.841   441  1869 W InputMethodManagerService: Got RemoteException sending setActive(false) notification to pid 3125 uid 10080

05-20 14:18:43.434   441  3076 I ActivityManager: Killing 1165:com.android.music/u0a29 (adj 15): empty #17

05-20 14:19:02.934   441   990 I ActivityManager: START u0 {flg=0x10000000 cmp=com.keenon.peanut.solutionfooddelivery/.biz.location.LocationActivity (has extras)} from uid 10044 on display 0

05-20 14:19:03.002   441   555 D WindowStateAnimator: rk_debug2 Starting com.keenon.peanut.solutionfooddelivery_Force_To_Dual

05-20 14:19:15.467   441   536 I ActivityManager: Waited long enough for: ServiceRecord{f7b5ebe u0 com.keenon.peanut.solutionfooddelivery/com.keenon.component.upgrade.service.AutoCheckUpgradeService}

05-20 14:24:10.165   441   469 I ActivityManager: START u0 {flg=0x10000000 cmp=com.keenon.peanut.solutionfooddelivery/.biz.usersetting.UserSettingActivity (has extras)} from uid 10044 on display 0

05-20 14:24:10.646   441   673 D ZenLog  : config: ringerModeInternal,ZenModeConfig[user=0,allowCalls=true,allowRepeatCallers=false,allowMessages=false,allowCallsFrom=contacts,allowMessagesFrom=contacts,allowReminders=true,allowEvents=true,automaticRules={d3d0330212574e8581b4e4a182bd4ffa=ZenRule[enabled=false,snoozing=false,name=Weekend,zenMode=ZEN_MODE_ALARMS,conditionId=condition://android/schedule?days=6.7&start=23.30&end=10.0,condition=Condition[id=condition://android/schedule?days=6.7&start=23.30&end=10.0,summary=...,line1=...,line2=...,icon=0,state=STATE_FALSE,flags=2],component=ComponentInfo{android/com.android.server.notification.ScheduleConditionProvider}], f4c8d0bf50fb4ea4a0c4aa5dd12cb5bc=ZenRule[enabled=false,snoozing=false,name=Weeknight,zenMode=ZEN_MODE_ALARMS,conditionId=condition://android/schedule?days=1.2.3.4.5&start=22.0&end=7.0,condition=Condition[id=condition://android/schedule?days=1.2.3.4.5&start=22.0&end=7.0,summary=...,line1=...,line2=...,icon=0,state=STATE_FALSE,flags=2],component=ComponentInfo{android/com.android.server.notification.ScheduleConditionProvider}], 14569bdfe91c4682acc301939dea8cb9=ZenRule[enabled=false,snoozing=false,name=Event,zenMode=ZEN_MODE_ALARMS,conditionId=condition://android/event?userId=-10000&calendar=&reply=1,condition=Condition[id=condition://android/event?userId=-10000&calendar=&reply=1,summary=...,line1=...,line2=...,icon=0,state=STATE_FALSE,flags=2],component=ComponentInfo{android/com.android.server.notification.EventConditionProvider}]},manualRule=ZenRule[enabled=true,snoozing=false,name=null,zenMode=ZEN_MODE_ALARMS,conditionId=null,condition=null,component=null]],Diff[manualRule:insert]

05-20 14:24:10.647   441   673 D ZenLog  : set_zen_mode: alarms,ringerModeInternal

05-20 14:24:10.648   441   673 D ZenLog  : set_ringer_mode_internal: AudioService.onSetStreamVolume,i:normal->silent,e:normal->silent

05-20 14:24:10.939   441   673 I ActivityManager: START u0 {flg=0x10000000 cmp=com.keenon.peanut.solutionfooddelivery/.biz.home.HomeActivity (has extras)} from uid 10044 on display 0

05-20 14:24:11.595   441   536 W ActivityManager: Activity pause timeout for ActivityRecord{11b9c3d u0 com.keenon.peanut.solutionfooddelivery/.biz.usersetting.UserSettingActivity t148 f}

05-20 14:24:12.057   441   673 I ActivityManager: START u0 {flg=0x10000000 cmp=com.keenon.peanut.solutionfooddelivery/.biz.transport.choose.nomal.NormalPointActivity (has extras)} from uid 10044 on display 0

05-20 14:24:12.114   441   996 I ActivityManager: Start proc 5416:com.keenon.peanut.solutionfooddelivery:ad.screen/u0a44 for service com.keenon.peanut.solutionfooddelivery/.service.SecondScreenService

05-20 14:24:12.181   441   996 I ActivityManager: Killing 1199:com.android.settings/1000 (adj 15): empty #17

05-20 14:24:13.214  2348  2348 E ActivityThread: Performing stop of activity that is not resumed: {com.keenon.peanut.solutionfooddelivery/com.keenon.peanut.solutionfooddelivery.biz.home.HomeActivity}

05-20 14:24:13.214  2348  2348 E ActivityThread: java.lang.RuntimeException: Performing stop of activity that is not resumed: {com.keenon.peanut.solutionfooddelivery/com.keenon.peanut.solutionfooddelivery.biz.home.HomeActivity}

05-20 14:24:13.214  2348  2348 E ActivityThread: 	at android.app.ActivityThread.performStopActivityInner(ActivityThread.java:3465)

05-20 14:24:13.214  2348  2348 E ActivityThread: 	at android.app.ActivityThread.handleStopActivity(ActivityThread.java:3550)

05-20 14:24:13.214  2348  2348 E ActivityThread: 	at android.app.ActivityThread.-wrap20(ActivityThread.java)

05-20 14:24:13.214  2348  2348 E ActivityThread: 	at android.app.ActivityThread$H.handleMessage(ActivityThread.java:1373)

05-20 14:24:13.214  2348  2348 E ActivityThread: 	at android.os.Handler.dispatchMessage(Handler.java:102)

05-20 14:24:13.214  2348  2348 E ActivityThread: 	at android.os.Looper.loop(Looper.java:148)

05-20 14:24:13.214  2348  2348 E ActivityThread: 	at android.app.ActivityThread.main(ActivityThread.java:5417)

05-20 14:24:13.214  2348  2348 E ActivityThread: 	at java.lang.reflect.Method.invoke(Native Method)

05-20 14:24:13.214  2348  2348 E ActivityThread: 	at com.android.internal.os.ZygoteInit$MethodAndArgsCaller.run(ZygoteInit.java:772)

05-20 14:24:13.214  2348  2348 E ActivityThread: 	at com.android.internal.os.ZygoteInit.main(ZygoteInit.java:662)

05-20 14:24:13.888   441   674 I ActivityManager: Activity reported stop, but no longer stopping: ActivityRecord{9539430 u0 com.keenon.peanut.solutionfooddelivery/.biz.home.HomeActivity t148}

05-20 14:24:14.171   441   673 W InputMethodManagerService: Starting input on non-focused client com.android.internal.view.IInputMethodClient$Stub$Proxy@756efec (uid=10044 pid=5416)

05-20 14:24:15.972   441  1000 I ActivityManager: START u0 {flg=0x10000000 cmp=com.keenon.peanut.solutionfooddelivery/.biz.usersetting.UserSettingActivity (has extras)} from uid 10044 on display 0

05-20 14:24:16.326   441  1000 W InputMethodManagerService: Starting input on non-focused client com.android.internal.view.IInputMethodClient$Stub$Proxy@756efec (uid=10044 pid=5416)

05-20 14:24:23.591   441  1869 I ActivityManager: START u0 {flg=0x10000000 cmp=com.keenon.peanut.solutionfooddelivery/.setting.setup.SetupActivity (has extras)} from uid 10044 on display 0

05-20 14:24:23.831   441  1869 W SettingsProvider: You shouldn't keep your settings in the secure settings. This will soon become an error.

05-20 14:24:23.860   441   674 I ActivityManager: START u0 {cmp=com.keenon.peanut.solutionfooddelivery/.biz.location.LocationActivity (has extras)} from uid 10044 on display 0

05-20 14:24:24.496   441   470 W InputMethodManagerService: Starting input on non-focused client com.android.internal.view.IInputMethodClient$Stub$Proxy@756efec (uid=10044 pid=5416)

05-20 14:24:27.717   441   996 I ActivityManager: START u0 {flg=0x10000000 cmp=com.keenon.peanut.solutionfooddelivery/.biz.usersetting.UserSettingActivity (has extras)} from uid 10044 on display 0

05-20 14:24:28.397   441   990 I ActivityManager: START u0 {flg=0x10000000 cmp=com.keenon.peanut.solutionfooddelivery/.biz.home.HomeActivity (has extras)} from uid 10044 on display 0

05-20 14:24:28.401   441   674 W ActivityManager: Duplicate finish request for ActivityRecord{e30764a u0 com.keenon.peanut.solutionfooddelivery/.biz.usersetting.UserSettingActivity t148 f}

05-20 14:24:28.420   441   674 I ActivityManager: START u0 {flg=0x10000000 cmp=com.keenon.peanut.solutionfooddelivery/.biz.transport.choose.nomal.NormalPointActivity (has extras)} from uid 10044 on display 0

05-20 14:24:30.977   441   673 I ActivityManager: START u0 {flg=0x10000000 cmp=com.keenon.peanut.solutionfooddelivery/.biz.usersetting.UserSettingActivity (has extras)} from uid 10044 on display 0

05-20 14:24:35.368   441   674 I ActivityManager: START u0 {flg=0x10000000 cmp=com.keenon.peanut.solutionfooddelivery/.setting.setup.SetupActivity (has extras)} from uid 10044 on display 0

05-20 14:24:35.437   441   990 W SettingsProvider: You shouldn't keep your settings in the secure settings. This will soon become an error.

05-20 14:24:39.075   441  3076 I WindowState: WIN DEATH: Window{bfaa7cb u0 com.keenon.peanut.solutionfooddelivery}

05-20 14:24:39.076   441  3076 W AppOps  : Finishing op nesting under-run: uid 10044 pkg com.keenon.peanut.solutionfooddelivery code 24 time=0 duration=0 nesting=0

05-20 14:24:39.112   441   469 I ActivityManager: Process com.keenon.peanut.solutionfooddelivery:ad.screen (pid 5416) has died

05-20 14:24:39.166   441  1000 I WindowState: WIN DEATH: Window{5b5993b u0 SurfaceView}

05-20 14:24:39.166   441   602 D WifiService: Client connection lost with reason: 4

05-20 14:24:39.167   441  1000 I WindowState: WIN DEATH: Window{7078136 u0 com.keenon.peanut.solutionfooddelivery/com.keenon.peanut.solutionfooddelivery.biz.usersetting.UserSettingActivity}

05-20 14:24:39.169   441   996 I WindowState: WIN DEATH: Window{f9aa272 u0 com.keenon.peanut.solutionfooddelivery}

05-20 14:24:39.170   441   990 I WindowState: WIN DEATH: Window{40ed2d3 u0 com.keenon.peanut.solutionfooddelivery}

05-20 14:24:39.170   441   990 W AppOps  : Finishing op nesting under-run: uid 10044 pkg com.keenon.peanut.solutionfooddelivery code 24 time=0 duration=0 nesting=0

05-20 14:24:39.171   441   673 I WindowState: WIN DEATH: Window{44ad7eb u0 com.keenon.peanut.solutionfooddelivery/com.keenon.peanut.solutionfooddelivery.biz.home.HomeActivity}

05-20 14:24:39.172   441  3076 I WindowState: WIN DEATH: Window{b66ce21 u0 com.keenon.peanut.solutionfooddelivery}

05-20 14:24:39.174   441   469 I WindowState: WIN DEATH: Window{ce3fcd2 u0 com.keenon.peanut.solutionfooddelivery/com.keenon.peanut.solutionfooddelivery.biz.location.LocationActivity}

05-20 14:24:39.175   441   674 I WindowState: WIN DEATH: Window{34ab76b u0 com.keenon.peanut.solutionfooddelivery/com.keenon.peanut.solutionfooddelivery.biz.transport.choose.nomal.NormalPointActivity}

05-20 14:24:39.176   441  5636 I WindowState: WIN DEATH: Window{9a9b140 u0 com.keenon.peanut.solutionfooddelivery/com.keenon.peanut.solutionfooddelivery.setting.setup.SetupActivity}

05-20 14:24:39.370   441   470 E libprocessgroup: failed to kill 1 processes for processgroup 2348

05-20 14:24:39.370   441   470 I ActivityManager: Process com.keenon.peanut.solutionfooddelivery (pid 2348) has died

05-20 14:24:39.371   441   470 W ActivityManager: Scheduling restart of crashed service com.keenon.peanut.solutionfooddelivery/.service.FoodDeliveryService in 1000ms

05-20 14:24:39.391   668   668 W ContextImpl: Calling a method in the system process without a qualified user: android.app.ContextImpl.sendBroadcast:763 android.content.ContextWrapper.sendBroadcast:396 android.content.ContextWrapper.sendBroadcast:396 com.keenon.component.core.base.BaseActivity.sendBroadcast:152 com.keenon.peanut.core.utils.vender.KeenonRk3288Manager.setStatusBar:25 

05-20 14:24:39.428   441  5637 D WindowStateAnimator: rk_debug2 StatusBar_Force_To_Dual

05-20 14:24:39.450   441   470 D WindowStateAnimator: rk_debug2 NavigationBar_Force_To_Dual

05-20 14:24:39.466   441  1000 W InputMethodManagerService: Got RemoteException sending setActive(false) notification to pid 2348 uid 10044

05-20 14:25:54.068   668   668 W ContextImpl: Calling a method in the system process without a qualified user: android.app.ContextImpl.startActivity:658 android.content.ContextWrapper.startActivity:331 com.keenon.launcher.common.utils.CommonUtil.openApp:82 com.keenon.launcher.common.utils.CommonUtil.openApp:74 com.keenon.launcher.helper.LauncherViewManager.onOpenApp:69 

05-20 14:25:54.068   668   668 W ContextImpl: Calling a method in the system process without a qualified user: android.app.ContextImpl.startActivity:670 android.app.ContextImpl.startActivity:659 android.content.ContextWrapper.startActivity:331 com.keenon.launcher.common.utils.CommonUtil.openApp:82 com.keenon.launcher.common.utils.CommonUtil.openApp:74 

05-20 14:25:54.069   441   673 I ActivityManager: START u0 {flg=0x10000000 cmp=com.android.settings/.Settings (has extras)} from uid 1000 on display 0

05-20 14:25:54.105   441   996 I ActivityManager: Start proc 6061:com.android.settings/1000 for activity com.android.settings/.Settings

05-20 14:25:54.189   441   555 D WindowStateAnimator: rk_debug2 Starting com.android.settings_Force_To_Dual

05-20 14:25:56.831   441   673 I ActivityManager: START u0 {act=android.intent.action.MAIN cmp=com.android.settings/.SubSettings (has extras)} from uid 1000 on display 0

05-20 14:25:56.888   441   602 D WifiService: New client listening to asynchronous messages

05-20 14:25:57.755   441   539 I UsbDeviceManager: Setting USB config to mtp

05-20 14:25:58.356   441   441 D ZenLog  : intercepted: -1|android|17040348|null|1000,alarmsOnly

05-20 14:25:58.356   441   441 V NotificationService: pkg=android canInterrupt=false intercept=true

05-20 14:25:59.171   441   470 W InputMethodManagerService: Window already focused, ignoring focus gain of: com.android.internal.view.IInputMethodClient$Stub$Proxy@207ee8d attribute=null, token = android.os.BinderProxy@3f7fccf

05-20 14:26:00.555   441   539 I UsbDeviceManager: Setting USB config to mtp,adb

05-20 14:26:00.574   441   470 W InputMethodManagerService: Window already focused, ignoring focus gain of: com.android.internal.view.IInputMethodClient$Stub$Proxy@4a85d90 attribute=null, token = android.os.BinderProxy@3f7fccf

05-20 14:26:00.659   441   441 D ZenLog  : intercepted: -1|android|17040353|null|1000,alarmsOnly

05-20 14:26:00.659   441   441 V NotificationService: pkg=android canInterrupt=false intercept=true

05-20 14:26:01.095   651   651 V DeadZone: consuming errant click: (736.28906,18.540527)

05-20 14:27:08.360   441   569 I ActivityManager: Start proc 6563:com.android.defcontainer/u0a3 for service com.android.defcontainer/.DefaultContainerService

05-20 14:27:08.404  6563  6574 D DefContainer: Copying /data/local/tmp/app-debug.apk to base.apk

05-20 14:27:21.165   441   569 W PackageManager: Package com.keenon.peanut.sample attempting to redeclare system permission android.permission.INTERNET; ignoring new declaration

05-20 14:27:34.359   441   536 I ActivityManager: Force stopping com.keenon.peanut.sample appid=10080 user=-1: uninstall pkg

05-20 14:27:34.436   441   569 I PackageManager: Package com.keenon.peanut.sample codePath changed from /data/app/com.keenon.peanut.sample-1 to /data/app/com.keenon.peanut.sample-2; Retaining data and using new

05-20 14:27:34.438   441   569 W PackageManager: Code path for com.keenon.peanut.sample changing from /data/app/com.keenon.peanut.sample-1 to /data/app/com.keenon.peanut.sample-2

05-20 14:27:34.438   441   536 I ActivityManager: Force stopping com.keenon.peanut.sample appid=10080 user=-1: replace pkg

05-20 14:27:34.438   441   569 W PackageManager: Resource path for com.keenon.peanut.sample changing from /data/app/com.keenon.peanut.sample-1 to /data/app/com.keenon.peanut.sample-2

05-20 14:27:34.526   441   569 D PackageManager: permsSize=android.permission.INTERNET

05-20 14:27:34.526   441   569 D PackageManager: --- grant permission android.permission.INTERNET to package com.keenon.peanut.sample

05-20 14:27:34.526   441   569 D PackageManager: permsSize=android.permission.WRITE_EXTERNAL_STORAGE

05-20 14:27:34.526   441   569 D PackageManager: --- grant permission android.permission.WRITE_EXTERNAL_STORAGE to package com.keenon.peanut.sample

05-20 14:27:34.526   441   569 D PackageManager: permsSize=android.permission.READ_EXTERNAL_STORAGE

05-20 14:27:34.526   441   569 D PackageManager: --- grant permission android.permission.READ_EXTERNAL_STORAGE to package com.keenon.peanut.sample

05-20 14:27:34.526   441   569 D PackageManager: permsSize=android.permission.ACCESS_NETWORK_STATE

05-20 14:27:34.526   441   569 D PackageManager: --- grant permission android.permission.ACCESS_NETWORK_STATE to package com.keenon.peanut.sample

05-20 14:27:34.526   441   569 D PackageManager: permsSize=android.permission.READ_PHONE_STATE

05-20 14:27:34.526   441   569 D PackageManager: --- grant permission android.permission.READ_PHONE_STATE to package com.keenon.peanut.sample

05-20 14:27:34.526   441   569 D PackageManager: permsSize=android.permission.RECORD_AUDIO

05-20 14:27:34.526   441   569 D PackageManager: --- grant permission android.permission.RECORD_AUDIO to package com.keenon.peanut.sample

05-20 14:27:34.526   441   569 D PackageManager: permsSize=android.permission.ACCESS_WIFI_STATE

05-20 14:27:34.526   441   569 D PackageManager: --- grant permission android.permission.ACCESS_WIFI_STATE to package com.keenon.peanut.sample

05-20 14:27:34.526   441   569 D PackageManager: permsSize=android.permission.FOREGROUND_SERVICE

05-20 14:27:34.526   441   569 D PackageManager: permsSize=android.permission.RECEIVE_BOOT_COMPLETED

05-20 14:27:34.526   441   569 D PackageManager: --- grant permission android.permission.RECEIVE_BOOT_COMPLETED to package com.keenon.peanut.sample

05-20 14:27:34.526   441   569 D PackageManager: permsSize=android.permission.CAMERA

05-20 14:27:34.526   441   569 D PackageManager: --- grant permission android.permission.CAMERA to package com.keenon.peanut.sample

05-20 14:27:34.527   441   569 W PackageManager: Unknown permission android.permission.FOREGROUND_SERVICE in package com.keenon.peanut.sample

05-20 14:27:34.734   441   569 W PackageManager: Couldn't remove dex file for package:  at location /data/app/com.keenon.peanut.sample-1/base.apk, retcode=-1

05-20 14:27:34.736   441   569 I ActivityManager: Force stopping com.keenon.peanut.sample appid=10080 user=0: pkg removed

05-20 14:27:34.754   441   441 D JobSchedulerService: Receieved: android.intent.action.PACKAGE_REMOVED

05-20 14:27:35.007  2176  2176 W ContextImpl: Calling a method in the system process without a qualified user: android.app.ContextImpl.startService:1221 android.content.ContextWrapper.startService:581 android.content.ContextWrapper.startService:581 com.android.keychain.KeyChainBroadcastReceiver.onReceive:12 android.app.ActivityThread.handleReceiver:2725 

05-20 14:27:35.102   441   534 W VoiceInteractionManagerService: no available voice recognition services found for user 0

05-20 14:27:45.039   441   592 I ActivityManager: START u0 {act=android.intent.action.MAIN cat=[android.intent.category.HOME] flg=0x10200000 cmp=com.keenon.launcher/.LauncherActivity (has extras)} from uid 1000 on display 0

05-20 14:27:45.100   668   668 W ContextImpl: Calling a method in the system process without a qualified user: android.app.ContextImpl.sendBroadcast:763 android.content.ContextWrapper.sendBroadcast:396 android.content.ContextWrapper.sendBroadcast:396 com.keenon.component.core.base.BaseActivity.sendBroadcast:152 com.keenon.peanut.core.utils.vender.KeenonRk3288Manager.setStatusBar:25 

05-20 14:27:46.526   668   668 W ContextImpl: Calling a method in the system process without a qualified user: android.app.ContextImpl.startActivity:658 android.content.ContextWrapper.startActivity:331 com.keenon.launcher.common.utils.CommonUtil.openApp:82 com.keenon.launcher.common.utils.CommonUtil.openApp:74 com.keenon.launcher.helper.LauncherViewManager.onOpenApp:69 

05-20 14:27:46.526   668   668 W ContextImpl: Calling a method in the system process without a qualified user: android.app.ContextImpl.startActivity:670 android.app.ContextImpl.startActivity:659 android.content.ContextWrapper.startActivity:331 com.keenon.launcher.common.utils.CommonUtil.openApp:82 com.keenon.launcher.common.utils.CommonUtil.openApp:74 

05-20 14:27:46.527   441   990 I ActivityManager: START u0 {flg=0x10000000 cmp=com.keenon.peanut.sample/com.keenon.peanut.supermarket.SupermarketActivity (has extras)} from uid 1000 on display 0

05-20 14:27:46.547   441   555 D WindowStateAnimator: rk_debug2 Starting com.keenon.peanut.sample_Force_To_Dual

05-20 14:27:46.558   441  5637 I ActivityManager: Start proc 6860:com.keenon.peanut.sample/u0a80 for activity com.keenon.peanut.sample/com.keenon.peanut.supermarket.SupermarketActivity

05-20 14:27:47.246   441  5637 W WindowManager: Attempted to add window with non-application token WindowToken{45c38de null}.  Aborting.

05-20 14:28:05.548  6860  7012 F libc    : Fatal signal 11 (SIGSEGV), code 1, fault addr 0x0 in tid 7012 (TrayCount)

05-20 14:28:05.601   204   204 F DEBUG   : *** *** *** *** *** *** *** *** *** *** *** *** *** *** *** ***

05-20 14:28:05.601   204   204 F DEBUG   : Build fingerprint: 'Android/rk3288/rk3288:6.0.1/MXC89K/builder04291124:userdebug/test-keys'

05-20 14:28:05.601   204   204 F DEBUG   : Revision: '0'

05-20 14:28:05.601   204   204 F DEBUG   : ABI: 'arm'

05-20 14:28:05.602   204   204 F DEBUG   : pid: 6860, tid: 7012, name: TrayCount  >>> com.keenon.peanut.sample <<<

05-20 14:28:05.602   204   204 F DEBUG   : signal 11 (SIGSEGV), code 1 (SEGV_MAPERR), fault addr 0x0

05-20 14:28:05.616   204   204 F DEBUG   :     r0 00000000  r1 9b4fc254  r2 01010000  r3 00000001

05-20 14:28:05.616   204   204 F DEBUG   :     r4 ffffffff  r5 b6cdbe40  r6 985eb654  r7 9b4fbbb8

05-20 14:28:05.617   204   204 F DEBUG   :     r8 9b4fc254  r9 b8957c38  sl 00010000  fp 00000000

05-20 14:28:05.617   204   204 F DEBUG   :     ip 985e9350  sp 9b4fbb90  lr 97d94f45  pc 97e21832  cpsr 200b0030

05-20 14:28:05.639   204   204 F DEBUG   : 

05-20 14:28:05.639   204   204 F DEBUG   : backtrace:

05-20 14:28:05.639   204   204 F DEBUG   :     #00 pc 001cb832  /data/app/com.keenon.peanut.sample-2/lib/arm/libopencv_java4.so (_ZNK2cv11_InputArray4typeEi+73)

05-20 14:28:05.639   204   204 F DEBUG   :     #01 pc 0013ef41  /data/app/com.keenon.peanut.sample-2/lib/arm/libopencv_java4.so

05-20 14:28:05.639   204   204 F DEBUG   :     #02 pc 0013ff25  /data/app/com.keenon.peanut.sample-2/lib/arm/libopencv_java4.so (_ZN2cv6divideEdRKNS_11_InputArrayERKNS_12_OutputArrayEi+80)

05-20 14:28:05.639   204   204 F DEBUG   :     #03 pc 000dbc57  /data/app/com.keenon.peanut.sample-2/lib/arm/libopencv_java4.so (Java_org_opencv_core_Core_divide_17+66)

05-20 14:28:05.639   204   204 F DEBUG   :     #04 pc 017f17ab  /data/app/com.keenon.peanut.sample-2/oat/arm/base.odex (offset 0xfc4000) (void org.opencv.core.Core.divide_7(long, double, double, double, double, long)+182)

05-20 14:28:05.639   204   204 F DEBUG   :     #05 pc 017f0be5  /data/app/com.keenon.peanut.sample-2/oat/arm/base.odex (offset 0xfc4000) (void org.opencv.core.Core.divide(org.opencv.core.Mat, org.opencv.core.Scalar, org.opencv.core.Mat)+456)

05-20 14:28:05.640   204   204 F DEBUG   :     #06 pc 02319b57  /data/app/com.keenon.peanut.sample-2/oat/arm/base.odex (offset 0xfc4000) (com.keenon.peanut.supermarket.vision.TrayCountingHelper$Result com.keenon.peanut.supermarket.vision.TrayCountingHelper.stepCalibration(org.opencv.core.Mat)+1274)

05-20 14:28:05.640   204   204 F DEBUG   :     #07 pc 023176e3  /data/app/com.keenon.peanut.sample-2/oat/arm/base.odex (offset 0xfc4000) (com.keenon.peanut.supermarket.vision.TrayCountingHelper$Result com.keenon.peanut.supermarket.vision.TrayCountingHelper.processInner(byte[], int, int)+382)

05-20 14:28:05.640   204   204 F DEBUG   :     #08 pc 0231bcf1  /data/app/com.keenon.peanut.sample-2/oat/arm/base.odex (offset 0xfc4000) (com.keenon.peanut.supermarket.vision.TrayCountingHelper$Result com.keenon.peanut.supermarket.vision.TrayCountingHelper.process(byte[], int, int)+1772)

05-20 14:28:05.640   204   204 F DEBUG   :     #09 pc 0235099f  /data/app/com.keenon.peanut.sample-2/oat/arm/base.odex (offset 0xfc4000) (void com.keenon.peanut.supermarket.fragment.CountFragment.lambda$onPreviewFrame$24$CountFragment(byte[], int, int, byte[])+362)

05-20 14:28:05.640   204   204 F DEBUG   :     #10 pc 022d1b33  /data/app/com.keenon.peanut.sample-2/oat/arm/base.odex (offset 0xfc4000) (void com.keenon.peanut.supermarket.fragment.-$$Lambda$CountFragment$1P4BRreec4Vb1ZKLoPaeiVgbl30.run()+118)

05-20 14:28:05.640   204   204 F DEBUG   :     #11 pc 739fb8bf  /data/dalvik-cache/arm/system@framework@boot.oat (offset 0x1ee2000)

05-20 14:28:06.640   204   204 F DEBUG   : 

05-20 14:28:06.640   204   204 F DEBUG   : Tombstone written to: /data/tombstones/tombstone_04

05-20 14:28:06.643   441   553 I BootReceiver: Copying /data/tombstones/tombstone_04 to DropBox (SYSTEM_TOMBSTONE)

05-20 14:28:06.675   441   537 D WindowStateAnimator: rk_debug2 Application Error: com.keenon.peanut.sample_Force_To_Dual

05-20 14:28:06.737   441   674 I WindowState: WIN DEATH: Window{6d71b29 u0 com.keenon.peanut.sample/com.keenon.peanut.supermarket.SupermarketActivity}

05-20 14:28:06.737   441   674 W WindowManager: Force-removing child win Window{730864b u0 SurfaceView} from container Window{6d71b29 u0 com.keenon.peanut.sample/com.keenon.peanut.supermarket.SupermarketActivity}

05-20 14:28:06.739   441   674 W WindowManager: Force-removing child win Window{1963828 u0 SurfaceView} from container Window{6d71b29 u0 com.keenon.peanut.sample/com.keenon.peanut.supermarket.SupermarketActivity}

05-20 14:28:06.760   441   673 W WindowManager: Failed looking up window

05-20 14:28:06.760   441   673 W WindowManager: java.lang.IllegalArgumentException: Requested window android.os.BinderProxy@bb2e674 does not exist

05-20 14:28:06.760   441   673 W WindowManager: 	at com.android.server.wm.WindowManagerService.windowForClientLocked(WindowManagerService.java:8945)

05-20 14:28:06.760   441   673 W WindowManager: 	at com.android.server.wm.WindowManagerService.windowForClientLocked(WindowManagerService.java:8936)

05-20 14:28:06.760   441   673 W WindowManager: 	at com.android.server.wm.WindowState$DeathRecipient.binderDied(WindowState.java:1209)

05-20 14:28:06.760   441   673 W WindowManager: 	at android.os.BinderProxy.sendDeathNotice(Binder.java:558)

05-20 14:28:06.760   441   673 I WindowState: WIN DEATH: null

05-20 14:28:06.761   441  1000 W WindowManager: Failed looking up window

05-20 14:28:06.761   441  1000 W WindowManager: java.lang.IllegalArgumentException: Requested window android.os.BinderProxy@46247e3 does not exist

05-20 14:28:06.761   441  1000 W WindowManager: 	at com.android.server.wm.WindowManagerService.windowForClientLocked(WindowManagerService.java:8945)

05-20 14:28:06.761   441  1000 W WindowManager: 	at com.android.server.wm.WindowManagerService.windowForClientLocked(WindowManagerService.java:8936)

05-20 14:28:06.761   441  1000 W WindowManager: 	at com.android.server.wm.WindowState$DeathRecipient.binderDied(WindowState.java:1209)

05-20 14:28:06.761   441  1000 W WindowManager: 	at android.os.BinderProxy.sendDeathNotice(Binder.java:558)

05-20 14:28:06.761   441  1000 I WindowState: WIN DEATH: null

05-20 14:28:06.806   441  5636 I ActivityManager: Process com.keenon.peanut.sample (pid 6860) has died

05-20 14:28:06.807   441  5636 W ActivityManager: Force removing ActivityRecord{c7fec26 u0 com.keenon.peanut.sample/com.keenon.peanut.supermarket.SupermarketActivity t150}: app died, no saved state

05-20 14:28:06.827   668   668 W ContextImpl: Calling a method in the system process without a qualified user: android.app.ContextImpl.sendBroadcast:763 android.content.ContextWrapper.sendBroadcast:396 android.content.ContextWrapper.sendBroadcast:396 com.keenon.component.core.base.BaseActivity.sendBroadcast:152 com.keenon.peanut.core.utils.vender.KeenonRk3288Manager.setStatusBar:25 

05-20 14:28:08.111   441   470 W InputMethodManagerService: Got RemoteException sending setActive(false) notification to pid 6860 uid 10080

05-20 14:28:08.288   441   555 W AppOps  : Finishing op nesting under-run: uid 1000 pkg android code 24 time=0 duration=0 nesting=0

05-20 14:28:08.733   668   668 W ContextImpl: Calling a method in the system process without a qualified user: android.app.ContextImpl.startActivity:658 android.content.ContextWrapper.startActivity:331 com.keenon.launcher.common.utils.CommonUtil.openApp:82 com.keenon.launcher.common.utils.CommonUtil.openApp:74 com.keenon.launcher.helper.LauncherViewManager.onOpenApp:69 

05-20 14:28:08.734   668   668 W ContextImpl: Calling a method in the system process without a qualified user: android.app.ContextImpl.startActivity:670 android.app.ContextImpl.startActivity:659 android.content.ContextWrapper.startActivity:331 com.keenon.launcher.common.utils.CommonUtil.openApp:82 com.keenon.launcher.common.utils.CommonUtil.openApp:74 

05-20 14:28:08.734   441   674 I ActivityManager: START u0 {flg=0x10000000 cmp=com.keenon.peanut.sample/com.keenon.peanut.supermarket.SupermarketActivity (has extras)} from uid 1000 on display 0

05-20 14:28:08.741   441   555 D WindowStateAnimator: rk_debug2 Starting com.keenon.peanut.sample_Force_To_Dual

05-20 14:28:08.768   441   990 I ActivityManager: Start proc 7097:com.keenon.peanut.sample/u0a80 for activity com.keenon.peanut.sample/com.keenon.peanut.supermarket.SupermarketActivity

05-20 14:28:09.511   441  1000 W WindowManager: Attempted to add window with non-application token WindowToken{45c38de null}.  Aborting.

05-20 14:28:23.431  7097  7239 F libc    : Fatal signal 11 (SIGSEGV), code 1, fault addr 0x0 in tid 7239 (TrayCount)

05-20 14:28:23.532   204   204 F DEBUG   : *** *** *** *** *** *** *** *** *** *** *** *** *** *** *** ***

05-20 14:28:23.533   204   204 F DEBUG   : Build fingerprint: 'Android/rk3288/rk3288:6.0.1/MXC89K/builder04291124:userdebug/test-keys'

05-20 14:28:23.533   204   204 F DEBUG   : Revision: '0'

05-20 14:28:23.533   204   204 F DEBUG   : ABI: 'arm'

05-20 14:28:23.533   204   204 F DEBUG   : pid: 7097, tid: 7239, name: TrayCount  >>> com.keenon.peanut.sample <<<

05-20 14:28:23.533   204   204 F DEBUG   : signal 11 (SIGSEGV), code 1 (SEGV_MAPERR), fault addr 0x0

05-20 14:28:23.548   204   204 F DEBUG   :     r0 00000000  r1 9b795254  r2 01010000  r3 00000001

05-20 14:28:23.548   204   204 F DEBUG   :     r4 ffffffff  r5 b6cdbe40  r6 98802654  r7 9b794bb8

05-20 14:28:23.548   204   204 F DEBUG   :     r8 9b795254  r9 b87e0cc8  sl 00010000  fp 00000000

05-20 14:28:23.548   204   204 F DEBUG   :     ip 98800350  sp 9b794b90  lr 97fabf45  pc 98038832  cpsr 200b0030

05-20 14:28:23.567   204   204 F DEBUG   : 

05-20 14:28:23.567   204   204 F DEBUG   : backtrace:

05-20 14:28:23.567   204   204 F DEBUG   :     #00 pc 001cb832  /data/app/com.keenon.peanut.sample-2/lib/arm/libopencv_java4.so (_ZNK2cv11_InputArray4typeEi+73)

05-20 14:28:23.567   204   204 F DEBUG   :     #01 pc 0013ef41  /data/app/com.keenon.peanut.sample-2/lib/arm/libopencv_java4.so

05-20 14:28:23.567   204   204 F DEBUG   :     #02 pc 0013ff25  /data/app/com.keenon.peanut.sample-2/lib/arm/libopencv_java4.so (_ZN2cv6divideEdRKNS_11_InputArrayERKNS_12_OutputArrayEi+80)

05-20 14:28:23.567   204   204 F DEBUG   :     #03 pc 000dbc57  /data/app/com.keenon.peanut.sample-2/lib/arm/libopencv_java4.so (Java_org_opencv_core_Core_divide_17+66)

05-20 14:28:23.567   204   204 F DEBUG   :     #04 pc 017f17ab  /data/app/com.keenon.peanut.sample-2/oat/arm/base.odex (offset 0xfc4000) (void org.opencv.core.Core.divide_7(long, double, double, double, double, long)+182)

05-20 14:28:23.567   204   204 F DEBUG   :     #05 pc 017f0be5  /data/app/com.keenon.peanut.sample-2/oat/arm/base.odex (offset 0xfc4000) (void org.opencv.core.Core.divide(org.opencv.core.Mat, org.opencv.core.Scalar, org.opencv.core.Mat)+456)

05-20 14:28:23.567   204   204 F DEBUG   :     #06 pc 02319b57  /data/app/com.keenon.peanut.sample-2/oat/arm/base.odex (offset 0xfc4000) (com.keenon.peanut.supermarket.vision.TrayCountingHelper$Result com.keenon.peanut.supermarket.vision.TrayCountingHelper.stepCalibration(org.opencv.core.Mat)+1274)

05-20 14:28:23.567   204   204 F DEBUG   :     #07 pc 023176e3  /data/app/com.keenon.peanut.sample-2/oat/arm/base.odex (offset 0xfc4000) (com.keenon.peanut.supermarket.vision.TrayCountingHelper$Result com.keenon.peanut.supermarket.vision.TrayCountingHelper.processInner(byte[], int, int)+382)

05-20 14:28:23.567   204   204 F DEBUG   :     #08 pc 0231bcf1  /data/app/com.keenon.peanut.sample-2/oat/arm/base.odex (offset 0xfc4000) (com.keenon.peanut.supermarket.vision.TrayCountingHelper$Result com.keenon.peanut.supermarket.vision.TrayCountingHelper.process(byte[], int, int)+1772)

05-20 14:28:23.567   204   204 F DEBUG   :     #09 pc 0235099f  /data/app/com.keenon.peanut.sample-2/oat/arm/base.odex (offset 0xfc4000) (void com.keenon.peanut.supermarket.fragment.CountFragment.lambda$onPreviewFrame$24$CountFragment(byte[], int, int, byte[])+362)

05-20 14:28:23.567   204   204 F DEBUG   :     #10 pc 022d1b33  /data/app/com.keenon.peanut.sample-2/oat/arm/base.odex (offset 0xfc4000) (void com.keenon.peanut.supermarket.fragment.-$$Lambda$CountFragment$1P4BRreec4Vb1ZKLoPaeiVgbl30.run()+118)

05-20 14:28:23.567   204   204 F DEBUG   :     #11 pc 739fb8bf  /data/dalvik-cache/arm/system@framework@boot.oat (offset 0x1ee2000)

05-20 14:28:24.654   204   204 F DEBUG   : 

05-20 14:28:24.654   204   204 F DEBUG   : Tombstone written to: /data/tombstones/tombstone_05

05-20 14:28:24.654   441   553 I BootReceiver: Copying /data/tombstones/tombstone_05 to DropBox (SYSTEM_TOMBSTONE)

05-20 14:28:24.681   441   537 D WindowStateAnimator: rk_debug2 Application Error: com.keenon.peanut.sample_Force_To_Dual

05-20 14:28:24.797   441  3076 I WindowState: WIN DEATH: Window{d4f16ce u0 SurfaceView}

05-20 14:28:24.800   441   673 I WindowState: WIN DEATH: Window{4f3a9ef u0 SurfaceView}

05-20 14:28:24.807   441  5636 I WindowState: WIN DEATH: Window{897062b u0 com.keenon.peanut.sample/com.keenon.peanut.supermarket.SupermarketActivity}

05-20 14:28:24.871   441  1869 I ActivityManager: Process com.keenon.peanut.sample (pid 7097) has died

05-20 14:28:24.873   441  1869 W ActivityManager: Force removing ActivityRecord{eede440 u0 com.keenon.peanut.sample/com.keenon.peanut.supermarket.SupermarketActivity t151}: app died, no saved state

05-20 14:28:24.889   668   668 W ContextImpl: Calling a method in the system process without a qualified user: android.app.ContextImpl.sendBroadcast:763 android.content.ContextWrapper.sendBroadcast:396 android.content.ContextWrapper.sendBroadcast:396 com.keenon.component.core.base.BaseActivity.sendBroadcast:152 com.keenon.peanut.core.utils.vender.KeenonRk3288Manager.setStatusBar:25 

05-20 14:28:26.069   441   996 W InputMethodManagerService: Got RemoteException sending setActive(false) notification to pid 7097 uid 10080

05-20 14:28:26.247   441   555 W AppOps  : Finishing op nesting under-run: uid 1000 pkg android code 24 time=0 duration=0 nesting=0

05-20 14:28:35.374   441   441 D ZenLog  : intercepted: -1|android|17040353|null|1000,alarmsOnly

05-20 14:28:35.374   441   441 V NotificationService: pkg=android canInterrupt=false intercept=true

05-20 14:28:35.375   441   441 D ZenLog  : intercepted: -1|android|17040347|null|1000,alarmsOnly

05-20 14:28:35.375   441   441 V NotificationService: pkg=android canInterrupt=false intercept=true

05-20 14:28:35.407   441   441 D ZenLog  : intercepted: -1|android|17040348|null|1000,alarmsOnly

05-20 14:28:35.407   441   441 V NotificationService: pkg=android canInterrupt=false intercept=true

05-20 14:37:08.129   441   534 I UsageStatsService: User[0] Flushing usage stats to disk

05-20 14:47:00.020   441   536 I ProcessStatsService: Prepared write state in 12ms

05-20 14:47:00.036   441   534 I ProcessStatsService: Pruning old procstats: /data/system/procstats/state-2026-05-14-01-31-21.bin

05-20 14:47:30.315   441   586 V AlarmManager: triggered: act=android.net.dhcp.DhcpClient.wlan0.RENEW flg=0x14000000 pkg=android Pkg: android

05-20 14:48:00.007   441   441 I ActivityManager: Killing 2280:com.android.deskclock/u0a22 (adj 13): empty for 1806s

05-20 14:48:00.135   441   441 I ActivityManager: Killing 2264:com.android.onetimeinitializer/u0a8 (adj 13): empty for 1806s

05-20 14:48:00.236   441   441 I ActivityManager: Killing 2245:com.android.managedprovisioning/u0a6 (adj 15): empty for 1807s

05-20 14:48:16.545   441   598 I ActivityManager: Killing 2134:com.android.calendar/u0a18 (adj 13): empty for 1802s

05-20 14:48:16.722   441   598 I ActivityManager: Killing 2113:lysesoft.andsmb/u0a43 (adj 15): empty for 1802s

05-20 14:48:16.812   441   598 I ActivityManager: Killing 2787:com.opera.mini.native/u0a47 (adj 15): empty for 1804s

05-20 15:02:32.292   441  3076 I ActivityManager: Killing 2330:com.android.inputmethod.latin/u0a27 (adj 15): empty for 2657s

05-20 15:02:55.425   441   441 D ZenLog  : intercepted: -1|android|17040353|null|1000,alarmsOnly

05-20 15:02:55.426   441   441 V NotificationService: pkg=android canInterrupt=false intercept=true

05-20 15:02:55.430   441   441 D ZenLog  : intercepted: -1|android|17040347|null|1000,alarmsOnly

05-20 15:02:55.431   441   441 V NotificationService: pkg=android canInterrupt=false intercept=true

05-20 15:02:55.570   441   441 D ZenLog  : intercepted: -1|android|17040348|null|1000,alarmsOnly

05-20 15:02:55.570   441   441 V NotificationService: pkg=android canInterrupt=false intercept=true

05-20 15:03:19.100   668   668 W ContextImpl: Calling a method in the system process without a qualified user: android.app.ContextImpl.startActivity:658 android.content.ContextWrapper.startActivity:331 com.keenon.launcher.common.utils.CommonUtil.openApp:82 com.keenon.launcher.common.utils.CommonUtil.openApp:74 com.keenon.launcher.helper.LauncherViewManager.onOpenApp:69 

05-20 15:03:19.100   668   668 W ContextImpl: Calling a method in the system process without a qualified user: android.app.ContextImpl.startActivity:670 android.app.ContextImpl.startActivity:659 android.content.ContextWrapper.startActivity:331 com.keenon.launcher.common.utils.CommonUtil.openApp:82 com.keenon.launcher.common.utils.CommonUtil.openApp:74 

05-20 15:03:19.101   441   470 I ActivityManager: START u0 {flg=0x10000000 cmp=com.keenon.peanut.sample/com.keenon.peanut.supermarket.SupermarketActivity (has extras)} from uid 1000 on display 0

05-20 15:03:19.113   441   555 D WindowStateAnimator: rk_debug2 Starting com.keenon.peanut.sample_Force_To_Dual

05-20 15:03:19.145   441   469 I ActivityManager: Start proc 19131:com.keenon.peanut.sample/u0a80 for activity com.keenon.peanut.sample/com.keenon.peanut.supermarket.SupermarketActivity

05-20 15:03:19.854   441  5636 W WindowManager: Attempted to add window with non-application token WindowToken{45c38de null}.  Aborting.

05-20 15:04:21.565   441   592 I ActivityManager: START u0 {act=android.intent.action.MAIN cat=[android.intent.category.HOME] flg=0x10200000 cmp=com.keenon.launcher/.LauncherActivity (has extras)} from uid 1000 on display 0

05-20 15:04:21.763   668   668 W ContextImpl: Calling a method in the system process without a qualified user: android.app.ContextImpl.sendBroadcast:763 android.content.ContextWrapper.sendBroadcast:396 android.content.ContextWrapper.sendBroadcast:396 com.keenon.component.core.base.BaseActivity.sendBroadcast:152 com.keenon.peanut.core.utils.vender.KeenonRk3288Manager.setStatusBar:25 

05-20 15:04:24.095   668   668 W ContextImpl: Calling a method in the system process without a qualified user: android.app.ContextImpl.startActivity:658 android.content.ContextWrapper.startActivity:331 com.keenon.launcher.common.utils.CommonUtil.openApp:82 com.keenon.launcher.common.utils.CommonUtil.openApp:74 com.keenon.launcher.helper.LauncherViewManager.onOpenApp:69 

05-20 15:04:24.095   668   668 W ContextImpl: Calling a method in the system process without a qualified user: android.app.ContextImpl.startActivity:670 android.app.ContextImpl.startActivity:659 android.content.ContextWrapper.startActivity:331 com.keenon.launcher.common.utils.CommonUtil.openApp:82 com.keenon.launcher.common.utils.CommonUtil.openApp:74 

05-20 15:04:24.095   441   996 I ActivityManager: START u0 {flg=0x10000000 cmp=com.keenon.peanut.sample/com.keenon.peanut.supermarket.SupermarketActivity (has extras)} from uid 1000 on display 0

05-20 15:04:40.157   441   603 D ConnectivityService: notifyType CAP_CHANGED for NetworkAgentInfo [WIFI () - 101]

05-20 15:05:04.262   441   603 D ConnectivityService: notifyType CAP_CHANGED for NetworkAgentInfo [WIFI () - 101]

05-20 15:05:15.091   441   592 I ActivityManager: START u0 {act=android.intent.action.MAIN cat=[android.intent.category.HOME] flg=0x10200000 cmp=com.keenon.launcher/.LauncherActivity (has extras)} from uid 1000 on display 0

05-20 15:05:15.159   668   668 W ContextImpl: Calling a method in the system process without a qualified user: android.app.ContextImpl.sendBroadcast:763 android.content.ContextWrapper.sendBroadcast:396 android.content.ContextWrapper.sendBroadcast:396 com.keenon.component.core.base.BaseActivity.sendBroadcast:152 com.keenon.peanut.core.utils.vender.KeenonRk3288Manager.setStatusBar:25 

05-20 15:05:18.057   668   668 W ContextImpl: Calling a method in the system process without a qualified user: android.app.ContextImpl.startActivity:658 android.content.ContextWrapper.startActivity:331 com.keenon.launcher.common.utils.CommonUtil.openApp:82 com.keenon.launcher.common.utils.CommonUtil.openApp:74 com.keenon.launcher.helper.LauncherViewManager.onOpenApp:69 

05-20 15:05:18.058   668   668 W ContextImpl: Calling a method in the system process without a qualified user: android.app.ContextImpl.startActivity:670 android.app.ContextImpl.startActivity:659 android.content.ContextWrapper.startActivity:331 com.keenon.launcher.common.utils.CommonUtil.openApp:82 com.keenon.launcher.common.utils.CommonUtil.openApp:74 

05-20 15:05:18.058   441  5636 I ActivityManager: START u0 {flg=0x10000000 cmp=ru.zdevs.zarchiver.pro/.ZArchiver (has extras)} from uid 1000 on display 0

05-20 15:05:18.095   441   555 D WindowStateAnimator: rk_debug2 Starting ru.zdevs.zarchiver.pro_Force_To_Dual

05-20 15:05:18.106   441   673 I ActivityManager: Start proc 19943:ru.zdevs.zarchiver.pro/u0a41 for activity ru.zdevs.zarchiver.pro/.ZArchiver

05-20 15:05:18.370   441  1000 I ActivityManager: Start proc 19959:ru.zdevs.zarchiver.pro:service/u0a41 for service ru.zdevs.zarchiver.pro/.service.ZArchiverService

05-20 15:05:59.851   441   592 I ActivityManager: START u0 {act=android.intent.action.MAIN cat=[android.intent.category.HOME] flg=0x10200000 cmp=com.keenon.launcher/.LauncherActivity (has extras)} from uid 1000 on display 0

05-20 15:05:59.902   668   668 W ContextImpl: Calling a method in the system process without a qualified user: android.app.ContextImpl.sendBroadcast:763 android.content.ContextWrapper.sendBroadcast:396 android.content.ContextWrapper.sendBroadcast:396 com.keenon.component.core.base.BaseActivity.sendBroadcast:152 com.keenon.peanut.core.utils.vender.KeenonRk3288Manager.setStatusBar:25 

05-20 15:06:09.698   668   668 W ContextImpl: Calling a method in the system process without a qualified user: android.app.ContextImpl.startActivity:658 android.content.ContextWrapper.startActivity:331 com.keenon.launcher.common.utils.CommonUtil.openApp:82 com.keenon.launcher.common.utils.CommonUtil.openApp:74 com.keenon.launcher.helper.LauncherViewManager.onOpenApp:69 

