05-20 16:03:08.111  8168  8196 I chatty  : uid=10082(com.keenon.peanut.sample) CoapClient1#1 expire 11 lines

05-20 16:03:09.307  8168  8209 I chatty  : uid=10082(com.keenon.peanut.sample) CoapClient1#5 expire 14 lines

05-20 16:03:09.555  3138  3257 I PeanutSDK:SDK--: [CoAPPing][startPing][offLineTime: 2040, timeout : 60000, isTimeout : false, isOnline : true]

05-20 16:03:11.121  8168  8208 I chatty  : uid=10082(com.keenon.peanut.sample) CoapClient1#4 expire 10 lines

05-20 16:03:11.595  3138  3257 I PeanutSDK:SDK--: [CoAPPing][startPing][offLineTime: 2036, timeout : 60000, isTimeout : false, isOnline : true]

05-20 16:03:12.525  8168  8197 I chatty  : uid=10082(com.keenon.peanut.sample) CoapClient1#2 expire 10 lines

05-20 16:03:13.646  3138  3257 I PeanutSDK:SDK--: [CoAPPing][startPing][offLineTime: 2040, timeout : 60000, isTimeout : false, isOnline : true]

05-20 16:03:15.289  8168  8213 I chatty  : uid=10082(com.keenon.peanut.sample) pool-2-thread-4 expire 12 lines

05-20 16:03:15.695  3138  3257 I PeanutSDK:SDK--: [CoAPPing][startPing][offLineTime: 2041, timeout : 60000, isTimeout : false, isOnline : true]

05-20 16:03:17.629   441   674 I chatty  : uid=1000(system) Binder_4 expire 1 line

05-20 16:03:17.633  1003  1335 I WM-WorkerWrapper: Worker result SUCCESS for Work [ id=8dc72aba-2710-4cb4-894a-037d7362cf57, tags={ cn.xender.worker.PeriodicCanReplaceWorker } ]

05-20 16:03:17.735  3138  3257 I PeanutSDK:SDK--: [CoAPPing][startPing][offLineTime: 2032, timeout : 60000, isTimeout : false, isOnline : true]

05-20 16:03:17.828  8168  8195 I chatty  : uid=10082(com.keenon.peanut.sample) CoapPing#1 expire 15 lines

05-20 16:03:19.760  3138  3257 I PeanutSDK:SDK--: [CoAPPing][startPing][offLineTime: 2016, timeout : 60000, isTimeout : false, isOnline : true]

05-20 16:03:21.296  8168  8196 I chatty  : uid=10082(com.keenon.peanut.sample) CoapClient1#1 expire 21 lines

05-20 16:03:21.805  3138  3257 I PeanutSDK:SDK--: [CoAPPing][startPing][offLineTime: 2034, timeout : 60000, isTimeout : false, isOnline : true]

05-20 16:03:22.566  8168  8209 I chatty  : uid=10082(com.keenon.peanut.sample) CoapClient1#5 expire 14 lines

05-20 16:03:23.855  3138  3257 I PeanutSDK:SDK--: [CoAPPing][startPing][offLineTime: 2041, timeout : 60000, isTimeout : false, isOnline : true]

05-20 16:03:24.306  8168  8197 I chatty  : uid=10082(com.keenon.peanut.sample) CoapClient1#2 expire 15 lines

05-20 16:03:25.578  8168  8208 I chatty  : uid=10082(com.keenon.peanut.sample) CoapClient1#4 expire 17 lines

05-20 16:03:25.905  3138  3257 I PeanutSDK:SDK--: [CoAPPing][startPing][offLineTime: 2040, timeout : 60000, isTimeout : false, isOnline : true]

05-20 16:03:26.198   668  1561 I chatty  : uid=1000(system) UDP-Receiver-/: expire 10 lines

05-20 16:03:27.289  8168  8214 I chatty  : uid=10082(com.keenon.peanut.sample) pool-2-thread-5 expire 12 lines

05-20 16:03:27.309  8168  8168 I chatty  : uid=10082(com.keenon.peanut.sample) expire 10 lines

05-20 16:03:27.939  3138  3257 I PeanutSDK:SDK--: [CoAPPing][startPing][offLineTime: 2026, timeout : 60000, isTimeout : false, isOnline : true]

05-20 16:03:29.969  3138  3257 I PeanutSDK:SDK--: [CoAPPing][startPing][offLineTime: 2021, timeout : 60000, isTimeout : false, isOnline : true]

05-20 16:03:30.292   668  1552 I chatty  : uid=1000(system) CoapPing#1 expire 10 lines

05-20 16:03:30.414   441   539 I chatty  : uid=1000(system) android.fg expire 10 lines

05-20 16:03:30.425   441   601 I chatty  : uid=1000(system) WifiStateMachin expire 10 lines

05-20 16:03:31.999  3138  3257 I PeanutSDK:SDK--: [CoAPPing][startPing][offLineTime: 2023, timeout : 60000, isTimeout : false, isOnline : true]

05-20 16:03:32.292  8168  8210 I chatty  : uid=10082(com.keenon.peanut.sample) pool-2-thread-1 expire 12 lines

05-20 16:03:34.049  3138  3257 I PeanutSDK:SDK--: [CoAPPing][startPing][offLineTime: 2040, timeout : 60000, isTimeout : false, isOnline : true]

05-20 16:03:36.085  3138  3257 I PeanutSDK:SDK--: [CoAPPing][startPing][offLineTime: 2026, timeout : 60000, isTimeout : false, isOnline : true]

05-20 16:03:38.136  3138  3257 I PeanutSDK:SDK--: [CoAPPing][startPing][offLineTime: 2041, timeout : 60000, isTimeout : false, isOnline : true]

05-20 16:03:38.697  8168  8196 I chatty  : uid=10082(com.keenon.peanut.sample) CoapClient1#1 expire 11 lines

05-20 16:03:39.295  8168  8197 I chatty  : uid=10082(com.keenon.peanut.sample) CoapClient1#2 expire 14 lines

05-20 16:03:39.937  8168  8209 I chatty  : uid=10082(com.keenon.peanut.sample) CoapClient1#5 expire 10 lines

05-20 16:03:40.186  3138  3257 I PeanutSDK:SDK--: [CoAPPing][startPing][offLineTime: 2041, timeout : 60000, isTimeout : false, isOnline : true]

05-20 16:03:41.709  8168  8208 I chatty  : uid=10082(com.keenon.peanut.sample) CoapClient1#4 expire 10 lines

05-20 16:03:42.235  3138  3257 I PeanutSDK:SDK--: [CoAPPing][startPing][offLineTime: 2040, timeout : 60000, isTimeout : false, isOnline : true]

05-20 16:03:44.285  3138  3257 I PeanutSDK:SDK--: [CoAPPing][startPing][offLineTime: 2041, timeout : 60000, isTimeout : false, isOnline : true]

05-20 16:03:44.631   668  1562 I chatty  : uid=1000(system) UDP-Receiver-/: expire 10 lines

05-20 16:03:46.333  3138  3257 I PeanutSDK:SDK--: [CoAPPing][startPing][offLineTime: 2039, timeout : 60000, isTimeout : false, isOnline : true]

05-20 16:03:47.976  8168  8195 I chatty  : uid=10082(com.keenon.peanut.sample) CoapPing#1 expire 15 lines

05-20 16:03:48.372  3138  3257 I PeanutSDK:SDK--: [CoAPPing][startPing][offLineTime: 2029, timeout : 60000, isTimeout : false, isOnline : true]

05-20 16:03:50.416  3138  3257 I PeanutSDK:SDK--: [CoAPPing][startPing][offLineTime: 2041, timeout : 60000, isTimeout : false, isOnline : true]

05-20 16:03:50.758   668  1552 I chatty  : uid=1000(system) CoapPing#1 expire 10 lines

05-20 16:03:51.308  8168  8196 I chatty  : uid=10082(com.keenon.peanut.sample) CoapClient1#1 expire 19 lines

05-20 16:03:52.050  8168  8209 I chatty  : uid=10082(com.keenon.peanut.sample) CoapClient1#5 expire 20 lines

05-20 16:03:52.292  8168  8210 I chatty  : uid=10082(com.keenon.peanut.sample) pool-2-thread-1 expire 12 lines

05-20 16:03:52.465  3138  3257 I PeanutSDK:SDK--: [CoAPPing][startPing][offLineTime: 2036, timeout : 60000, isTimeout : false, isOnline : true]

05-20 16:03:53.084  8168  8197 I chatty  : uid=10082(com.keenon.peanut.sample) CoapClient1#2 expire 15 lines

05-20 16:03:54.505  3138  3257 I PeanutSDK:SDK--: [CoAPPing][startPing][offLineTime: 2033, timeout : 60000, isTimeout : false, isOnline : true]

05-20 16:03:56.095  8168  8208 I chatty  : uid=10082(com.keenon.peanut.sample) CoapClient1#4 expire 18 lines

05-20 16:03:56.539  3138  3257 I PeanutSDK:SDK--: [CoAPPing][startPing][offLineTime: 2030, timeout : 60000, isTimeout : false, isOnline : true]

05-20 16:03:57.289  8168  8214 I chatty  : uid=10082(com.keenon.peanut.sample) pool-2-thread-5 expire 15 lines

05-20 16:03:57.291  8168  8212 I chatty  : uid=10082(com.keenon.peanut.sample) pool-2-thread-3 expire 15 lines

05-20 16:03:57.302  8168  8168 I chatty  : uid=10082(com.keenon.peanut.sample) expire 19 lines

05-20 16:03:58.556  3138  3257 I PeanutSDK:SDK--: [CoAPPing][startPing][offLineTime: 2010, timeout : 60000, isTimeout : false, isOnline : true]

05-20 16:04:00.605  3138  3257 I PeanutSDK:SDK--: [CoAPPing][startPing][offLineTime: 2038, timeout : 60000, isTimeout : false, isOnline : true]

05-20 16:04:02.644  3138  3257 I PeanutSDK:SDK--: [CoAPPing][startPing][offLineTime: 2036, timeout : 60000, isTimeout : false, isOnline : true]

05-20 16:04:03.289  8168  8213 I chatty  : uid=10082(com.keenon.peanut.sample) pool-2-thread-4 expire 12 lines

05-20 16:04:04.672  3138  3257 I PeanutSDK:SDK--: [CoAPPing][startPing][offLineTime: 2024, timeout : 60000, isTimeout : false, isOnline : true]

05-20 16:04:05.062   668  1561 I chatty  : uid=1000(system) UDP-Receiver-/: expire 10 lines

05-20 16:04:06.722  3138  3257 I PeanutSDK:SDK--: [CoAPPing][startPing][offLineTime: 2040, timeout : 60000, isTimeout : false, isOnline : true]

05-20 16:04:08.772  3138  3257 I PeanutSDK:SDK--: [CoAPPing][startPing][offLineTime: 2041, timeout : 60000, isTimeout : false, isOnline : true]

05-20 16:04:09.289  8168  8211 I chatty  : uid=10082(com.keenon.peanut.sample) pool-2-thread-2 expire 12 lines

05-20 16:04:10.815  3138  3257 I PeanutSDK:SDK--: [CoAPPing][startPing][offLineTime: 2034, timeout : 60000, isTimeout : false, isOnline : true]

05-20 16:04:11.177   668  1552 I chatty  : uid=1000(system) CoapPing#1 expire 10 lines

05-20 16:04:12.293  8168  8209 I chatty  : uid=10082(com.keenon.peanut.sample) CoapClient1#5 expire 13 lines

05-20 16:04:12.296  8168  8208 I chatty  : uid=10082(com.keenon.peanut.sample) CoapClient1#4 expire 10 lines

05-20 16:04:12.722  8168  8197 I chatty  : uid=10082(com.keenon.peanut.sample) CoapClient1#2 expire 10 lines

05-20 16:04:12.864  3138  3257 I PeanutSDK:SDK--: [CoAPPing][startPing][offLineTime: 2039, timeout : 60000, isTimeout : false, isOnline : true]

05-20 16:04:13.329  8168  8196 I chatty  : uid=10082(com.keenon.peanut.sample) CoapClient1#1 expire 10 lines

05-20 16:04:14.890  3138  3257 I PeanutSDK:SDK--: [CoAPPing][startPing][offLineTime: 2016, timeout : 60000, isTimeout : false, isOnline : true]

05-20 16:04:16.919  3138  3257 I PeanutSDK:SDK--: [CoAPPing][startPing][offLineTime: 2019, timeout : 60000, isTimeout : false, isOnline : true]

05-20 16:04:18.115  8168  8195 I chatty  : uid=10082(com.keenon.peanut.sample) CoapPing#1 expire 15 lines

05-20 16:04:18.951  3138  3257 I PeanutSDK:SDK--: [CoAPPing][startPing][offLineTime: 2022, timeout : 60000, isTimeout : false, isOnline : true]

05-20 16:04:21.000  3138  3257 I PeanutSDK:SDK--: [CoAPPing][startPing][offLineTime: 2041, timeout : 60000, isTimeout : false, isOnline : true]

05-20 16:04:23.050  3138  3257 I PeanutSDK:SDK--: [CoAPPing][startPing][offLineTime: 2041, timeout : 60000, isTimeout : false, isOnline : true]

05-20 16:04:23.492  8168  8208 I chatty  : uid=10082(com.keenon.peanut.sample) CoapClient1#4 expire 19 lines

05-20 16:04:24.309  8168  8197 I chatty  : uid=10082(com.keenon.peanut.sample) CoapClient1#2 expire 18 lines

05-20 16:04:25.062  3138  3257 I PeanutSDK:SDK--: [CoAPPing][startPing][offLineTime: 2002, timeout : 60000, isTimeout : false, isOnline : true]

05-20 16:04:25.074  8168  8196 I chatty  : uid=10082(com.keenon.peanut.sample) CoapClient1#1 expire 16 lines

05-20 16:04:26.501  8168  8209 I chatty  : uid=10082(com.keenon.peanut.sample) CoapClient1#5 expire 12 lines

05-20 16:04:27.105  3138  3257 I PeanutSDK:SDK--: [CoAPPing][startPing][offLineTime: 2033, timeout : 60000, isTimeout : false, isOnline : true]

05-20 16:04:27.289  8168  8211 I chatty  : uid=10082(com.keenon.peanut.sample) pool-2-thread-2 expire 15 lines

05-20 16:04:27.294  8168  8214 I chatty  : uid=10082(com.keenon.peanut.sample) pool-2-thread-5 expire 12 lines

05-20 16:04:29.156  3138  3257 I PeanutSDK:SDK--: [CoAPPing][startPing][offLineTime: 2040, timeout : 60000, isTimeout : false, isOnline : true]

05-20 16:04:31.205  3138  3257 I PeanutSDK:SDK--: [CoAPPing][startPing][offLineTime: 2040, timeout : 60000, isTimeout : false, isOnline : true]

05-20 16:04:31.669   668  1552 I chatty  : uid=1000(system) CoapPing#1 expire 10 lines

05-20 16:04:31.672   668  1562 I chatty  : uid=1000(system) UDP-Receiver-/: expire 10 lines

05-20 16:04:33.248  3138  3257 I PeanutSDK:SDK--: [CoAPPing][startPing][offLineTime: 2015, timeout : 60000, isTimeout : false, isOnline : true]

05-20 16:04:35.295  3138  3257 I PeanutSDK:SDK--: [CoAPPing][startPing][offLineTime: 2036, timeout : 60000, isTimeout : false, isOnline : true]

05-20 16:04:37.292  8168  8210 I chatty  : uid=10082(com.keenon.peanut.sample) pool-2-thread-1 expire 18 lines

05-20 16:04:37.311  3138  3257 I PeanutSDK:SDK--: [CoAPPing][startPing][offLineTime: 2006, timeout : 60000, isTimeout : false, isOnline : true]

05-20 16:04:38.511  8168  8208 I chatty  : uid=10082(com.keenon.peanut.sample) CoapClient1#4 expire 13 lines

05-20 16:04:39.357  3138  3257 I PeanutSDK:SDK--: [CoAPPing][startPing][offLineTime: 2038, timeout : 60000, isTimeout : false, isOnline : true]

05-20 16:04:40.507  8168  8209 I chatty  : uid=10082(com.keenon.peanut.sample) CoapClient1#5 expire 14 lines

05-20 16:04:40.710  8168  8197 I chatty  : uid=10082(com.keenon.peanut.sample) CoapClient1#2 expire 10 lines

05-20 16:04:41.405  3138  3257 I PeanutSDK:SDK--: [CoAPPing][startPing][offLineTime: 2033, timeout : 60000, isTimeout : false, isOnline : true]

05-20 16:04:41.871   668  1561 I chatty  : uid=1000(system) UDP-Receiver-/: expire 10 lines

05-20 16:04:42.310  8168  8196 I chatty  : uid=10082(com.keenon.peanut.sample) CoapClient1#1 expire 10 lines

05-20 16:04:43.455  3138  3257 I PeanutSDK:SDK--: [CoAPPing][startPing][offLineTime: 2041, timeout : 60000, isTimeout : false, isOnline : true]

05-20 16:04:45.482  3138  3257 I PeanutSDK:SDK--: [CoAPPing][startPing][offLineTime: 2018, timeout : 60000, isTimeout : false, isOnline : true]

05-20 16:04:47.523  3138  3257 I PeanutSDK:SDK--: [CoAPPing][startPing][offLineTime: 2031, timeout : 60000, isTimeout : false, isOnline : true]

05-20 16:04:48.278  8168  8195 I chatty  : uid=10082(com.keenon.peanut.sample) CoapPing#1 expire 16 lines

05-20 16:04:49.536  3138  3257 I PeanutSDK:SDK--: [CoAPPing][startPing][offLineTime: 2004, timeout : 60000, isTimeout : false, isOnline : true]

05-20 16:04:50.748  8168  8208 I chatty  : uid=10082(com.keenon.peanut.sample) CoapClient1#4 expire 18 lines

05-20 16:04:51.556  3138  3257 I PeanutSDK:SDK--: [CoAPPing][startPing][offLineTime: 2011, timeout : 60000, isTimeout : false, isOnline : true]

05-20 16:04:52.078   668  1552 I chatty  : uid=1000(system) CoapPing#1 expire 10 lines

05-20 16:04:52.292  8168  8213 I chatty  : uid=10082(com.keenon.peanut.sample) pool-2-thread-4 expire 12 lines

05-20 16:04:53.606  3138  3257 I PeanutSDK:SDK--: [CoAPPing][startPing][offLineTime: 2041, timeout : 60000, isTimeout : false, isOnline : true]

05-20 16:04:54.289  8168  8211 I chatty  : uid=10082(com.keenon.peanut.sample) pool-2-thread-2 expire 18 lines

05-20 16:04:54.308  8168  8209 I chatty  : uid=10082(com.keenon.peanut.sample) CoapClient1#5 expire 19 lines

05-20 16:04:55.656  3138  3257 I PeanutSDK:SDK--: [CoAPPing][startPing][offLineTime: 2041, timeout : 60000, isTimeout : false, isOnline : true]

05-20 16:04:56.070  8168  8197 I chatty  : uid=10082(com.keenon.peanut.sample) CoapClient1#2 expire 15 lines

05-20 16:04:57.112  8168  8192 I chatty  : uid=10082(com.keenon.peanut.sample) OfflineAuth#2 expire 12 lines

05-20 16:04:57.306  8168  8196 I chatty  : uid=10082(com.keenon.peanut.sample) CoapClient1#1 expire 18 lines

05-20 16:04:57.309  8168  8168 I chatty  : uid=10082(com.keenon.peanut.sample) expire 12 lines

05-20 16:04:57.705  3138  3257 I PeanutSDK:SDK--: [CoAPPing][startPing][offLineTime: 2040, timeout : 60000, isTimeout : false, isOnline : true]

05-20 16:04:59.755  3138  3257 I PeanutSDK:SDK--: [CoAPPing][startPing][offLineTime: 2038, timeout : 60000, isTimeout : false, isOnline : true]

05-20 16:05:01.799  3138  3257 I PeanutSDK:SDK--: [CoAPPing][startPing][offLineTime: 2040, timeout : 60000, isTimeout : false, isOnline : true]

05-20 16:05:02.292  8168  8214 I chatty  : uid=10082(com.keenon.peanut.sample) pool-2-thread-5 expire 12 lines

05-20 16:05:03.289  8168  8212 I chatty  : uid=10082(com.keenon.peanut.sample) pool-2-thread-3 expire 12 lines

05-20 16:05:03.835  3138  3257 I PeanutSDK:SDK--: [CoAPPing][startPing][offLineTime: 2031, timeout : 60000, isTimeout : false, isOnline : true]

05-20 16:05:05.885  3138  3257 I PeanutSDK:SDK--: [CoAPPing][startPing][offLineTime: 2041, timeout : 60000, isTimeout : false, isOnline : true]

05-20 16:05:07.920  3138  3257 I PeanutSDK:SDK--: [CoAPPing][startPing][offLineTime: 2028, timeout : 60000, isTimeout : false, isOnline : true]

05-20 16:05:09.958  3138  3257 I PeanutSDK:SDK--: [CoAPPing][startPing][offLineTime: 2029, timeout : 60000, isTimeout : false, isOnline : true]

05-20 16:05:10.476   441   539 I chatty  : uid=1000(system) android.fg expire 10 lines

05-20 16:05:10.485   441   601 I chatty  : uid=1000(system) WifiStateMachin expire 10 lines

05-20 16:05:11.438  8168  8196 I chatty  : uid=10082(com.keenon.peanut.sample) CoapClient1#1 expire 10 lines

05-20 16:05:12.008  3138  3257 I PeanutSDK:SDK--: [CoAPPing][startPing][offLineTime: 2040, timeout : 60000, isTimeout : false, isOnline : true]

05-20 16:05:12.307  8168  8197 I chatty  : uid=10082(com.keenon.peanut.sample) CoapClient1#2 expire 12 lines

05-20 16:05:12.485   668  1552 I chatty  : uid=1000(system) CoapPing#1 expire 11 lines

05-20 16:05:14.058  3138  3257 I PeanutSDK:SDK--: [CoAPPing][startPing][offLineTime: 2041, timeout : 60000, isTimeout : false, isOnline : true]

05-20 16:05:14.435   668  1550 I chatty  : uid=1000(system) #Retry expire 10 lines

05-20 16:05:14.538   668  1562 I chatty  : uid=1000(system) UDP-Receiver-/: expire 10 lines

05-20 16:05:15.307  8168  8208 I chatty  : uid=10082(com.keenon.peanut.sample) CoapClient1#4 expire 11 lines

05-20 16:05:16.108  3138  3257 I PeanutSDK:SDK--: [CoAPPing][startPing][offLineTime: 2040, timeout : 60000, isTimeout : false, isOnline : true]

05-20 16:05:16.961  8168  8209 I chatty  : uid=10082(com.keenon.peanut.sample) CoapClient1#5 expire 14 lines

05-20 16:05:18.155  3138  3257 I PeanutSDK:SDK--: [CoAPPing][startPing][offLineTime: 2036, timeout : 60000, isTimeout : false, isOnline : true]

05-20 16:05:20.195  3138  3257 I PeanutSDK:SDK--: [CoAPPing][startPing][offLineTime: 2037, timeout : 60000, isTimeout : false, isOnline : true]

05-20 16:05:20.435  8168  8195 I chatty  : uid=10082(com.keenon.peanut.sample) CoapPing#1 expire 15 lines

05-20 16:05:22.245  3138  3257 I PeanutSDK:SDK--: [CoAPPing][startPing][offLineTime: 2040, timeout : 60000, isTimeout : false, isOnline : true]

05-20 16:05:22.735   668  1561 I chatty  : uid=1000(system) UDP-Receiver-/: expire 10 lines

05-20 16:05:24.295  3138  3257 I PeanutSDK:SDK--: [CoAPPing][startPing][offLineTime: 2040, timeout : 60000, isTimeout : false, isOnline : true]

05-20 16:05:24.296  8168  8197 I chatty  : uid=10082(com.keenon.peanut.sample) CoapClient1#2 expire 21 lines

05-20 16:05:26.330  3138  3257 I PeanutSDK:SDK--: [CoAPPing][startPing][offLineTime: 2029, timeout : 60000, isTimeout : false, isOnline : true]

05-20 16:05:26.683  8168  8196 I chatty  : uid=10082(com.keenon.peanut.sample) CoapClient1#1 expire 17 lines

05-20 16:05:26.959  8168  8208 I chatty  : uid=10082(com.keenon.peanut.sample) CoapClient1#4 expire 17 lines

05-20 16:05:27.292  8168  8210 I chatty  : uid=10082(com.keenon.peanut.sample) pool-2-thread-1 expire 12 lines

05-20 16:05:27.293  8168  8211 I chatty  : uid=10082(com.keenon.peanut.sample) pool-2-thread-2 expire 12 lines

05-20 16:05:28.371  3138  3257 I PeanutSDK:SDK--: [CoAPPing][startPing][offLineTime: 2037, timeout : 60000, isTimeout : false, isOnline : true]

05-20 16:05:30.425  3138  3257 I PeanutSDK:SDK--: [CoAPPing][startPing][offLineTime: 2039, timeout : 60000, isTimeout : false, isOnline : true]

05-20 16:05:31.870  8168  8209 I chatty  : uid=10082(com.keenon.peanut.sample) CoapClient1#5 expire 10 lines

05-20 16:05:32.292  8168  8213 I chatty  : uid=10082(com.keenon.peanut.sample) pool-2-thread-4 expire 12 lines

05-20 16:05:32.310  8168  8168 I chatty  : uid=10082(com.keenon.peanut.sample) expire 10 lines

05-20 16:05:32.460  3138  3257 I PeanutSDK:SDK--: [CoAPPing][startPing][offLineTime: 2032, timeout : 60000, isTimeout : false, isOnline : true]

05-20 16:05:34.505  3138  3257 I PeanutSDK:SDK--: [CoAPPing][startPing][offLineTime: 2035, timeout : 60000, isTimeout : false, isOnline : true]

05-20 16:05:35.028   668  1552 I chatty  : uid=1000(system) CoapPing#1 expire 10 lines

05-20 16:05:36.555  3138  3257 I PeanutSDK:SDK--: [CoAPPing][startPing][offLineTime: 2040, timeout : 60000, isTimeout : false, isOnline : true]

05-20 16:05:38.594  3138  3257 I PeanutSDK:SDK--: [CoAPPing][startPing][offLineTime: 2028, timeout : 60000, isTimeout : false, isOnline : true]

05-20 16:05:39.289  8168  8214 I chatty  : uid=10082(com.keenon.peanut.sample) pool-2-thread-5 expire 12 lines

05-20 16:05:40.637  3138  3257 I PeanutSDK:SDK--: [CoAPPing][startPing][offLineTime: 2033, timeout : 60000, isTimeout : false, isOnline : true]

05-20 16:05:42.071  8168  8196 I chatty  : uid=10082(com.keenon.peanut.sample) CoapClient1#1 expire 10 lines

05-20 16:05:42.308  8168  8197 I chatty  : uid=10082(com.keenon.peanut.sample) CoapClient1#2 expire 13 lines

05-20 16:05:42.687  3138  3257 I PeanutSDK:SDK--: [CoAPPing][startPing][offLineTime: 2040, timeout : 60000, isTimeout : false, isOnline : true]

05-20 16:05:44.280  8168  8208 I chatty  : uid=10082(com.keenon.peanut.sample) CoapClient1#4 expire 10 lines

05-20 16:05:44.697  3138  3257 I PeanutSDK:SDK--: [CoAPPing][startPing][offLineTime: 2001, timeout : 60000, isTimeout : false, isOnline : true]

05-20 16:05:46.744  3138  3257 I PeanutSDK:SDK--: [CoAPPing][startPing][offLineTime: 2041, timeout : 60000, isTimeout : false, isOnline : true]

05-20 16:05:47.259  8168  8209 I chatty  : uid=10082(com.keenon.peanut.sample) CoapClient1#5 expire 14 lines

05-20 16:05:48.796  3138  3257 I PeanutSDK:SDK--: [CoAPPing][startPing][offLineTime: 2041, timeout : 60000, isTimeout : false, isOnline : true]

05-20 16:05:50.590  8168  8195 I chatty  : uid=10082(com.keenon.peanut.sample) CoapPing#1 expire 17 lines

05-20 16:05:50.846  3138  3257 I PeanutSDK:SDK--: [CoAPPing][startPing][offLineTime: 2041, timeout : 60000, isTimeout : false, isOnline : true]

05-20 16:05:52.901  3138  3257 I PeanutSDK:SDK--: [CoAPPing][startPing][offLineTime: 2041, timeout : 60000, isTimeout : false, isOnline : true]

05-20 16:05:54.293  8168  8197 I chatty  : uid=10082(com.keenon.peanut.sample) CoapClient1#2 expire 20 lines

05-20 16:05:54.943  3138  3257 I PeanutSDK:SDK--: [CoAPPing][startPing][offLineTime: 2032, timeout : 60000, isTimeout : false, isOnline : true]

05-20 16:05:55.469   668  1552 I chatty  : uid=1000(system) CoapPing#1 expire 10 lines

05-20 16:05:55.476   668  1562 I chatty  : uid=1000(system) UDP-Receiver-/: expire 11 lines

05-20 16:05:55.523  8168  8208 I chatty  : uid=10082(com.keenon.peanut.sample) CoapClient1#4 expire 11 lines

05-20 16:05:56.989  3138  3257 I PeanutSDK:SDK--: [CoAPPing][startPing][offLineTime: 2037, timeout : 60000, isTimeout : false, isOnline : true]

05-20 16:05:57.289  8168  8214 I chatty  : uid=10082(com.keenon.peanut.sample) pool-2-thread-5 expire 12 lines

05-20 16:05:57.308  8168  8196 I chatty  : uid=10082(com.keenon.peanut.sample) CoapClient1#1 expire 21 lines

05-20 16:05:59.036  3138  3257 I PeanutSDK:SDK--: [CoAPPing][startPing][offLineTime: 2037, timeout : 60000, isTimeout : false, isOnline : true]

05-20 16:06:00.306  8168  8209 I chatty  : uid=10082(com.keenon.peanut.sample) CoapClient1#5 expire 16 lines

05-20 16:06:01.086  3138  3257 I PeanutSDK:SDK--: [CoAPPing][startPing][offLineTime: 2041, timeout : 60000, isTimeout : false, isOnline : true]

05-20 16:06:01.582   668  1561 I chatty  : uid=1000(system) UDP-Receiver-/: expire 10 lines

05-20 16:06:02.292  8168  8210 I chatty  : uid=10082(com.keenon.peanut.sample) pool-2-thread-1 expire 12 lines

05-20 16:06:03.110  3138  3257 I PeanutSDK:SDK--: [CoAPPing][startPing][offLineTime: 2014, timeout : 60000, isTimeout : false, isOnline : true]

05-20 16:06:03.289  8168  8211 I chatty  : uid=10082(com.keenon.peanut.sample) pool-2-thread-2 expire 14 lines

05-20 16:06:05.117  3138  3257 I PeanutSDK:SDK--: [CoAPPing][startPing][offLineTime: 2003, timeout : 60000, isTimeout : false, isOnline : true]

05-20 16:06:07.162  3138  3257 I PeanutSDK:SDK--: [CoAPPing][startPing][offLineTime: 2035, timeout : 60000, isTimeout : false, isOnline : true]

05-20 16:06:07.312  8168  8208 I chatty  : uid=10082(com.keenon.peanut.sample) CoapClient1#4 expire 10 lines

05-20 16:06:07.313  8168  8168 I chatty  : uid=10082(com.keenon.peanut.sample) expire 10 lines

05-20 16:06:09.205  3138  3257 I PeanutSDK:SDK--: [CoAPPing][startPing][offLineTime: 2034, timeout : 60000, isTimeout : false, isOnline : true]

05-20 16:06:09.289  8168  8213 I chatty  : uid=10082(com.keenon.peanut.sample) pool-2-thread-4 expire 12 lines

05-20 16:06:11.240  3138  3257 I PeanutSDK:SDK--: [CoAPPing][startPing][offLineTime: 2025, timeout : 60000, isTimeout : false, isOnline : true]

05-20 16:06:13.290  3138  3257 I PeanutSDK:SDK--: [CoAPPing][startPing][offLineTime: 2040, timeout : 60000, isTimeout : false, isOnline : true]

05-20 16:06:15.335  3138  3257 I PeanutSDK:SDK--: [CoAPPing][startPing][offLineTime: 2035, timeout : 60000, isTimeout : false, isOnline : true]

05-20 16:06:15.876   668  1552 I chatty  : uid=1000(system) CoapPing#1 expire 10 lines

05-20 16:06:17.292  8168  8212 I chatty  : uid=10082(com.keenon.peanut.sample) pool-2-thread-3 expire 15 lines

05-20 16:06:17.386  3138  3257 I PeanutSDK:SDK--: [CoAPPing][startPing][offLineTime: 2041, timeout : 60000, isTimeout : false, isOnline : true]

05-20 16:06:17.562  8168  8209 I chatty  : uid=10082(com.keenon.peanut.sample) CoapClient1#5 expire 12 lines

05-20 16:06:17.597  8168  8197 I chatty  : uid=10082(com.keenon.peanut.sample) CoapClient1#2 expire 14 lines

05-20 16:06:18.041  8168  8208 I chatty  : uid=10082(com.keenon.peanut.sample) CoapClient1#4 expire 16 lines

05-20 16:06:18.307  8168  8196 I chatty  : uid=10082(com.keenon.peanut.sample) CoapClient1#1 expire 12 lines

05-20 16:06:19.436  3138  3257 I PeanutSDK:SDK--: [CoAPPing][startPing][offLineTime: 2040, timeout : 60000, isTimeout : false, isOnline : true]

05-20 16:06:21.487  3138  3257 I PeanutSDK:SDK--: [CoAPPing][startPing][offLineTime: 2041, timeout : 60000, isTimeout : false, isOnline : true]

05-20 16:06:23.519  3138  3257 I PeanutSDK:SDK--: [CoAPPing][startPing][offLineTime: 2022, timeout : 60000, isTimeout : false, isOnline : true]

05-20 16:06:24.762  8168  8195 I chatty  : uid=10082(com.keenon.peanut.sample) CoapPing#1 expire 15 lines

05-20 16:06:25.570  3138  3257 I PeanutSDK:SDK--: [CoAPPing][startPing][offLineTime: 2040, timeout : 60000, isTimeout : false, isOnline : true]

05-20 16:06:27.309  8168  8211 I chatty  : uid=10082(com.keenon.peanut.sample) pool-2-thread-2 expire 7 lines

05-20 16:06:27.605  3138  3257 I PeanutSDK:SDK--: [CoAPPing][startPing][offLineTime: 2029, timeout : 60000, isTimeout : false, isOnline : true]

05-20 16:06:29.657  3138  3257 I PeanutSDK:SDK--: [CoAPPing][startPing][offLineTime: 2040, timeout : 60000, isTimeout : false, isOnline : true]

05-20 16:06:30.289  8168  8213 I chatty  : uid=10082(com.keenon.peanut.sample) pool-2-thread-4 expire 9 lines

05-20 16:06:30.294  8168  8197 I chatty  : uid=10082(com.keenon.peanut.sample) CoapClient1#2 expire 19 lines

05-20 16:06:31.549  8168  8208 I chatty  : uid=10082(com.keenon.peanut.sample) CoapClient1#4 expire 18 lines

05-20 16:06:31.656  8168  8196 I chatty  : uid=10082(com.keenon.peanut.sample) CoapClient1#1 expire 13 lines

05-20 16:06:31.707  3138  3257 I PeanutSDK:SDK--: [CoAPPing][startPing][offLineTime: 2041, timeout : 60000, isTimeout : false, isOnline : true]

05-20 16:06:32.304  8168  8209 I chatty  : uid=10082(com.keenon.peanut.sample) CoapClient1#5 expire 12 lines

05-20 16:06:32.305  8168  8168 I chatty  : uid=10082(com.keenon.peanut.sample) expire 9 lines

05-20 16:06:33.289  8168  8214 I chatty  : uid=10082(com.keenon.peanut.sample) pool-2-thread-5 expire 15 lines

05-20 16:06:33.738  3138  3257 I PeanutSDK:SDK--: [CoAPPing][startPing][offLineTime: 2022, timeout : 60000, isTimeout : false, isOnline : true]

05-20 16:06:35.785  3138  3257 I PeanutSDK:SDK--: [CoAPPing][startPing][offLineTime: 2036, timeout : 60000, isTimeout : false, isOnline : true]

05-20 16:06:36.316   668  1552 I chatty  : uid=1000(system) CoapPing#1 expire 10 lines

05-20 16:06:37.825  3138  3257 I PeanutSDK:SDK--: [CoAPPing][startPing][offLineTime: 2031, timeout : 60000, isTimeout : false, isOnline : true]

05-20 16:06:38.364   668  1561 I chatty  : uid=1000(system) UDP-Receiver-/: expire 5 lines

05-20 16:06:39.875  3138  3257 I PeanutSDK:SDK--: [CoAPPing][startPing][offLineTime: 2041, timeout : 60000, isTimeout : false, isOnline : true]

05-20 16:06:41.925  3138  3257 I PeanutSDK:SDK--: [CoAPPing][startPing][offLineTime: 2041, timeout : 60000, isTimeout : false, isOnline : true]

05-20 16:06:42.292  8168  8210 I chatty  : uid=10082(com.keenon.peanut.sample) pool-2-thread-1 expire 3 lines

05-20 16:06:42.450   668  1562 I chatty  : uid=1000(system) UDP-Receiver-/: expire 5 lines

05-20 16:06:43.959  3138  3257 I PeanutSDK:SDK--: [CoAPPing][startPing][offLineTime: 2025, timeout : 60000, isTimeout : false, isOnline : true]

05-20 16:06:46.008  3138  3257 I PeanutSDK:SDK--: [CoAPPing][startPing][offLineTime: 2040, timeout : 60000, isTimeout : false, isOnline : true]

05-20 16:06:46.678  8168  8196 I chatty  : uid=10082(com.keenon.peanut.sample) CoapClient1#1 expire 16 lines

05-20 16:06:47.309  8168  8209 I chatty  : uid=10082(com.keenon.peanut.sample) CoapClient1#5 expire 11 lines

05-20 16:06:48.059  3138  3257 I PeanutSDK:SDK--: [CoAPPing][startPing][offLineTime: 2041, timeout : 60000, isTimeout : false, isOnline : true]

05-20 16:06:49.103  8168  8197 I chatty  : uid=10082(com.keenon.peanut.sample) CoapClient1#2 expire 8 lines

05-20 16:06:50.101  3138  3257 I PeanutSDK:SDK--: [CoAPPing][startPing][offLineTime: 2032, timeout : 60000, isTimeout : false, isOnline : true]

05-20 16:06:50.494   441   539 I chatty  : uid=1000(system) android.fg expire 2 lines

05-20 16:06:51.308  8168  8208 I chatty  : uid=10082(com.keenon.peanut.sample) CoapClient1#4 expire 12 lines

05-20 16:06:52.107  3138  3257 I PeanutSDK:SDK--: [CoAPPing][startPing][offLineTime: 2002, timeout : 60000, isTimeout : false, isOnline : true]

05-20 16:06:54.135  3138  3257 I PeanutSDK:SDK--: [CoAPPing][startPing][offLineTime: 2025, timeout : 60000, isTimeout : false, isOnline : true]

05-20 16:06:54.918  8168  8195 I chatty  : uid=10082(com.keenon.peanut.sample) CoapPing#1 expire 3 lines

05-20 16:06:56.186  3138  3257 I PeanutSDK:SDK--: [CoAPPing][startPing][offLineTime: 2039, timeout : 60000, isTimeout : false, isOnline : true]

05-20 16:06:56.681   668  1552 I chatty  : uid=1000(system) CoapPing#1 expire 4 lines

05-20 16:06:57.289  8168  8214 I chatty  : uid=10082(com.keenon.peanut.sample) pool-2-thread-5 expire 6 lines

05-20 16:06:58.235  3138  3257 I PeanutSDK:SDK--: [CoAPPing][startPing][offLineTime: 2039, timeout : 60000, isTimeout : false, isOnline : true]

05-20 16:07:00.285  3138  3257 I PeanutSDK:SDK--: [CoAPPing][startPing][offLineTime: 2039, timeout : 60000, isTimeout : false, isOnline : true]

05-20 16:07:00.308  8168  8209 I chatty  : uid=10082(com.keenon.peanut.sample) CoapClient1#5 expire 4 lines

05-20 16:07:00.755   668  1561 I chatty  : uid=1000(system) UDP-Receiver-/: expire 2 lines

05-20 16:07:00.951  8168  8195 I chatty  : uid=10082(com.keenon.peanut.sample) CoapPing#1 expire 2 lines

05-20 16:07:01.926  8168  8197 I chatty  : uid=10082(com.keenon.peanut.sample) CoapClient1#2 expire 4 lines

05-20 16:07:02.065  8168  8196 I chatty  : uid=10082(com.keenon.peanut.sample) CoapClient1#1 expire 2 lines

05-20 16:07:02.292  8168  8213 I chatty  : uid=10082(com.keenon.peanut.sample) pool-2-thread-4 expire 3 lines

05-20 16:07:02.308  8168  8208 I chatty  : uid=10082(com.keenon.peanut.sample) CoapClient1#4 expire 2 lines

05-20 16:07:02.310  8168  8168 I chatty  : uid=10082(com.keenon.peanut.sample) expire 1 line

05-20 16:07:02.335  3138  3257 I PeanutSDK:SDK--: [CoAPPing][startPing][offLineTime: 2041, timeout : 60000, isTimeout : false, isOnline : true]

05-20 16:07:02.797   668  1562 I chatty  : uid=1000(system) UDP-Receiver-/: expire 1 line

05-20 16:07:03.289  8168  8211 I chatty  : uid=10082(com.keenon.peanut.sample) pool-2-thread-2 expire 3 lines

05-20 16:07:03.295  8168  8209 I chatty  : uid=10082(com.keenon.peanut.sample) CoapClient1#5 expire 4 lines

05-20 16:07:04.385  3138  3257 I PeanutSDK:SDK--: [CoAPPing][startPing][offLineTime: 2041, timeout : 60000, isTimeout : false, isOnline : true]

05-20 16:07:04.835   668  1552 I chatty  : uid=1000(system) CoapPing#1 expire 3 lines

05-20 16:07:04.972  8168  8195 I chatty  : uid=10082(com.keenon.peanut.sample) CoapPing#1 expire 2 lines

05-20 16:07:05.074  8168  8196 I chatty  : uid=10082(com.keenon.peanut.sample) CoapClient1#1 expire 13 lines

05-20 16:07:06.289  8168  8211 I chatty  : uid=10082(com.keenon.peanut.sample) pool-2-thread-2 expire 3 lines

05-20 16:07:06.308  8168  8208 I chatty  : uid=10082(com.keenon.peanut.sample) CoapClient1#4 expire 14 lines

05-20 16:07:06.435  3138  3257 I PeanutSDK:SDK--: [CoAPPing][startPing][offLineTime: 2040, timeout : 60000, isTimeout : false, isOnline : true]

05-20 16:07:06.884   668  1562 I chatty  : uid=1000(system) UDP-Receiver-/: expire 1 line

05-20 16:07:07.113  8168  8209 I chatty  : uid=10082(com.keenon.peanut.sample) CoapClient1#5 expire 15 lines

05-20 16:07:07.291  8168  8210 I chatty  : uid=10082(com.keenon.peanut.sample) pool-2-thread-1 expire 3 lines

05-20 16:07:07.309  8168  8197 I chatty  : uid=10082(com.keenon.peanut.sample) CoapClient1#2 expire 14 lines

05-20 16:07:07.310  8168  8168 I chatty  : uid=10082(com.keenon.peanut.sample) expire 9 lines

05-20 16:07:08.480  3138  3257 I PeanutSDK:SDK--: [CoAPPing][startPing][offLineTime: 2040, timeout : 60000, isTimeout : false, isOnline : true]

05-20 16:07:08.909   668  1561 I chatty  : uid=1000(system) UDP-Receiver-/: expire 1 line

05-20 16:07:08.987  8168  8195 I chatty  : uid=10082(com.keenon.peanut.sample) CoapPing#1 expire 10 lines

05-20 16:07:09.289  8168  8214 I chatty  : uid=10082(com.keenon.peanut.sample) pool-2-thread-5 expire 12 lines

05-20 16:07:09.729   441   601 I chatty  : uid=1000(system) WifiStateMachin expire 1 line

05-20 16:07:10.486   441   539 I chatty  : uid=1000(system) android.fg expire 2 lines

05-20 16:07:10.501   441   601 I chatty  : uid=1000(system) WifiStateMachin expire 1 line

05-20 16:07:10.517  3138  3257 I PeanutSDK:SDK--: [CoAPPing][startPing][offLineTime: 2029, timeout : 60000, isTimeout : false, isOnline : true]

05-20 16:07:10.951   668  1552 I chatty  : uid=1000(system) CoapPing#1 expire 2 lines

05-20 16:07:10.959   668  1562 I chatty  : uid=1000(system) UDP-Receiver-/: expire 1 line

05-20 16:07:12.291  8168  8211 I chatty  : uid=10082(com.keenon.peanut.sample) pool-2-thread-2 expire 6 lines

05-20 16:07:12.532  3138  3257 I PeanutSDK:SDK--: [CoAPPing][startPing][offLineTime: 2009, timeout : 60000, isTimeout : false, isOnline : true]

05-20 16:07:13.010   668  1561 I chatty  : uid=1000(system) UDP-Receiver-/: expire 1 line

05-20 16:07:13.653   944  1290 I chatty  : uid=1000(system) RxComputationTh expire 1 line

05-20 16:07:14.586  3138  3257 I PeanutSDK:SDK--: [CoAPPing][startPing][offLineTime: 2040, timeout : 60000, isTimeout : false, isOnline : true]

05-20 16:07:15.053   668  1552 I chatty  : uid=1000(system) CoapPing#1 expire 2 lines

05-20 16:07:15.061   668  1562 I chatty  : uid=1000(system) UDP-Receiver-/: expire 2 lines

05-20 16:07:15.289  8168  8212 I chatty  : uid=10082(com.keenon.peanut.sample) pool-2-thread-3 expire 6 lines

05-20 16:07:16.622  3138  3257 I PeanutSDK:SDK--: [CoAPPing][startPing][offLineTime: 2026, timeout : 60000, isTimeout : false, isOnline : true]

05-20 16:07:17.111   668  1561 I chatty  : uid=1000(system) UDP-Receiver-/: expire 1 line

05-20 16:07:17.292  8168  8210 I chatty  : uid=10082(com.keenon.peanut.sample) pool-2-thread-1 expire 6 lines

05-20 16:07:18.289  8168  8213 I chatty  : uid=10082(com.keenon.peanut.sample) pool-2-thread-4 expire 9 lines

05-20 16:07:18.672  3138  3257 I PeanutSDK:SDK--: [CoAPPing][startPing][offLineTime: 2040, timeout : 60000, isTimeout : false, isOnline : true]

05-20 16:07:19.154   668  1552 I chatty  : uid=1000(system) CoapPing#1 expire 2 lines

05-20 16:07:19.466  8168  8208 I chatty  : uid=10082(com.keenon.peanut.sample) CoapClient1#4 expire 9 lines

05-20 16:07:20.714  3138  3257 I PeanutSDK:SDK--: [CoAPPing][startPing][offLineTime: 2032, timeout : 60000, isTimeout : false, isOnline : true]

05-20 16:07:21.201   668  1561 I chatty  : uid=1000(system) UDP-Receiver-/: expire 1 line

05-20 16:07:21.308  8168  8197 I chatty  : uid=10082(com.keenon.peanut.sample) CoapClient1#2 expire 15 lines

05-20 16:07:22.309  8168  8196 I chatty  : uid=10082(com.keenon.peanut.sample) CoapClient1#1 expire 6 lines

05-20 16:07:22.478  8168  8209 I chatty  : uid=10082(com.keenon.peanut.sample) CoapClient1#5 expire 9 lines

05-20 16:07:22.562   668  1550 I chatty  : uid=1000(system) #Retry expire 5 lines

05-20 16:07:22.801  3138  3257 I PeanutSDK:SDK--: [CoAPPing][startPing][offLineTime: 2040, timeout : 60000, isTimeout : false, isOnline : true]

05-20 16:07:23.243   668  1552 I chatty  : uid=1000(system) CoapPing#1 expire 2 lines

05-20 16:07:23.254   668  1562 I chatty  : uid=1000(system) UDP-Receiver-/: expire 2 lines

05-20 16:07:24.845  3138  3257 I PeanutSDK:SDK--: [CoAPPing][startPing][offLineTime: 2034, timeout : 60000, isTimeout : false, isOnline : true]

05-20 16:07:25.304   668  1561 I chatty  : uid=1000(system) UDP-Receiver-/: expire 1 line

05-20 16:07:26.895  3138  3257 I PeanutSDK:SDK--: [CoAPPing][startPing][offLineTime: 2040, timeout : 60000, isTimeout : false, isOnline : true]

05-20 16:07:27.110  8168  8192 I chatty  : uid=10082(com.keenon.peanut.sample) OfflineAuth#2 expire 3 lines

05-20 16:07:27.347   668  1552 I chatty  : uid=1000(system) CoapPing#1 expire 2 lines

05-20 16:07:28.946  3138  3257 I PeanutSDK:SDK--: [CoAPPing][startPing][offLineTime: 2041, timeout : 60000, isTimeout : false, isOnline : true]

05-20 16:07:29.091  8168  8195 I chatty  : uid=10082(com.keenon.peanut.sample) CoapPing#1 expire 1 line

05-20 16:07:29.397   668  1561 I chatty  : uid=1000(system) UDP-Receiver-/: expire 1 line

05-20 16:07:29.705  8168  8208 I chatty  : uid=10082(com.keenon.peanut.sample) CoapClient1#4 expire 1 line

05-20 16:07:29.734   441   601 I chatty  : uid=1000(system) WifiStateMachin expire 2 lines

05-20 16:07:29.911  8168  8209 I chatty  : uid=10082(com.keenon.peanut.sample) CoapClient1#5 expire 2 lines

05-20 16:07:30.289  8168  8211 I chatty  : uid=10082(com.keenon.peanut.sample) pool-2-thread-2 expire 3 lines

05-20 16:07:30.306  8168  8196 I chatty  : uid=10082(com.keenon.peanut.sample) CoapClient1#1 expire 4 lines

05-20 16:07:30.508   441   539 I chatty  : uid=1000(system) android.fg expire 2 lines

05-20 16:07:30.996  3138  3257 I PeanutSDK:SDK--: [CoAPPing][startPing][offLineTime: 2040, timeout : 60000, isTimeout : false, isOnline : true]

05-20 16:07:31.101  8168  8195 I chatty  : uid=10082(com.keenon.peanut.sample) CoapPing#1 expire 1 line

05-20 16:07:31.440   668  1552 I chatty  : uid=1000(system) CoapPing#1 expire 2 lines

05-20 16:07:31.449   668  1562 I chatty  : uid=1000(system) UDP-Receiver-/: expire 2 lines

05-20 16:07:32.292  8168  8212 I chatty  : uid=10082(com.keenon.peanut.sample) pool-2-thread-3 expire 3 lines

05-20 16:07:32.310  8168  8197 I chatty  : uid=10082(com.keenon.peanut.sample) CoapClient1#2 expire 4 lines

05-20 16:07:32.311  8168  8168 I chatty  : uid=10082(com.keenon.peanut.sample) expire 1 line

05-20 16:07:32.714  8168  8208 I chatty  : uid=10082(com.keenon.peanut.sample) CoapClient1#4 expire 2 lines

05-20 16:07:32.921  8168  8209 I chatty  : uid=10082(com.keenon.peanut.sample) CoapClient1#5 expire 2 lines

05-20 16:07:33.021  3138  3257 I PeanutSDK:SDK--: [CoAPPing][startPing][offLineTime: 2017, timeout : 60000, isTimeout : false, isOnline : true]

05-20 16:07:33.107  8168  8195 I chatty  : uid=10082(com.keenon.peanut.sample) CoapPing#1 expire 2 lines

05-20 16:07:33.289  8168  8214 I chatty  : uid=10082(com.keenon.peanut.sample) pool-2-thread-5 expire 3 lines

05-20 16:07:33.306  8168  8196 I chatty  : uid=10082(com.keenon.peanut.sample) CoapClient1#1 expire 4 lines

05-20 16:07:33.492   668  1561 I chatty  : uid=1000(system) UDP-Receiver-/: expire 1 line

05-20 16:07:35.072  3138  3257 I PeanutSDK:SDK--: [CoAPPing][startPing][offLineTime: 2040, timeout : 60000, isTimeout : false, isOnline : true]

05-20 16:07:35.507   668  1552 I chatty  : uid=1000(system) CoapPing#1 expire 3 lines

05-20 16:07:35.718  8168  8208 I chatty  : uid=10082(com.keenon.peanut.sample) CoapClient1#4 expire 12 lines

05-20 16:07:36.289  8168  8214 I chatty  : uid=10082(com.keenon.peanut.sample) pool-2-thread-5 expire 3 lines

05-20 16:07:36.307  8168  8209 I chatty  : uid=10082(com.keenon.peanut.sample) CoapClient1#5 expire 16 lines

05-20 16:07:37.122  3138  3257 I PeanutSDK:SDK--: [CoAPPing][startPing][offLineTime: 2040, timeout : 60000, isTimeout : false, isOnline : true]

05-20 16:07:37.129  8168  8195 I chatty  : uid=10082(com.keenon.peanut.sample) CoapPing#1 expire 11 lines

05-20 16:07:37.292  8168  8211 I chatty  : uid=10082(com.keenon.peanut.sample) pool-2-thread-2 expire 3 lines

05-20 16:07:37.301  8168  8196 I chatty  : uid=10082(com.keenon.peanut.sample) CoapClient1#1 expire 13 lines

05-20 16:07:37.301  8168  8168 I chatty  : uid=10082(com.keenon.peanut.sample) expire 9 lines

05-20 16:07:37.563   668  1561 I chatty  : uid=1000(system) UDP-Receiver-/: expire 1 line

05-20 16:07:37.674  8168  8197 I chatty  : uid=10082(com.keenon.peanut.sample) CoapClient1#2 expire 13 lines

05-20 16:07:39.172  3138  3257 I PeanutSDK:SDK--: [CoAPPing][startPing][offLineTime: 2041, timeout : 60000, isTimeout : false, isOnline : true]

05-20 16:07:39.290  8168  8210 I chatty  : uid=10082(com.keenon.peanut.sample) pool-2-thread-1 expire 12 lines

05-20 16:07:39.612   668  1562 I chatty  : uid=1000(system) UDP-Receiver-/: expire 2 lines

05-20 16:07:41.222  3138  3257 I PeanutSDK:SDK--: [CoAPPing][startPing][offLineTime: 2040, timeout : 60000, isTimeout : false, isOnline : true]

05-20 16:07:41.645   668  1552 I chatty  : uid=1000(system) CoapPing#1 expire 3 lines

05-20 16:07:42.292  8168  8212 I chatty  : uid=10082(com.keenon.peanut.sample) pool-2-thread-3 expire 3 lines

05-20 16:07:43.272  3138  3257 I PeanutSDK:SDK--: [CoAPPing][startPing][offLineTime: 2040, timeout : 60000, isTimeout : false, isOnline : true]

05-20 16:07:43.703   668  1561 I chatty  : uid=1000(system) UDP-Receiver-/: expire 2 lines

05-20 16:07:45.321  3138  3257 I PeanutSDK:SDK--: [CoAPPing][startPing][offLineTime: 2040, timeout : 60000, isTimeout : false, isOnline : true]

05-20 16:07:45.753   668  1562 I chatty  : uid=1000(system) UDP-Receiver-/: expire 1 line

05-20 16:07:47.291  8168  8213 I chatty  : uid=10082(com.keenon.peanut.sample) pool-2-thread-4 expire 12 lines

05-20 16:07:47.366  3138  3257 I PeanutSDK:SDK--: [CoAPPing][startPing][offLineTime: 2039, timeout : 60000, isTimeout : false, isOnline : true]

05-20 16:07:47.797   668  1552 I chatty  : uid=1000(system) CoapPing#1 expire 1 line

05-20 16:07:48.289  8168  8211 I chatty  : uid=10082(com.keenon.peanut.sample) pool-2-thread-2 expire 6 lines

05-20 16:07:49.410  3138  3257 I PeanutSDK:SDK--: [CoAPPing][startPing][offLineTime: 2041, timeout : 60000, isTimeout : false, isOnline : true]

05-20 16:07:49.735   441   601 I chatty  : uid=1000(system) WifiStateMachin expire 1 line

05-20 16:07:49.825   668  1552 I chatty  : uid=1000(system) CoapPing#1 expire 1 line

05-20 16:07:49.829   668  1562 I chatty  : uid=1000(system) UDP-Receiver-/: expire 1 line

05-20 16:07:49.932  8168  8196 I chatty  : uid=10082(com.keenon.peanut.sample) CoapClient1#1 expire 12 lines

05-20 16:07:50.145  8168  8209 I chatty  : uid=10082(com.keenon.peanut.sample) CoapClient1#5 expire 10 lines

05-20 16:07:50.506   441   539 I chatty  : uid=1000(system) android.fg expire 2 lines

05-20 16:07:50.520   441   601 I chatty  : uid=1000(system) WifiStateMachin expire 1 line

05-20 16:07:51.308  8168  8197 I chatty  : uid=10082(com.keenon.peanut.sample) CoapClient1#2 expire 12 lines

05-20 16:07:51.441  3138  3257 I PeanutSDK:SDK--: [CoAPPing][startPing][offLineTime: 2021, timeout : 60000, isTimeout : false, isOnline : true]

05-20 16:07:51.870   668  1552 I chatty  : uid=1000(system) CoapPing#1 expire 2 lines

05-20 16:07:51.877   668  1561 I chatty  : uid=1000(system) UDP-Receiver-/: expire 1 line

05-20 16:07:52.309  8168  8208 I chatty  : uid=10082(com.keenon.peanut.sample) CoapClient1#4 expire 9 lines

05-20 16:07:53.485  3138  3257 I PeanutSDK:SDK--: [CoAPPing][startPing][offLineTime: 2035, timeout : 60000, isTimeout : false, isOnline : true]

05-20 16:07:53.902   668  1562 I chatty  : uid=1000(system) UDP-Receiver-/: expire 1 line

05-20 16:07:55.515  3138  3257 I PeanutSDK:SDK--: [CoAPPing][startPing][offLineTime: 2021, timeout : 60000, isTimeout : false, isOnline : true]

05-20 16:07:55.945   668  1552 I chatty  : uid=1000(system) CoapPing#1 expire 2 lines

05-20 16:07:55.948   668  1561 I chatty  : uid=1000(system) UDP-Receiver-/: expire 1 line

05-20 16:07:57.112  8168  8192 I chatty  : uid=10082(com.keenon.peanut.sample) OfflineAuth#2 expire 3 lines

05-20 16:07:57.292  8168  8214 I chatty  : uid=10082(com.keenon.peanut.sample) pool-2-thread-5 expire 3 lines

05-20 16:07:57.566  3138  3257 I PeanutSDK:SDK--: [CoAPPing][startPing][offLineTime: 2040, timeout : 60000, isTimeout : false, isOnline : true]

05-20 16:07:57.988   668  1562 I chatty  : uid=1000(system) UDP-Receiver-/: expire 1 line

05-20 16:07:59.253  8168  8195 I chatty  : uid=10082(com.keenon.peanut.sample) CoapPing#1 expire 2 lines

05-20 16:07:59.616  3138  3257 I PeanutSDK:SDK--: [CoAPPing][startPing][offLineTime: 2041, timeout : 60000, isTimeout : false, isOnline : true]

05-20 16:08:00.029   668  1552 I chatty  : uid=1000(system) CoapPing#1 expire 2 lines

05-20 16:08:00.035   668  1561 I chatty  : uid=1000(system) UDP-Receiver-/: expire 1 line

05-20 16:08:01.666  3138  3257 I PeanutSDK:SDK--: [CoAPPing][startPing][offLineTime: 2041, timeout : 60000, isTimeout : false, isOnline : true]

05-20 16:08:02.078   668  1562 I chatty  : uid=1000(system) UDP-Receiver-/: expire 1 line

05-20 16:08:02.292  8168  8210 I chatty  : uid=10082(com.keenon.peanut.sample) pool-2-thread-1 expire 3 lines

05-20 16:08:02.309  8168  8197 I chatty  : uid=10082(com.keenon.peanut.sample) CoapClient1#2 expire 4 lines

05-20 16:08:03.151  8168  8209 I chatty  : uid=10082(com.keenon.peanut.sample) CoapClient1#5 expire 2 lines

05-20 16:08:03.252  8168  8208 I chatty  : uid=10082(com.keenon.peanut.sample) CoapClient1#4 expire 2 lines

05-20 16:08:03.278  8168  8195 I chatty  : uid=10082(com.keenon.peanut.sample) CoapPing#1 expire 2 lines

05-20 16:08:03.289  8168  8212 I chatty  : uid=10082(com.keenon.peanut.sample) pool-2-thread-3 expire 3 lines

05-20 16:08:03.294  8168  8196 I chatty  : uid=10082(com.keenon.peanut.sample) CoapClient1#1 expire 4 lines

05-20 16:08:03.715  3138  3257 I PeanutSDK:SDK--: [CoAPPing][startPing][offLineTime: 2040, timeout : 60000, isTimeout : false, isOnline : true]

05-20 16:08:04.107   668  1552 I chatty  : uid=1000(system) CoapPing#1 expire 2 lines

05-20 16:08:04.114   668  1561 I chatty  : uid=1000(system) UDP-Receiver-/: expire 2 lines

05-20 16:08:05.747  3138  3257 I PeanutSDK:SDK--: [CoAPPing][startPing][offLineTime: 2029, timeout : 60000, isTimeout : false, isOnline : true]

05-20 16:08:06.156   668  1562 I chatty  : uid=1000(system) UDP-Receiver-/: expire 1 line

05-20 16:08:06.161  8168  8209 I chatty  : uid=10082(com.keenon.peanut.sample) CoapClient1#5 expire 2 lines

05-20 16:08:06.289  8168  8212 I chatty  : uid=10082(com.keenon.peanut.sample) pool-2-thread-3 expire 3 lines

05-20 16:08:06.307  8168  8208 I chatty  : uid=10082(com.keenon.peanut.sample) CoapClient1#4 expire 4 lines

05-20 16:08:07.292  8168  8211 I chatty  : uid=10082(com.keenon.peanut.sample) pool-2-thread-2 expire 3 lines

05-20 16:08:07.294  8168  8195 I chatty  : uid=10082(com.keenon.peanut.sample) CoapPing#1 expire 1 line

05-20 16:08:07.309  8168  8196 I chatty  : uid=10082(com.keenon.peanut.sample) CoapClient1#1 expire 2 lines

05-20 16:08:07.310  8168  8168 I chatty  : uid=10082(com.keenon.peanut.sample) expire 2 lines

05-20 16:08:07.705  8168  8197 I chatty  : uid=10082(com.keenon.peanut.sample) CoapClient1#2 expire 3 lines

05-20 16:08:07.777  3138  3257 I PeanutSDK:SDK--: [CoAPPing][startPing][offLineTime: 2020, timeout : 60000, isTimeout : false, isOnline : true]

05-20 16:08:08.165   668  1552 I chatty  : uid=1000(system) CoapPing#1 expire 2 lines

05-20 16:08:08.503  8168  8209 I chatty  : uid=10082(com.keenon.peanut.sample) CoapClient1#5 expire 12 lines

05-20 16:08:09.173  8168  8208 I chatty  : uid=10082(com.keenon.peanut.sample) CoapClient1#4 expire 2 lines

05-20 16:08:09.289  8168  8213 I chatty  : uid=10082(com.keenon.peanut.sample) pool-2-thread-4 expire 3 lines

05-20 16:08:09.306  8168  8195 I chatty  : uid=10082(com.keenon.peanut.sample) CoapPing#1 expire 1 line

05-20 16:08:09.308  8168  8196 I chatty  : uid=10082(com.keenon.peanut.sample) CoapClient1#1 expire 4 lines

05-20 16:08:09.739   441   601 I chatty  : uid=1000(system) WifiStateMachin expire 1 line

05-20 16:08:09.786  3138  3257 I PeanutSDK:SDK--: [CoAPPing][startPing][offLineTime: 2000, timeout : 60000, isTimeout : false, isOnline : true]

05-20 16:08:10.096  8168  8197 I chatty  : uid=10082(com.keenon.peanut.sample) CoapClient1#2 expire 2 lines

05-20 16:08:10.198   668  1562 I chatty  : uid=1000(system) UDP-Receiver-/: expire 1 line

05-20 16:08:10.519   441   539 I chatty  : uid=1000(system) android.fg expire 2 lines

05-20 16:08:10.534   441   601 I chatty  : uid=1000(system) WifiStateMachin expire 1 line

05-20 16:08:11.313  8168  8195 I chatty  : uid=10082(com.keenon.peanut.sample) CoapPing#1 expire 10 lines

05-20 16:08:11.826  3138  3257 I PeanutSDK:SDK--: [CoAPPing][startPing][offLineTime: 2033, timeout : 60000, isTimeout : false, isOnline : true]

