05-18 12:48:16.757 I/PeanutSDK:API--(12788): [ScheduleLiveApi][onSuccess: {"code":0,"data":{"local":{"id":1,"status":0},"other":[]},"msg":"success","status":0}]
05-18 12:48:16.827 I/PeanutSDK:API--(12788): [ScheduleStatusApi][onSuccess: {"code":0,"data":null,"msg":"success","status":0}]
05-18 12:48:16.829 I/PeanutSDK:API--(12788): [NavigationStatusApi][onSuccess: {"code":0,"data":{"dst":0,"remain_length":-1.0,"remain_time":-1.0,"schedule":0,"status":-1,"total_length":-1.0,"total_time":-1.0},"msg":"success","status":0}]
05-18 12:48:16.829 I/FoodDelivery:component.scheduler:ScheduleManager(12788): 数据解析异常
05-18 12:48:16.833 I/PeanutSDK:API--(12788): [DynamicObjectApi][onSuccess: {"code":0,"data":{"distance":0.0,"exist":false},"msg":"success","status":0}]
05-18 12:48:16.838 I/klog.comm.sdk.success [TopicManager](12788): subscribe:{"code":0,"data":{"distance":0,"exist":false,"left":false,"middle":false,"right":false},"topic":"sensordynamic.object.perception"}
05-18 12:48:16.927 I/PeanutSDK:API--(12788): [ScheduleLiveApi][onSuccess: {"code":0,"data":{"local":{"id":1,"status":0},"other":[]},"msg":"success","status":0}]
05-18 12:48:16.971 E/AudioService(  430): Media server started.
05-18 12:48:16.973 D/PermissionCache(17269): checking android.permission.MODIFY_AUDIO_SETTINGS for uid=1000 => granted (380 us)
05-18 12:48:16.975 I/AudioFlinger(17269): AudioFlinger's thread 0xb2e4c008 ready to run
05-18 12:48:16.976 E/FastThread(17269): did not receive expected priority boost
05-18 12:48:16.977 D/APM::AudioPolicyManager(17269): setDeviceConnectionState() could not find HW module for device 00000800
05-18 12:48:16.977 W/APM::AudioPolicyEngine(17269): setPhoneState() setting same state 0
05-18 12:48:16.977 W/APM::AudioPolicyManager(17269): setPhoneState() invalid or same state 0
05-18 12:48:16.980 I/PeanutSDK:SDK--(16668): [CoAPPing][startPing][offLineTime: 2000, timeout : 60000, isTimeout : false, isOnline : true]
05-18 12:48:16.986 I/PeanutSDK:API--(12788): [ScheduleLiveApi][onSuccess: {"code":0,"data":{"local":{"id":1,"status":0},"other":[]},"msg":"success","status":0}]
05-18 12:48:16.986 I/AudioFlinger(17269): systemReady
05-18 12:48:17.092 I/PeanutSDK:API--(12788): [ScheduleLiveApi][onSuccess: {"code":0,"data":{"local":{"id":1,"status":0},"other":[]},"msg":"success","status":0}]
05-18 12:48:17.191 I/PeanutSDK:SDK--(12788): [SerialLinkAdapter]Raw Received  :AA AA 00 7C 21 00 11 00 00 42 21 01 05 00 09 00 01 01 00 01 01 00 01 01 00 EC CD 55 55 
05-18 12:48:17.198 I/PeanutSDK:API--(12788): [ScheduleLiveApi][onSuccess: {"code":0,"data":{"local":{"id":1,"status":0},"other":[]},"msg":"success","status":0}]
05-18 12:48:17.215 I/systemService:core.mqtt:mqtt.peanut_mqtt_ssl(  949): ssl://cloud.robotkeenon.com:8883 online check : is connected
05-18 12:48:17.302 I/PeanutSDK:API--(12788): [ScheduleLiveApi][onSuccess: {"code":0,"data":{"local":{"id":1,"status":0},"other":[]},"msg":"success","status":0}]
05-18 12:48:17.357 D/PeanutSDK:RUNTIME--(16668): [PeanutRuntime][queryOdo]
05-18 12:48:17.359 D/PeanutSDK:SDK--(16668): [LinkAdapterFactory][resetConfig][comRobot=/dev/ttyS1,comEmotion=/dev/ttyS2,comLight=/dev/ttyUSB0,comDoor=/dev/ttyS2,defaultLinkType=COAP,defaultSerialPath=/dev/ttyS1]
05-18 12:48:17.360 D/PeanutSDK:SDK--(16668): [CoapLinkAdapter][adapt][url: coap://192.168.64.20:5683, path: /runtime/odo, type: GET, msgType: CON, params: null]
05-18 12:48:17.375 I/PeanutSDK:API--(12788): [ScheduleLiveApi][onSuccess: {"code":0,"data":{"local":{"id":1,"status":0},"other":[]},"msg":"success","status":0}]
05-18 12:48:17.376 I/PeanutSDK:API--(16668): [RuntimeOdoApi][onSuccess: {"code":0,"data":{"odo":48.21200180053711},"msg":"success","status":0}]
05-18 12:48:17.378 D/PeanutSDK:API--(16668): [RuntimeOdoApi][onSuccess json: {"data":{"odo":48.21200180053711},"code":0,"msg":"success","status":0}]
05-18 12:48:17.378 D/PeanutSDK:RUNTIME--(16668): [PeanutRuntime][odo][response = {"data":{"odo":48.21200180053711},"code":0,"msg":"success","status":0}]
05-18 12:48:17.379 D/PeanutSDK:RUNTIME--(16668): [PeanutRuntime][odo:48.21200180053711]
05-18 12:48:17.386 I/PeanutSDK:SDK--(  670): [CoAPPing][startPing][offLineTime: 2033, timeout : 60000, isTimeout : false, isOnline : true]
05-18 12:48:17.392 W/art     (  670): Long monitor contention event with owner method=void java.net.DatagramSocket.receive(java.net.DatagramPacket) from DatagramSocket.java:4294967295 waiters=0 for 2.039s
05-18 12:48:17.414 I/PeanutSDK:SDK--(12788): [LinkAdapterFactory][resetConfig][comRobot=/dev/ttyS3,comEmotion=/dev/ttyS3,comLight=/dev/ttyS3,comDoor=/dev/ttyS3,comKc01=/dev/ttyS1,comEmotionKc01=/dev/ttyS3,comBattery=/dev/ttyS2,comRola=/dev/ttyS2,defaultLinkType=COAP,defaultSerialPath=/dev/ttyS3]
05-18 12:48:17.414 I/PeanutManager(12788): mqtt is connect:true
05-18 12:48:17.415 I/PeanutSDK:SDK--(12788): [CoapLinkAdapter][adapt][url: coap://192.168.64.20:5683, path: /runtime/odo, type: GET, msgType: CON, params: null]
05-18 12:48:17.416 I/klog.outter.mapping [PeanutManager](12788): fixedMappingMode():mHasReceivedMappingStop=false  mHasReceivedMappingStart=false
05-18 12:48:17.417 I/klog.outter.mapping [PeanutManager](12788): fixedMappingMode():mIsMappingMode=false  isPreMappingMode=false  heartBeatAlive=false
05-18 12:48:17.418 I/klog.robot.biz.ps [PeanutManager](12788): isApplicationBroughtToBackground……
05-18 12:48:17.419 I/klog.robot.biz.ps [MotorModel](12788): MotorEntity{id=2, motorState=true}
05-18 12:48:17.420 I/klog.comm.coap.request [PeanutManager](12788): controlMotorLock lock: true
05-18 12:48:17.421 I/PeanutSDK:SDK--(12788): [LinkAdapterFactory][resetConfig][comRobot=/dev/ttyS3,comEmotion=/dev/ttyS3,comLight=/dev/ttyS3,comDoor=/dev/ttyS3,comKc01=/dev/ttyS1,comEmotionKc01=/dev/ttyS3,comBattery=/dev/ttyS2,comRola=/dev/ttyS2,defaultLinkType=COAP,defaultSerialPath=/dev/ttyS3]
05-18 12:48:17.421 I/PeanutSDK:SDK--(12788): [CoapLinkAdapter][adapt][url: coap://192.168.64.20:5683, path: /motor/enable, type: POST, msgType: CON, params: {"enable":1}]
05-18 12:48:17.423 I/klog.comm.sdk.success [PeanutManager](12788): controlNavigationStop:: ----from=application is background
05-18 12:48:17.423 I/PeanutSDK:SDK--(12788): [LinkAdapterFactory][resetConfig][comRobot=/dev/ttyS3,comEmotion=/dev/ttyS3,comLight=/dev/ttyS3,comDoor=/dev/ttyS3,comKc01=/dev/ttyS1,comEmotionKc01=/dev/ttyS3,comBattery=/dev/ttyS2,comRola=/dev/ttyS2,defaultLinkType=COAP,defaultSerialPath=/dev/ttyS3]
05-18 12:48:17.424 I/PeanutSDK:SDK--(12788): [CoapLinkAdapter][adapt][url: coap://192.168.64.20:5683, path: /navigation/action, type: POST, msgType: CON, params: {"action":83}]
05-18 12:48:17.424 I/PeanutSDK:SDK--(12788): [PeanutCoapClient][syncRequest][队列的请求有:0个, 当前的请求是:/navigation/action]
05-18 12:48:17.424 I/PeanutSDK:SDK--(12788): [PeanutCoapClient][syncRequest][real execute][/navigation/action]
05-18 12:48:17.430 I/PeanutSDK:API--(12788): [RuntimeOdoApi][onSuccess: {"code":0,"data":{"odo":48.21200180053711},"msg":"success","status":0}]
05-18 12:48:17.433 I/PeanutSDK:API--(12788): MotorEnableApi[onSuccess: {"code":0,"msg":"success","status":0}]
05-18 12:48:17.434 I/klog.comm.sdk.success [PeanutManager](12788): controlMotorLock:BaseResp(code=0)
05-18 12:48:17.456 I/PeanutSDK:SDK--(12788): [PeanutCoapClient][syncRequest][response][/navigation/action] result:{"code":0,"msg":"success","status":0}
05-18 12:48:17.456 I/PeanutSDK:API--(12788): NavigationActionApi[onSuccess: {"code":0,"msg":"success","status":0}]
05-18 12:48:17.457 I/klog.comm.sdk.success [PeanutManager](12788): controlNavigationStop:BaseResp(code=0)
05-18 12:48:17.508 I/PeanutSDK:SDK--(12788): [CoAPPing][startPing][offLineTime: 2040, timeout : 25000, isTimeout : false, isOnline : true]
05-18 12:48:17.715 I/PeanutSDK:API--(12788): [PositionPosInfoApi][onSuccess: {"code":0,"data":{"buildDesc":[],"elevatorPosState":1,"floor":1,"robotPos":{"rotation":0.160,"x":0.0,"y":0.0}},"msg":"success","status":0}]
05-18 12:48:17.718 I/klog.comm.sdk.success [TopicManager](12788): subscribe:{"code":0,"data":{"buildDesc":[],"elevatorPosState":1,"floor":1,"robotPos":{"rotation":0.16,"x":0,"y":0}},"msg":"success","status":0,"topic":"map.position.info"}
05-18 12:48:17.793 I/PeanutSDK:API--(12788): [SCMIoTSender][sendRequest][SCMRequest{dev=65, topic=23, type=1, cmd=0, params=HeartBeatParam{sn=[-108, -70, 6, -94, 120, 37]}, channel=1, isCon=true, isDirect=false, oldProtocol=false, isUsbDirect=false}]
05-18 12:48:17.794 I/PeanutSDK:API--(12788): [SCMIoTSender][sendRequest][request in hex: 0041170100000800010694ba06a27825]
05-18 12:48:17.794 I/PeanutSDK:API--(12788): [SCMIoTSender][sendRequest][request base64: AEEXAQAACAABBpS6BqJ4JQ==, length: 24]
05-18 12:48:17.795 I/PeanutSDK:SDK--(12788): [LinkAdapterFactory][resetConfig][comRobot=/dev/ttyS3,comEmotion=/dev/ttyS3,comLight=/dev/ttyS3,comDoor=/dev/ttyS3,comKc01=/dev/ttyS1,comEmotionKc01=/dev/ttyS3,comBattery=/dev/ttyS2,comRola=/dev/ttyS2,defaultLinkType=COAP,defaultSerialPath=/dev/ttyS3]
05-18 12:48:17.796 I/PeanutSDK:SDK--(12788): [CoapLinkAdapter][adapt][url: coap://192.168.64.20:5683, path: /through/down, type: POST, msgType: CON, params: {"trans":"AEEXAQAACAABBpS6BqJ4JQ==","type":1}]
05-18 12:48:18.037 I/PeanutSDK:API--(16668): [ButtonStatusApi][onSuccess: {"code":0,"data":{"info":false},"msg":"success","status":0}]
05-18 12:48:18.038 D/PeanutSDK:API--(16668): [ButtonStatusApi][onSuccess json: {"data":{"info":false},"code":0,"msg":"success","status":0,"topic":"ButtonStatusApi"}]
05-18 12:48:18.039 I/PeanutSDK:API--(12788): [ButtonStatusApi][onSuccess: {"code":0,"data":{"info":false},"msg":"success","status":0}]
05-18 12:48:18.040 I/klog.comm.sdk.success [TopicManager](12788): subscribe:{"code":0,"data":{"status":0},"topic":"device.emergency.btn.status"}
05-18 12:48:18.041 I/PeanutSDK:API--(12788): [ScheduleLiveApi][onSuccess: {"code":0,"data":{"local":{"id":1,"status":0},"other":[]},"msg":"success","status":0}]
05-18 12:48:18.042 I/PeanutSDK:API--(12788): BottomRawDownApi[onSuccess: {"code":0,"msg":"success","status":0}]
05-18 12:48:18.042 I/PeanutSDK:API--(12788): [BottomRawUpApi][onSuccess: {"code":0,"data":{"trans":"","transList":[]},"msg":"success","status":0}]
05-18 12:48:18.052 I/ScramPromptManager(12788): onReceiveLockButton:: state=0 |buttonEnable=true |mShowDialog=true |mCanShowDialog=true
05-18 12:48:18.137 I/PeanutSDK:SDK--( 4513): [CoAPPing][startPing][offLineTime: 2038, timeout : 60000, isTimeout : false, isOnline : true]
05-18 12:48:18.146 I/PeanutSDK:API--(12788): [ScheduleLiveApi][onSuccess: {"code":0,"data":{"local":{"id":1,"status":0},"other":[]},"msg":"success","status":0}]
05-18 12:48:18.210 I/PeanutSDK:API--(12788): [ScheduleLiveApi][onSuccess: {"code":0,"data":{"local":{"id":1,"status":0},"other":[]},"msg":"success","status":0}]
05-18 12:48:18.212 I/PeanutSDK:SDK--(12788): [SerialLinkAdapter]Raw Received  :AA AA 00 7C 21 00 11 00 00 42 21 01 05 00 09 00 01 01 00 01 01 00 01 01 00 EC CD 55 55 
05-18 12:48:18.306 I/PeanutSDK:API--(12788): [ScheduleLiveApi][onSuccess: {"code":0,"data":{"local":{"id":1,"status":0},"other":[]},"msg":"success","status":0}]
05-18 12:48:18.306 I/PeanutSDK:API--(16668): [MotorStatusApi][onSuccess: {"code":0,"data":{"status":1},"msg":"success","status":0}]
05-18 12:48:18.307 D/PeanutSDK:API--(16668): [MotorStatusApi][onSuccess json: {"data":{"status":1},"code":0,"msg":"success","status":0,"topic":"MotorStatusApi"}]
05-18 12:48:18.379 I/PeanutSDK:API--(12788): [MotorStatusApi][onSuccess: {"code":0,"data":{"status":1},"msg":"success","status":0}]
05-18 12:48:18.379 I/PeanutSDK:API--(12788): [ScheduleLiveApi][onSuccess: {"code":0,"data":{"local":{"id":1,"status":0},"other":[]},"msg":"success","status":0}]
05-18 12:48:18.380 I/FoodDelivery:component.fault:FaultManager(12788): listenMotorStatus---s={"code":0,"data":{"status":1},"msg":"success","status":0,"topic":"device.motor.status"}
05-18 12:48:18.383 I/klog.comm.sdk.success [TopicManager](12788): subscribe:{"code":0,"data":{"status":1},"msg":"success","status":0,"topic":"device.motor.status"}
05-18 12:48:18.396 I/CameraService(17269): CameraService::connect call (PID 16668 "com.keenon.peanut.sample", camera ID 0) for HAL version default and Camera API version 1
05-18 12:48:18.397 W/AudioFlinger(17269): acquireAudioSessionId() unknown client 16668 for session 9
05-18 12:48:18.397 I/AwesomePlayer(17269): AwesomePlayer::AwesomePlayer()in
05-18 12:48:18.404 I/libstagefrighthw(17269): OMX IL core libOMX_Core.so: declares component OMX.rk.video_decoder.avc
05-18 12:48:18.404 I/libstagefrighthw(17269): OMX IL core libOMX_Core.so: declares component OMX.rk.video_decoder.m4v
05-18 12:48:18.404 I/libstagefrighthw(17269): OMX IL core libOMX_Core.so: declares component OMX.rk.video_decoder.h263
05-18 12:48:18.404 I/libstagefrighthw(17269): OMX IL core libOMX_Core.so: declares component OMX.rk.video_decoder.flv1
05-18 12:48:18.404 I/libstagefrighthw(17269): OMX IL core libOMX_Core.so: declares component OMX.rk.video_decoder.m2v
05-18 12:48:18.404 I/libstagefrighthw(17269): OMX IL core libOMX_Core.so: declares component OMX.rk.video_decoder.rv
05-18 12:48:18.404 I/libstagefrighthw(17269): OMX IL core libOMX_Core.so: declares component OMX.rk.video_decoder.vp8
05-18 12:48:18.404 I/libstagefrighthw(17269): OMX IL core libOMX_Core.so: declares component OMX.rk.video_decoder.vc1
05-18 12:48:18.404 I/libstagefrighthw(17269): OMX IL core libOMX_Core.so: declares component OMX.rk.video_decoder.wmv3
05-18 12:48:18.404 I/libstagefrighthw(17269): OMX IL core libOMX_Core.so: declares component OMX.rk.video_decoder.vp6
05-18 12:48:18.404 I/libstagefrighthw(17269): OMX IL core libOMX_Core.so: declares component OMX.rk.video_decoder.hevc
05-18 12:48:18.404 I/libstagefrighthw(17269): OMX IL core libOMX_Core.so: declares component OMX.rk.video_decoder.mjpeg
05-18 12:48:18.404 I/libstagefrighthw(17269): OMX IL core libOMX_Core.so: declares component OMX.rk.video_decoder.avc.secure
05-18 12:48:18.404 I/libstagefrighthw(17269): OMX IL core libOMX_Core.so: declares component OMX.rk.video_decoder.vp9
05-18 12:48:18.404 I/libstagefrighthw(17269): OMX IL core libOMX_Core.so: declares component OMX.rk.video_encoder.avc
05-18 12:48:18.404 I/libstagefrighthw(17269): OMX IL core libOMX_Core.so: declares component OMX.rk.video_encoder.vp8
05-18 12:48:18.404 I/libstagefrighthw(17269): OMX IL core libOMX_Core.so: contains 16 components
05-18 12:48:18.404 I/AwesomePlayer(17269): AwesomePlayer::AwesomePlayer()aftermClient.connect()
05-18 12:48:18.407 I/PeanutManager(12788): mqtt is connect:true
05-18 12:48:18.407 I/PeanutSDK:SDK--(12788): [LinkAdapterFactory][resetConfig][comRobot=/dev/ttyS3,comEmotion=/dev/ttyS3,comLight=/dev/ttyS3,comDoor=/dev/ttyS3,comKc01=/dev/ttyS1,comEmotionKc01=/dev/ttyS3,comBattery=/dev/ttyS2,comRola=/dev/ttyS2,defaultLinkType=COAP,defaultSerialPath=/dev/ttyS3]
05-18 12:48:18.407 I/AwesomePlayer(17269): setDataSource_l(<no-scheme URI suppressed>)
05-18 12:48:18.407 I/klog.outter.mapping [PeanutManager](12788): fixedMappingMode():mHasReceivedMappingStop=false  mHasReceivedMappingStart=false
05-18 12:48:18.408 I/klog.outter.mapping [PeanutManager](12788): fixedMappingMode():mIsMappingMode=false  isPreMappingMode=false  heartBeatAlive=false
05-18 12:48:18.408 I/PeanutSDK:SDK--(12788): [CoapLinkAdapter][adapt][url: coap://192.168.64.20:5683, path: /runtime/odo, type: GET, msgType: CON, params: null]
05-18 12:48:18.410 I/klog.robot.biz.ps [PeanutManager](12788): isApplicationBroughtToBackground……
05-18 12:48:18.410 I/klog.robot.biz.ps [MotorModel](12788): MotorEntity{id=2, motorState=true}
05-18 12:48:18.411 I/klog.comm.coap.request [PeanutManager](12788): controlMotorLock lock: true
05-18 12:48:18.411 I/PeanutSDK:SDK--(12788): [LinkAdapterFactory][resetConfig][comRobot=/dev/ttyS3,comEmotion=/dev/ttyS3,comLight=/dev/ttyS3,comDoor=/dev/ttyS3,comKc01=/dev/ttyS1,comEmotionKc01=/dev/ttyS3,comBattery=/dev/ttyS2,comRola=/dev/ttyS2,defaultLinkType=COAP,defaultSerialPath=/dev/ttyS3]
05-18 12:48:18.412 D/WVMExtractor(17269): Failed to open libwvm.so
05-18 12:48:18.415 I/PeanutSDK:SDK--(12788): [CoapLinkAdapter][adapt][url: coap://192.168.64.20:5683, path: /motor/enable, type: POST, msgType: CON, params: {"enable":1}]
05-18 12:48:18.417 I/klog.comm.sdk.success [PeanutManager](12788): controlNavigationStop:: ----from=application is background
05-18 12:48:18.418 I/PeanutSDK:SDK--(12788): [LinkAdapterFactory][resetConfig][comRobot=/dev/ttyS3,comEmotion=/dev/ttyS3,comLight=/dev/ttyS3,comDoor=/dev/ttyS3,comKc01=/dev/ttyS1,comEmotionKc01=/dev/ttyS3,comBattery=/dev/ttyS2,comRola=/dev/ttyS2,defaultLinkType=COAP,defaultSerialPath=/dev/ttyS3]
05-18 12:48:18.419 I/PeanutSDK:SDK--(12788): [CoapLinkAdapter][adapt][url: coap://192.168.64.20:5683, path: /navigation/action, type: POST, msgType: CON, params: {"action":83}]
05-18 12:48:18.419 I/PeanutSDK:SDK--(12788): [PeanutCoapClient][syncRequest][队列的请求有:0个, 当前的请求是:/navigation/action]
05-18 12:48:18.419 I/PeanutSDK:SDK--(12788): [PeanutCoapClient][syncRequest][real execute][/navigation/action]
05-18 12:48:18.433 I/PeanutSDK:API--(12788): [RuntimeOdoApi][onSuccess: {"code":0,"data":{"odo":48.21200180053711},"msg":"success","status":0}]
05-18 12:48:18.433 I/PeanutSDK:API--(12788): MotorEnableApi[onSuccess: {"code":0,"msg":"success","status":0}]
05-18 12:48:18.434 I/klog.comm.sdk.success [PeanutManager](12788): controlMotorLock:BaseResp(code=0)
05-18 12:48:18.446 I/PeanutSDK:SDK--(12788): [PeanutCoapClient][syncRequest][response][/navigation/action] result:{"code":0,"msg":"success","status":0}
05-18 12:48:18.446 I/PeanutSDK:API--(12788): NavigationActionApi[onSuccess: {"code":0,"msg":"success","status":0}]
05-18 12:48:18.447 I/klog.comm.sdk.success [PeanutManager](12788): controlNavigationStop:BaseResp(code=0)
05-18 12:48:18.450 E/ROCKCHIP_RM(17269): pRockchipComponent->codecType 1, Line:282
05-18 12:48:18.450 E/ROCKCHIP_VIDEO_DECCONTROL(17269): OMX_IndexParamdescribeColorFormat get 
05-18 12:48:18.450 E/ROCKCHIP_VIDEO_DECCONTROL(17269): OMX_IndexParamdescribeColorFormat get 
05-18 12:48:18.450 W/OMXNodeInstance(17269): [e:rk._decoder.avc] component does not support metadata mode; using fallback
05-18 12:48:18.453 E/ROCKCHIP_RM(17269): pRockchipComponent->codecType 1, Line:282
05-18 12:48:18.453 E/ROCKCHIP_VIDEO_DECCONTROL(17269): OMX_IndexParamdescribeColorFormat get 
05-18 12:48:18.453 E/ROCKCHIP_VIDEO_DECCONTROL(17269): OMX_IndexParamdescribeColorFormat get 
05-18 12:48:18.453 W/OMXNodeInstance(17269): [f:rk._decoder.m2v] component does not support metadata mode; using fallback
05-18 12:48:18.456 E/ROCKCHIP_RM(17269): pRockchipComponent->codecType 1, Line:282
05-18 12:48:18.456 E/ROCKCHIP_VIDEO_DECCONTROL(17269): OMX_IndexParamdescribeColorFormat get 
05-18 12:48:18.456 E/ROCKCHIP_VIDEO_DECCONTROL(17269): OMX_IndexParamdescribeColorFormat get 
05-18 12:48:18.456 W/OMXNodeInstance(17269): [10:rk._decoder.vp8] component does not support metadata mode; using fallback
05-18 12:48:18.456 I/PeanutSDK:SensorCallBell(12788): senRequest msgID ：195672509
05-18 12:48:18.456 I/PeanutSDK:API--(12788): [SCMIoTSender][sendRequest][SCMRequest{dev=65, topic=29, type=0, cmd=1, params=BellInitParam{sn=[-108, -70, 6, -94, 120, 37], msgId=195672509, msgType=0, stayTime=5, keyEvent=101, robotState=1, enable=0}, channel=1, isCon=true, isDirect=false, oldProtocol=false, isUsbDirect=false}]
05-18 12:48:18.457 I/PeanutSDK:API--(12788): [SCMIoTSender][sendRequest][request in hex: 00411d0001001e00010694ba06a278250504bdb9a90b01010003020500010165010101010100]
05-18 12:48:18.457 I/PeanutSDK:API--(12788): [SCMIoTSender][sendRequest][request base64: AEEdAAEAHgABBpS6BqJ4JQUEvbmpCwEBAAMCBQABAWUBAQEBAQA=, length: 52]
05-18 12:48:18.457 I/PeanutSDK:SDK--(12788): [LinkAdapterFactory][resetConfig][comRobot=/dev/ttyS3,comEmotion=/dev/ttyS3,comLight=/dev/ttyS3,comDoor=/dev/ttyS3,comKc01=/dev/ttyS1,comEmotionKc01=/dev/ttyS3,comBattery=/dev/ttyS2,comRola=/dev/ttyS2,defaultLinkType=COAP,defaultSerialPath=/dev/ttyS3]
05-18 12:48:18.458 I/PeanutSDK:SDK--(12788): [CoapLinkAdapter][adapt][url: coap://192.168.64.20:5683, path: /through/down, type: POST, msgType: CON, params: {"trans":"AEEdAAEAHgABBpS6BqJ4JQUEvbmpCwEBAAMCBQABAWUBAQEBAQA=","type":1}]
05-18 12:48:18.458 E/ROCKCHIP_RM(17269): pRockchipComponent->codecType 1, Line:282
05-18 12:48:18.459 E/ROCKCHIP_VIDEO_DECCONTROL(17269): OMX_IndexParamdescribeColorFormat get 
05-18 12:48:18.459 E/ROCKCHIP_VIDEO_DECCONTROL(17269): OMX_IndexParamdescribeColorFormat get 
05-18 12:48:18.459 W/OMXNodeInstance(17269): [11:rk._decoder.h263] component does not support metadata mode; using fallback
05-18 12:48:18.461 E/ROCKCHIP_RM(17269): pRockchipComponent->codecType 1, Line:282
05-18 12:48:18.461 E/ROCKCHIP_VIDEO_DECCONTROL(17269): OMX_IndexParamdescribeColorFormat get 
05-18 12:48:18.461 E/ROCKCHIP_VIDEO_DECCONTROL(17269): OMX_IndexParamdescribeColorFormat get 
05-18 12:48:18.461 W/OMXNodeInstance(17269): [12:rk._decoder.m4v] component does not support metadata mode; using fallback
05-18 12:48:18.464 I/PeanutSDK:API--(12788): BottomRawDownApi[onSuccess: {"code":0,"msg":"success","status":0}]
05-18 12:48:18.465 E/ROCKCHIP_RM(17269): pRockchipComponent->codecType 1, Line:282
05-18 12:48:18.465 E/ROCKCHIP_VIDEO_DECCONTROL(17269): OMX_IndexParamdescribeColorFormat get 
05-18 12:48:18.465 E/ROCKCHIP_VIDEO_DECCONTROL(17269): OMX_IndexParamdescribeColorFormat get 
05-18 12:48:18.465 W/OMXNodeInstance(17269): [13:rk._decoder.flv1] component does not support metadata mode; using fallback
05-18 12:48:18.465 I/PeanutSDK:API--(12788): [ScheduleLiveApi][onSuccess: {"code":0,"data":{"local":{"id":1,"status":0},"other":[]},"msg":"success","status":0}]
05-18 12:48:18.467 E/ROCKCHIP_RM(17269): pRockchipComponent->codecType 1, Line:282
05-18 12:48:18.468 E/ROCKCHIP_VIDEO_DECCONTROL(17269): OMX_IndexParamdescribeColorFormat get 
05-18 12:48:18.468 E/ROCKCHIP_VIDEO_DECCONTROL(17269): OMX_IndexParamdescribeColorFormat get 
05-18 12:48:18.468 W/OMXNodeInstance(17269): [14:rk._decoder.mjpeg] component does not support metadata mode; using fallback
05-18 12:48:18.470 E/ROCKCHIP_RM(17269): pRockchipComponent->codecType 1, Line:282
05-18 12:48:18.470 E/ROCKCHIP_VIDEO_DECCONTROL(17269): OMX_IndexParamdescribeColorFormat get 
05-18 12:48:18.470 E/ROCKCHIP_VIDEO_DECCONTROL(17269): OMX_IndexParamdescribeColorFormat get 
05-18 12:48:18.470 W/OMXNodeInstance(17269): [15:rk._decoder.hevc] component does not support metadata mode; using fallback
05-18 12:48:18.472 E/ROCKCHIP_RM(17269): pRockchipComponent->codecType 2, Line:282
05-18 12:48:18.472 W/ACodec  (17269): do not know color format 0x7f000789 = 2130708361
05-18 12:48:18.475 W/OMXNodeInstance(17269): [17:google.h264.decoder] component does not support metadata mode; using fallback
05-18 12:48:18.477 W/OMXNodeInstance(17269): [18:google.vp9.decoder] component does not support metadata mode; using fallback
05-18 12:48:18.479 I/SoftMPEG4Encoder(17269): Construct SoftMPEG4Encoder
05-18 12:48:18.479 W/ACodec  (17269): do not know color format 0x7f000789 = 2130708361
05-18 12:48:18.481 I/SoftMPEG4Encoder(17269): Construct SoftMPEG4Encoder
05-18 12:48:18.481 W/ACodec  (17269): do not know color format 0x7f000789 = 2130708361
05-18 12:48:18.483 W/ACodec  (17269): do not know color format 0x7f000789 = 2130708361
05-18 12:48:18.488 W/MediaCodecList(17269): unable to open media codecs configuration xml file: /data/misc/media/media_codecs_profiling_results.xml
05-18 12:48:18.488 I/OMXCodec(17269): --->InstantiateSoftwareCodec create OMX.google.vorbis.decoder codec
05-18 12:48:18.490 W/AudioFlinger(17269): acquireAudioSessionId() unknown client 16668 for session 10
05-18 12:48:18.491 I/AwesomePlayer(17269): AwesomePlayer::AwesomePlayer()in
05-18 12:48:18.491 I/AwesomePlayer(17269): AwesomePlayer::AwesomePlayer()aftermClient.connect()
05-18 12:48:18.491 I/AwesomePlayer(17269): setDataSource_l(<no-scheme URI suppressed>)
05-18 12:48:18.499 I/OMXCodec(17269): --->InstantiateSoftwareCodec create OMX.google.vorbis.decoder codec
05-18 12:48:18.500 W/AudioFlinger(17269): acquireAudioSessionId() unknown client 16668 for session 11
05-18 12:48:18.500 I/AwesomePlayer(17269): AwesomePlayer::AwesomePlayer()in
05-18 12:48:18.501 I/AwesomePlayer(17269): AwesomePlayer::AwesomePlayer()aftermClient.connect()
05-18 12:48:18.501 I/AwesomePlayer(17269): setDataSource_l(<no-scheme URI suppressed>)
05-18 12:48:18.501 E/FileSource(17269): Failed to open file '/system/media/audio/ui/VideoStop.ogg'. (No such file or directory)
05-18 12:48:18.501 E/MediaPlayer(17269): error (1, -2147483648)
05-18 12:48:18.503 I/CameraClient(17269): Opening camera 0
05-18 12:48:18.503 I/CameraHal(17269): camera_device_open(500): camera_device open
05-18 12:48:18.503 D/CameraHal(17269): gCameraHalLogLevel: 0
05-18 12:48:18.503 D/CameraHal(17269): CameraHal(121): it is a uvc camera!
05-18 12:48:18.503 D/CameraHal(17269): Calling process is: com.keenon.peanut.sample
05-18 12:48:18.503 I/vpu_mem_pool(17269): pid 17269, open_vpu_memory_pool:473: success
05-18 12:48:18.503 I/vpu_mem_pool(17269): pid 17269, vpu_mem_allocator:717: vpu memory pool size (80000)
05-18 12:48:18.504 I/vpu_mem_pool(17269): pid 17269, vpu_mem_allocator:720: ion_alloc_fd success, memory fd 34
05-18 12:48:18.504 I/vpu_mem_pool(17269): pid 17269, vpu_mem_allocator:717: vpu memory pool size (160000)
05-18 12:48:18.504 I/vpu_mem_pool(17269): pid 17269, vpu_mem_allocator:720: ion_alloc_fd success, memory fd 35
05-18 12:48:18.504 I/vpu_mem_pool(17269): pid 17269, vpu_mem_allocator:717: vpu memory pool size (240000)
05-18 12:48:18.504 I/vpu_mem_pool(17269): pid 17269, vpu_mem_allocator:720: ion_alloc_fd success, memory fd 36
05-18 12:48:18.504 I/vpu_mem_pool(17269): pid 17269, vpu_mem_allocator:717: vpu memory pool size (320000)
05-18 12:48:18.504 I/vpu_mem_pool(17269): pid 17269, vpu_mem_allocator:720: ion_alloc_fd success, memory fd 37
05-18 12:48:18.504 I/vpu_mem_pool(17269): pid 17269, vpu_mem_allocator:717: vpu memory pool size (400000)
05-18 12:48:18.504 I/vpu_mem_pool(17269): pid 17269, vpu_mem_allocator:720: ion_alloc_fd success, memory fd 38
05-18 12:48:18.504 I/vpu_mem_pool(17269): pid 17269, vpu_mem_allocator:717: vpu memory pool size (480000)
05-18 12:48:18.504 I/vpu_mem_pool(17269): pid 17269, vpu_mem_allocator:720: ion_alloc_fd success, memory fd 39
05-18 12:48:18.504 I/vpu_mem_pool(17269): pid 17269, vpu_mem_allocator:717: vpu memory pool size (560000)
05-18 12:48:18.504 I/vpu_mem_pool(17269): pid 17269, vpu_mem_allocator:720: ion_alloc_fd success, memory fd 40
05-18 12:48:18.504 I/vpu_mem_pool(17269): pid 17269, vpu_mem_allocator:717: vpu memory pool size (640000)
05-18 12:48:18.505 D/CameraHal(17269): cameraCreate(376): Camera driver: uvcvideo   Driver version: 3.10.0  CameraHal version: 1.65.1 
05-18 12:48:18.505 D/CameraHal(17269): cameraCreate(383): mCamDriverSupportFmt: fmt = 1196444237,index = 0
05-18 12:48:18.505 I/vpu_mem_pool(17269): pid 17269, vpu_mem_allocator:720: ion_alloc_fd success, memory fd 44
05-18 12:48:18.505 D/CameraHal(17269): cameraCreate(383): mCamDriverSupportFmt: fmt = 1448695129,index = 1
05-18 12:48:18.505 D/CameraHal(17269): cameraCreate(421): cameraCreate(421): mCamDriverPreviewFmt(MJPG) is cameraHal and camera driver is also supported!!
05-18 12:48:18.505 D/CameraHal(17269): cameraCreate(423): mCamDriverPreviewFmt  = 1196444237
05-18 12:48:18.505 D/CameraHal(17269): cameraCreate(429): cameraCreate(429): Current driver is uvcvideo, v4l2 memory is V4L2_MEMORY_MMAP
05-18 12:48:18.505 I/vpu_mem_pool(17269): pid 17269, vpu_mem_allocator:717: vpu memory pool size (720000)
05-18 12:48:18.505 I/vpu_mem_pool(17269): pid 17269, vpu_mem_allocator:720: ion_alloc_fd success, memory fd 45
05-18 12:48:18.505 I/vpu_mem_pool(17269): pid 17269, vpu_mem_allocator:717: vpu memory pool size (800000)
05-18 12:48:18.505 I/vpu_mem_pool(17269): pid 17269, vpu_mem_allocator:720: ion_alloc_fd success, memory fd 46
05-18 12:48:18.514 E/CameraHal(17269): initDefaultParameters(486): initDefaultParameters(486): mCamDriverCapability.card is error!
05-18 12:48:18.515 D/CameraHal(17269): initDefaultParameters(534): Support Preview format: yuv420sp,yuv420p .. yuv420sp
05-18 12:48:18.515 D/CameraHal(17269): initDefaultParameters(536): Support Preview sizes: 640x480,1920x1080,1280x960,1280x720,960x720,800x600,640x480     640x480
05-18 12:48:18.515 D/CameraHal(17269): initDefaultParameters(537): Support Preview FPS range: (30000,30000)
05-18 12:48:18.515 D/CameraHal(17269): initDefaultParameters(538): Support Preview framerate: 30
05-18 12:48:18.515 D/CameraHal(17269): initDefaultParameters(539): Support Picture sizes: 640x480,1920x1080,1280x960,1280x720,960x720,800x600,640x480 
05-18 12:48:18.515 D/CameraHal(17269): initDefaultParameters(541): Support white balance: auto,incandescent,fluorescent,daylight,cloudy-daylight
05-18 12:48:18.515 D/CameraHal(17269): initDefaultParameters(549): Support focus: fixed  focus zone: 0
05-18 12:48:18.515 D/CameraHal(17269): initDefaultParameters(551): Support zoom: true(ratios: 100,105,110,115,120,125,130,135,140,145,150,155,160,165,170,175,180,185,190,195,200,205,210,215,220,225,230,235,240,245,250,255,260,265,270,275,280,285,290,295,300,)
05-18 12:48:18.515 D/CameraHal(17269): initDefaultParameters(555): Support exposure: (-3 -> 3)
05-18 12:48:18.515 D/CameraHal(17269): initDefaultParameters(559): Support anti-banding: off,50hz,60hz,auto  anti-banding: off
05-18 12:48:18.515 D/CameraHal(17269): initDefaultParameters(561): Support hardware faces detecte: 0
05-18 12:48:18.515 D/CameraHal(17269): initDefaultParameters(562): Support software faces detecte: 0
05-18 12:48:18.515 D/CameraHal(17269): initDefaultParameters(563): Support video stabilization: false
05-18 12:48:18.515 D/CameraHal(17269): initDefaultParameters(564): Support recording hint: false
05-18 12:48:18.515 E/CameraHal(17269): cameraConfig(693): cameraConfig(693): Set framerate(30 fps) failed
05-18 12:48:18.516 W/CountFragment(16668): getParameters failed for camera 0
05-18 12:48:18.516 W/CountFragment(16668): java.lang.RuntimeException: getParameters failed (empty parameters)
05-18 12:48:18.516 W/CountFragment(16668): 	at android.hardware.Camera.native_getParameters(Native Method)
05-18 12:48:18.516 W/CountFragment(16668): 	at android.hardware.Camera.getParameters(Camera.java:1890)
05-18 12:48:18.516 W/CountFragment(16668): 	at com.keenon.peanut.supermarket.fragment.CountFragment.safeGetParameters(CountFragment.java:774)
05-18 12:48:18.516 W/CountFragment(16668): 	at com.keenon.peanut.supermarket.fragment.CountFragment.tryStartPreviewOnCamera(CountFragment.java:497)
05-18 12:48:18.516 W/CountFragment(16668): 	at com.keenon.peanut.supermarket.fragment.CountFragment.startPreview(CountFragment.java:458)
05-18 12:48:18.516 W/CountFragment(16668): 	at com.keenon.peanut.supermarket.fragment.CountFragment.requestStart(CountFragment.java:432)
05-18 12:48:18.516 W/CountFragment(16668): 	at com.keenon.peanut.supermarket.fragment.CountFragment.lambda$onViewCreated$0$CountFragment(CountFragment.java:181)
05-18 12:48:18.516 W/CountFragment(16668): 	at com.keenon.peanut.supermarket.fragment.-$$Lambda$CountFragment$8HuGTM2YIThxsCM2zNOEGrMVs54.onClick(lambda)
05-18 12:48:18.516 W/CountFragment(16668): 	at android.view.View.performClick(View.java:5204)
05-18 12:48:18.516 W/CountFragment(16668): 	at com.google.android.material.button.MaterialButton.performClick(MaterialButton.java:967)
05-18 12:48:18.516 W/CountFragment(16668): 	at android.view.View$PerformClick.run(View.java:21170)
05-18 12:48:18.516 W/CountFragment(16668): 	at android.os.Handler.handleCallback(Handler.java:743)
05-18 12:48:18.516 W/CountFragment(16668): 	at android.os.Handler.dispatchMessage(Handler.java:95)
05-18 12:48:18.516 W/CountFragment(16668): 	at android.os.Looper.loop(Looper.java:148)
05-18 12:48:18.516 W/CountFragment(16668): 	at android.app.ActivityThread.main(ActivityThread.java:5417)
05-18 12:48:18.516 W/CountFragment(16668): 	at java.lang.reflect.Method.invoke(Native Method)
05-18 12:48:18.516 W/CountFragment(16668): 	at com.android.internal.os.ZygoteInit$MethodAndArgsCaller.run(ZygoteInit.java:772)
05-18 12:48:18.516 W/CountFragment(16668): 	at com.android.internal.os.ZygoteInit.main(ZygoteInit.java:662)
05-18 12:48:18.516 W/CountFragment(16668): Camera 0 returned empty parameters — using HAL defaults
05-18 12:48:18.519 I/TrayPlateCounter(16668): Circle updated: (324.9,229.22) r=265.0
05-18 12:48:18.519 I/TrayPlateCounter(16668): Circle updated: (324.9,229.22) r=265.0
05-18 12:48:18.519 I/TrayPlateCounter(16668): Circle updated: (324.9,229.22) r=265.0
05-18 12:48:18.519 I/TrayPlateCounter(16668): Confidence threshold = 0.4
05-18 12:48:18.519 I/TrayPlateCounter(16668): Confidence threshold = 0.4
05-18 12:48:18.519 I/TrayPlateCounter(16668): Confidence threshold = 0.4
05-18 12:48:18.519 I/CountFragment(16668): sensitivity → conf=0.40 (lower = more detections, more false positives)
05-18 12:48:18.520 I/CountFragment(16668): loading canpan_detection_v1.1.5 for camera 0…
05-18 12:48:18.520 I/CountFragment(16668): circle: cx=324.9 cy=229.2 r=265.0  (in 640×480 model space)
05-18 12:48:18.521 F/libc    (17269): Fatal signal 11 (SIGSEGV), code 1, fault addr 0x0 in tid 17269 (mediaserver)
05-18 12:48:18.568 I/PeanutSDK:API--(12788): [ScheduleLiveApi][onSuccess: {"code":0,"data":{"local":{"id":1,"status":0},"other":[]},"msg":"success","status":0}]
05-18 12:48:18.572 F/DEBUG   (  205): *** *** *** *** *** *** *** *** *** *** *** *** *** *** *** ***
05-18 12:48:18.572 F/DEBUG   (  205): Build fingerprint: 'Android/rk3288/rk3288:6.0.1/MXC89K/builder04291124:userdebug/test-keys'
05-18 12:48:18.572 F/DEBUG   (  205): Revision: '0'
05-18 12:48:18.572 F/DEBUG   (  205): ABI: 'arm'
05-18 12:48:18.572 W/NativeCrashListener(  430): Couldn't find ProcessRecord for pid 17269
05-18 12:48:18.572 F/DEBUG   (  205): pid: 17269, tid: 17269, name: mediaserver  >>> /system/bin/mediaserver <<<
05-18 12:48:18.572 E/DEBUG   (  205): AM write failed: Broken pipe
05-18 12:48:18.572 F/DEBUG   (  205): signal 11 (SIGSEGV), code 1 (SEGV_MAPERR), fault addr 0x0
05-18 12:48:18.579 F/DEBUG   (  205):     r0 00000000  r1 00000000  r2 0000001e  r3 00000000
05-18 12:48:18.579 F/DEBUG   (  205):     r4 b876b218  r5 b876b7c4  r6 ffffffff  r7 ffffffff
05-18 12:48:18.579 F/DEBUG   (  205):     r8 00000000  r9 00000000  sl 000003f5  fp 00004375
05-18 12:48:18.579 F/DEBUG   (  205):     ip b3413734  sp bee6c640  lr 0000001e  pc b6a23ce0  cpsr 60010030
05-18 12:48:18.584 F/DEBUG   (  205): 
05-18 12:48:18.584 F/DEBUG   (  205): backtrace:
05-18 12:48:18.584 F/DEBUG   (  205):     #00 pc 00017ce0  /system/lib/libc.so (__strcpy_chk+75)
05-18 12:48:18.584 F/DEBUG   (  205):     #01 pc 0001b9f9  /system/lib/hw/camera.rk30board.so (_ZN7android14AppMsgNotifier19setPreviewDataCbResEiiPKc+64)
05-18 12:48:18.584 F/DEBUG   (  205):     #02 pc 0002e5bb  /system/lib/hw/camera.rk30board.so (_ZN7android9CameraHal13enableMsgTypeEi+74)
05-18 12:48:18.584 F/DEBUG   (  205):     #03 pc 00055a09  /system/lib/libcameraservice.so (_ZN7android12CameraClient22setPreviewCallbackFlagEi+52)
05-18 12:48:18.584 F/DEBUG   (  205):     #04 pc 0001c4f9  /system/lib/libcamera_client.so (_ZN7android8BnCamera10onTransactEjRKNS_6ParcelEPS1_j+166)
05-18 12:48:18.584 F/DEBUG   (  205):     #05 pc 0001a19d  /system/lib/libbinder.so (_ZN7android7BBinder8transactEjRKNS_6ParcelEPS1_j+60)
05-18 12:48:18.584 F/DEBUG   (  205):     #06 pc 0001f4b1  /system/lib/libbinder.so (_ZN7android14IPCThreadState14executeCommandEi+532)
05-18 12:48:18.584 F/DEBUG   (  205):     #07 pc 0001f61d  /system/lib/libbinder.so (_ZN7android14IPCThreadState20getAndExecuteCommandEv+64)
05-18 12:48:18.584 F/DEBUG   (  205):     #08 pc 0001f681  /system/lib/libbinder.so (_ZN7android14IPCThreadState14joinThreadPoolEb+48)
05-18 12:48:18.584 F/DEBUG   (  205):     #09 pc 00002389  /system/bin/mediaserver
05-18 12:48:18.584 F/DEBUG   (  205):     #10 pc 00016631  /system/lib/libc.so (__libc_init+44)
05-18 12:48:18.584 F/DEBUG   (  205):     #11 pc 000025dc  /system/bin/mediaserver
05-18 12:48:18.671 I/PeanutSDK:API--(12788): [ScheduleLiveApi][onSuccess: {"code":0,"data":{"local":{"id":1,"status":0},"other":[]},"msg":"success","status":0}]
05-18 12:48:18.775 I/PeanutSDK:API--(12788): [ScheduleLiveApi][onSuccess: {"code":0,"data":{"local":{"id":1,"status":0},"other":[]},"msg":"success","status":0}]
05-18 12:48:18.883 I/PeanutSDK:API--(12788): [ScheduleLiveApi][onSuccess: {"code":0,"data":{"local":{"id":1,"status":0},"other":[]},"msg":"success","status":0}]
05-18 12:48:18.886 F/DEBUG   (  205): 
05-18 12:48:18.886 F/DEBUG   (  205): Tombstone written to: /data/tombstones/tombstone_04
05-18 12:48:18.887 I/BootReceiver(  430): Copying /data/tombstones/tombstone_04 to DropBox (SYSTEM_TOMBSTONE)
05-18 12:48:18.893 W/AudioSystem(  430): AudioPolicyService server died!
05-18 12:48:18.893 W/AudioSystem(  430): AudioFlinger server died!
05-18 12:48:18.893 W/CameraBase(16668): Camera service died!
05-18 12:48:18.893 W/CameraBase(16668): mediaserver's remote binder Camera object died
05-18 12:48:18.895 I/ServiceManager(  169): service 'media.audio_policy' died
05-18 12:48:18.895 I/ServiceManager(  169): service 'media.player' died
05-18 12:48:18.895 I/ServiceManager(  169): service 'media.resource_manager' died
05-18 12:48:18.895 I/ServiceManager(  169): service 'media.camera' died
05-18 12:48:18.895 I/ServiceManager(  169): service 'media.sound_trigger_hw' died
05-18 12:48:18.895 I/ServiceManager(  169): service 'media.radio' died
05-18 12:48:18.895 E/AudioService(  430): Media server died.
05-18 12:48:18.904 I/CountFragment(16668): model load OK in 0ms · conf=0.4
05-18 12:48:18.905 E/Camera  (16668): Error 100
05-18 12:48:18.912 E/CountFragment(16668): Camera 0 error callback: 100
05-18 12:48:18.977 D/Surface (16668): Surface::final mReqUsage=a00
05-18 12:48:18.977 D/mali_winsys(16668): EGLint new_window_surface(egl_winsys_display*, void*, EGLSurface, EGLConfig, egl_winsys_surface**, egl_color_buffer_format*, EGLBoolean) returns 0x3000
05-18 12:48:18.978 D/gralloc (  171): Isfb=0, [578,66,592,2368], fmt=1, byte_stride=2368
05-18 12:48:18.979 D/gralloc (  171): Isfb=0, [578,66,592,2368], fmt=1, byte_stride=2368
05-18 12:48:18.979 D/gralloc (  171): Isfb=0, [578,66,592,2368], fmt=1, byte_stride=2368
05-18 12:48:18.985 I/PeanutSDK:SDK--(16668): [CoAPPing][startPing][offLineTime: 2001, timeout : 60000, isTimeout : false, isOnline : true]
05-18 12:48:18.987 I/PeanutSDK:API--(12788): [ScheduleLiveApi][onSuccess: {"code":0,"data":{"local":{"id":1,"status":0},"other":[]},"msg":"success","status":0}]
05-18 12:48:19.096 I/PeanutSDK:API--(12788): [ScheduleLiveApi][onSuccess: {"code":0,"data":{"local":{"id":1,"status":0},"other":[]},"msg":"success","status":0}]
05-18 12:48:19.212 I/PeanutSDK:API--(12788): [ScheduleLiveApi][onSuccess: {"code":0,"data":{"local":{"id":1,"status":0},"other":[]},"msg":"success","status":0}]
05-18 12:48:19.225 I/PeanutSDK:SDK--(12788): [SerialLinkAdapter]Raw Received  :AA AA 00 7C 21 00 11 00 00 42 21 01 05 00 09 00 01 01 00 01 01 00 01 01 00 EC CD 55 55 
05-18 12:48:19.250 I/PeanutSDK:API--(12788): [RuntimeObjectApi][onSuccess: {"code":0,"data":{"exist":false,"x":0.0,"y":0.0},"msg":"success","status":0}]
05-18 12:48:19.251 I/klog.comm.sdk.success [TopicManager](12788): subscribe:{"code":0,"topic":"sensor.object.perception"}
05-18 12:48:19.256 I/klog.comm.sdk.success [TopicManager](12788): Exception:java.lang.NullPointerException: Attempt to invoke virtual method 'java.lang.String com.google.gson.JsonObject.toString()' on a null object reference
05-18 12:48:19.353 I/PeanutSDK:API--(12788): [ScheduleLiveApi][onSuccess: {"code":0,"data":{"local":{"id":1,"status":0},"other":[]},"msg":"success","status":0}]
05-18 12:48:19.357 D/PeanutSDK:RUNTIME--(16668): [PeanutRuntime][queryHearBeat]
05-18 12:48:19.358 D/PeanutSDK:SDK--(16668): [LinkAdapterFactory][resetConfig][comRobot=/dev/ttyS1,comEmotion=/dev/ttyS2,comLight=/dev/ttyUSB0,comDoor=/dev/ttyS2,defaultLinkType=COAP,defaultSerialPath=/dev/ttyS1]
05-18 12:48:19.359 D/PeanutSDK:SDK--(16668): [CoapLinkAdapter][adapt][url: coap://192.168.64.20:5683, path: /runtime/heartbeat, type: GET, msgType: CON, params: {"sync":0}]
05-18 12:48:19.363 I/ServiceManager(16668): Waiting for service media.camera...
05-18 12:48:19.365 E/PeanutSDK:RUNTIME--(16668): [PeanutRuntime][get heartbeat status][ApiError{mid=57487, code=203171, msg='4.04 NOT_FOUND', tag='/runtime/heartbeat'}]
05-18 12:48:19.365 D/PeanutSDK:RUNTIME--(16668): [PeanutRuntime][notifyEvent][event： 10000]
05-18 12:48:19.365 I/PeanutSDK:API--(12788): [ScheduleLiveApi][onSuccess: {"code":0,"data":{"local":{"id":1,"status":0},"other":[]},"msg":"success","status":0}]
05-18 12:48:19.396 E/AudioService(  430): Media server died.
05-18 12:48:19.401 I/PeanutManager(12788): mqtt is connect:true
05-18 12:48:19.401 I/PeanutSDK:SDK--(12788): [LinkAdapterFactory][resetConfig][comRobot=/dev/ttyS3,comEmotion=/dev/ttyS3,comLight=/dev/ttyS3,comDoor=/dev/ttyS3,comKc01=/dev/ttyS1,comEmotionKc01=/dev/ttyS3,comBattery=/dev/ttyS2,comRola=/dev/ttyS2,defaultLinkType=COAP,defaultSerialPath=/dev/ttyS3]
05-18 12:48:19.401 I/klog.outter.mapping [PeanutManager](12788): fixedMappingMode():mHasReceivedMappingStop=false  mHasReceivedMappingStart=false
05-18 12:48:19.402 I/klog.outter.mapping [PeanutManager](12788): fixedMappingMode():mIsMappingMode=false  isPreMappingMode=false  heartBeatAlive=false
05-18 12:48:19.402 I/PeanutSDK:SDK--(12788): [CoapLinkAdapter][adapt][url: coap://192.168.64.20:5683, path: /runtime/odo, type: GET, msgType: CON, params: null]
05-18 12:48:19.403 I/klog.robot.biz.ps [PeanutManager](12788): isApplicationBroughtToBackground……
05-18 12:48:19.404 I/klog.robot.biz.ps [MotorModel](12788): MotorEntity{id=2, motorState=true}
05-18 12:48:19.404 I/klog.comm.coap.request [PeanutManager](12788): controlMotorLock lock: true
05-18 12:48:19.405 I/PeanutSDK:SDK--(12788): [LinkAdapterFactory][resetConfig][comRobot=/dev/ttyS3,comEmotion=/dev/ttyS3,comLight=/dev/ttyS3,comDoor=/dev/ttyS3,comKc01=/dev/ttyS1,comEmotionKc01=/dev/ttyS3,comBattery=/dev/ttyS2,comRola=/dev/ttyS2,defaultLinkType=COAP,defaultSerialPath=/dev/ttyS3]
05-18 12:48:19.407 I/PeanutSDK:SDK--(12788): [CoapLinkAdapter][adapt][url: coap://192.168.64.20:5683, path: /motor/enable, type: POST, msgType: CON, params: {"enable":1}]
05-18 12:48:19.408 I/klog.comm.sdk.success [PeanutManager](12788): controlNavigationStop:: ----from=application is background
05-18 12:48:19.410 I/PeanutSDK:API--(12788): [RuntimeOdoApi][onSuccess: {"code":0,"data":{"odo":48.21200180053711},"msg":"success","status":0}]
05-18 12:48:19.410 I/PeanutSDK:SDK--(12788): [LinkAdapterFactory][resetConfig][comRobot=/dev/ttyS3,comEmotion=/dev/ttyS3,comLight=/dev/ttyS3,comDoor=/dev/ttyS3,comKc01=/dev/ttyS1,comEmotionKc01=/dev/ttyS3,comBattery=/dev/ttyS2,comRola=/dev/ttyS2,defaultLinkType=COAP,defaultSerialPath=/dev/ttyS3]
05-18 12:48:19.410 I/PeanutSDK:SDK--(12788): [CoapLinkAdapter][adapt][url: coap://192.168.64.20:5683, path: /navigation/action, type: POST, msgType: CON, params: {"action":83}]
05-18 12:48:19.410 I/PeanutSDK:SDK--(12788): [PeanutCoapClient][syncRequest][队列的请求有:0个, 当前的请求是:/navigation/action]
05-18 12:48:19.411 I/PeanutSDK:SDK--(12788): [PeanutCoapClient][syncRequest][real execute][/navigation/action]
05-18 12:48:19.416 I/PeanutSDK:API--(12788): MotorEnableApi[onSuccess: {"code":0,"msg":"success","status":0}]
05-18 12:48:19.417 I/klog.comm.sdk.success [PeanutManager](12788): controlMotorLock:BaseResp(code=0)
05-18 12:48:19.432 I/PeanutSDK:SDK--(12788): [PeanutCoapClient][syncRequest][response][/navigation/action] result:{"code":0,"msg":"success","status":0}
05-18 12:48:19.432 I/PeanutSDK:API--(12788): NavigationActionApi[onSuccess: {"code":0,"msg":"success","status":0}]
05-18 12:48:19.435 I/klog.comm.sdk.success [PeanutManager](12788): controlNavigationStop:BaseResp(code=0)
05-18 12:48:19.435 I/PeanutSDK:SDK--(  670): [CoAPPing][startPing][offLineTime: 2040, timeout : 60000, isTimeout : false, isOnline : true]
05-18 12:48:19.439 W/art     (  670): Long monitor contention event with owner method=void java.net.DatagramSocket.receive(java.net.DatagramPacket) from DatagramSocket.java:4294967295 waiters=0 for 2.045s
05-18 12:48:19.551 I/PeanutSDK:API--(12788): [ScheduleLiveApi][onSuccess: {"code":0,"data":{"local":{"id":1,"status":0},"other":[]},"msg":"success","status":0}]
05-18 12:48:19.675 I/PeanutSDK:API--(12788): [ScheduleLiveApi][onSuccess: {"code":0,"data":{"local":{"id":1,"status":0},"other":[]},"msg":"success","status":0}]
05-18 12:48:19.678 I/PeanutSDK:API--(16668): [ButtonStatusApi][onSuccess: {"code":0,"data":{"info":false},"msg":"success","status":0}]
05-18 12:48:19.678 D/PeanutSDK:API--(16668): [ButtonStatusApi][onSuccess json: {"data":{"info":false},"code":0,"msg":"success","status":0,"topic":"ButtonStatusApi"}]
05-18 12:48:19.681 I/PeanutSDK:API--(12788): [ScheduleLiveApi][onSuccess: {"code":0,"data":{"local":{"id":1,"status":0},"other":[]},"msg":"success","status":0}]
05-18 12:48:19.684 I/PeanutSDK:API--(12788): [ButtonStatusApi][onSuccess: {"code":0,"data":{"info":false},"msg":"success","status":0}]
05-18 12:48:19.686 I/klog.comm.sdk.success [TopicManager](12788): subscribe:{"code":0,"data":{"status":0},"topic":"device.emergency.btn.status"}
05-18 12:48:19.692 I/ScramPromptManager(12788): onReceiveLockButton:: state=0 |buttonEnable=true |mShowDialog=true |mCanShowDialog=true
05-18 12:48:19.755 I/PeanutSDK:SDK--(12788): [CoAPPing][startPing][offLineTime: 2040, timeout : 25000, isTimeout : false, isOnline : true]
05-18 12:48:19.759 I/PeanutSDK:API--(12788): [ScheduleLiveApi][onSuccess: {"code":0,"data":{"local":{"id":1,"status":0},"other":[]},"msg":"success","status":0}]
05-18 12:48:19.861 I/PeanutSDK:API--(12788): [ScheduleStatusApi][onSuccess: {"code":0,"data":null,"msg":"success","status":0}]
05-18 12:48:19.862 I/PeanutSDK:API--(12788): [ScheduleLiveApi][onSuccess: {"code":0,"data":{"local":{"id":1,"status":0},"other":[]},"msg":"success","status":0}]
05-18 12:48:19.862 I/FoodDelivery:component.scheduler:ScheduleManager(12788): 数据解析异常
05-18 12:48:19.862 I/PeanutSDK:API--(12788): [NavigationStatusApi][onSuccess: {"code":0,"data":{"dst":0,"remain_length":-1.0,"remain_time":-1.0,"schedule":0,"status":-1,"total_length":-1.0,"total_time":-1.0},"msg":"success","status":0}]
05-18 12:48:19.863 I/PeanutSDK:API--(12788): [DynamicObjectApi][onSuccess: {"code":0,"data":{"distance":0.0,"exist":false},"msg":"success","status":0}]
05-18 12:48:19.865 I/klog.comm.sdk.success [TopicManager](12788): subscribe:{"code":0,"data":{"distance":0,"exist":false,"left":false,"middle":false,"right":false},"topic":"sensordynamic.object.perception"}
05-18 12:48:19.897 E/AudioService(  430): Media server died.
05-18 12:48:19.965 I/PeanutSDK:API--(12788): [ScheduleLiveApi][onSuccess: {"code":0,"data":{"local":{"id":1,"status":0},"other":[]},"msg":"success","status":0}]
05-18 12:48:20.068 I/PeanutSDK:API--(12788): [ScheduleLiveApi][onSuccess: {"code":0,"data":{"local":{"id":1,"status":0},"other":[]},"msg":"success","status":0}]
05-18 12:48:20.085 I/PeanutSDK:API--(12788): [BottomRawUpApi][onSuccess: {"code":0,"data":{"trans":"","transList":[]},"msg":"success","status":0}]
05-18 12:48:20.186 I/PeanutSDK:API--(12788): [ScheduleLiveApi][onSuccess: {"code":0,"data":{"local":{"id":1,"status":0},"other":[]},"msg":"success","status":0}]
05-18 12:48:20.195 I/PeanutSDK:SDK--(12788): [SerialLinkAdapter]Raw Received  :AA AA 00 7C 21 00 11 00 00 42 21 01 05 00 09 00 01 01 00 01 01 00 01 01 00 EC CD 55 55 
05-18 12:48:20.221 I/PeanutSDK:SDK--( 4513): [CoAPPing][startPing][offLineTime: 2040, timeout : 60000, isTimeout : false, isOnline : true]
05-18 12:48:20.325 I/PeanutSDK:API--(12788): [ScheduleLiveApi][onSuccess: {"code":0,"data":{"local":{"id":1,"status":0},"other":[]},"msg":"success","status":0}]
05-18 12:48:20.357 D/PeanutSDK:RUNTIME--(16668): [PeanutRuntime][queryOdo]
05-18 12:48:20.357 D/PeanutSDK:SDK--(16668): [LinkAdapterFactory][resetConfig][comRobot=/dev/ttyS1,comEmotion=/dev/ttyS2,comLight=/dev/ttyUSB0,comDoor=/dev/ttyS2,defaultLinkType=COAP,defaultSerialPath=/dev/ttyS1]
05-18 12:48:20.358 D/PeanutSDK:SDK--(16668): [CoapLinkAdapter][adapt][url: coap://192.168.64.20:5683, path: /runtime/odo, type: GET, msgType: CON, params: null]
05-18 12:48:20.361 I/PeanutSDK:API--(16668): [RuntimeOdoApi][onSuccess: {"code":0,"data":{"odo":48.21200180053711},"msg":"success","status":0}]
05-18 12:48:20.361 I/PeanutSDK:API--(12788): [ScheduleLiveApi][onSuccess: {"code":0,"data":{"local":{"id":1,"status":0},"other":[]},"msg":"success","status":0}]
05-18 12:48:20.362 D/PeanutSDK:API--(16668): [RuntimeOdoApi][onSuccess json: {"data":{"odo":48.21200180053711},"code":0,"msg":"success","status":0}]
05-18 12:48:20.362 D/PeanutSDK:RUNTIME--(16668): [PeanutRuntime][odo][response = {"data":{"odo":48.21200180053711},"code":0,"msg":"success","status":0}]
05-18 12:48:20.362 D/PeanutSDK:RUNTIME--(16668): [PeanutRuntime][odo:48.21200180053711]
05-18 12:48:20.363 I/ServiceManager(16668): Waiting for service media.camera...
05-18 12:48:20.397 E/AudioService(  430): Media server died.
05-18 12:48:20.414 I/PeanutManager(12788): mqtt is connect:true
05-18 12:48:20.414 I/PeanutSDK:SDK--(12788): [LinkAdapterFactory][resetConfig][comRobot=/dev/ttyS3,comEmotion=/dev/ttyS3,comLight=/dev/ttyS3,comDoor=/dev/ttyS3,comKc01=/dev/ttyS1,comEmotionKc01=/dev/ttyS3,comBattery=/dev/ttyS2,comRola=/dev/ttyS2,defaultLinkType=COAP,defaultSerialPath=/dev/ttyS3]
