05-18 12:48:21.303 D/CameraHal(17420): Calling process is: /system/bin/mediaserver
05-18 12:48:21.303 I/vpu_mem_pool(17420): pid 17420, open_vpu_memory_pool:473: success
05-18 12:48:21.303 I/vpu_mem_pool(17420): pid 17420, vpu_mem_allocator:717: vpu memory pool size (80000)
05-18 12:48:21.303 I/vpu_mem_pool(17420): pid 17420, vpu_mem_allocator:720: ion_alloc_fd success, memory fd 26
05-18 12:48:21.303 I/vpu_mem_pool(17420): pid 17420, vpu_mem_allocator:717: vpu memory pool size (160000)
05-18 12:48:21.303 I/vpu_mem_pool(17420): pid 17420, vpu_mem_allocator:720: ion_alloc_fd success, memory fd 27
05-18 12:48:21.304 I/vpu_mem_pool(17420): pid 17420, vpu_mem_allocator:717: vpu memory pool size (240000)
05-18 12:48:21.304 I/vpu_mem_pool(17420): pid 17420, vpu_mem_allocator:720: ion_alloc_fd success, memory fd 29
05-18 12:48:21.304 I/vpu_mem_pool(17420): pid 17420, vpu_mem_allocator:717: vpu memory pool size (320000)
05-18 12:48:21.304 I/vpu_mem_pool(17420): pid 17420, vpu_mem_allocator:720: ion_alloc_fd success, memory fd 30
05-18 12:48:21.304 I/vpu_mem_pool(17420): pid 17420, vpu_mem_allocator:717: vpu memory pool size (400000)
05-18 12:48:21.304 I/vpu_mem_pool(17420): pid 17420, vpu_mem_allocator:720: ion_alloc_fd success, memory fd 31
05-18 12:48:21.304 I/vpu_mem_pool(17420): pid 17420, vpu_mem_allocator:717: vpu memory pool size (480000)
05-18 12:48:21.304 I/vpu_mem_pool(17420): pid 17420, vpu_mem_allocator:720: ion_alloc_fd success, memory fd 32
05-18 12:48:21.304 I/vpu_mem_pool(17420): pid 17420, vpu_mem_allocator:717: vpu memory pool size (560000)
05-18 12:48:21.304 I/vpu_mem_pool(17420): pid 17420, vpu_mem_allocator:720: ion_alloc_fd success, memory fd 33
05-18 12:48:21.304 I/vpu_mem_pool(17420): pid 17420, vpu_mem_allocator:717: vpu memory pool size (640000)
05-18 12:48:21.304 I/vpu_mem_pool(17420): pid 17420, vpu_mem_allocator:720: ion_alloc_fd success, memory fd 34
05-18 12:48:21.304 I/vpu_mem_pool(17420): pid 17420, vpu_mem_allocator:717: vpu memory pool size (720000)
05-18 12:48:21.304 I/vpu_mem_pool(17420): pid 17420, vpu_mem_allocator:720: ion_alloc_fd success, memory fd 35
05-18 12:48:21.304 I/vpu_mem_pool(17420): pid 17420, vpu_mem_allocator:717: vpu memory pool size (800000)
05-18 12:48:21.304 I/vpu_mem_pool(17420): pid 17420, vpu_mem_allocator:720: ion_alloc_fd success, memory fd 38
05-18 12:48:21.304 D/CameraHal(17420): cameraCreate(376): Camera driver: uvcvideo   Driver version: 3.10.0  CameraHal version: 1.65.1 
05-18 12:48:21.304 D/CameraHal(17420): cameraCreate(383): mCamDriverSupportFmt: fmt = 1196444237,index = 0
05-18 12:48:21.304 D/CameraHal(17420): cameraCreate(383): mCamDriverSupportFmt: fmt = 1448695129,index = 1
05-18 12:48:21.304 D/CameraHal(17420): cameraCreate(421): cameraCreate(421): mCamDriverPreviewFmt(MJPG) is cameraHal and camera driver is also supported!!
05-18 12:48:21.304 D/CameraHal(17420): cameraCreate(423): mCamDriverPreviewFmt  = 1196444237
05-18 12:48:21.304 D/CameraHal(17420): cameraCreate(429): cameraCreate(429): Current driver is uvcvideo, v4l2 memory is V4L2_MEMORY_MMAP
05-18 12:48:21.305 E/CameraHal(17420): initDefaultParameters(486): initDefaultParameters(486): mCamDriverCapability.card is error!
05-18 12:48:21.305 D/CameraHal(17420): initDefaultParameters(534): Support Preview format: yuv420sp,yuv420p .. yuv420sp
05-18 12:48:21.305 D/CameraHal(17420): initDefaultParameters(536): Support Preview sizes: 640x480,1920x1080,1280x960,1280x720,960x720,800x600,640x480     640x480
05-18 12:48:21.305 D/CameraHal(17420): initDefaultParameters(537): Support Preview FPS range: (30000,30000)
05-18 12:48:21.305 D/CameraHal(17420): initDefaultParameters(538): Support Preview framerate: 30
05-18 12:48:21.305 D/CameraHal(17420): initDefaultParameters(539): Support Picture sizes: 640x480,1920x1080,1280x960,1280x720,960x720,800x600,640x480 
05-18 12:48:21.305 D/CameraHal(17420): initDefaultParameters(541): Support white balance: auto,incandescent,fluorescent,daylight,cloudy-daylight
05-18 12:48:21.305 D/CameraHal(17420): initDefaultParameters(549): Support focus: fixed  focus zone: 0
05-18 12:48:21.305 D/CameraHal(17420): initDefaultParameters(551): Support zoom: true(ratios: 100,105,110,115,120,125,130,135,140,145,150,155,160,165,170,175,180,185,190,195,200,205,210,215,220,225,230,235,240,245,250,255,260,265,270,275,280,285,290,295,300,)
05-18 12:48:21.305 D/CameraHal(17420): initDefaultParameters(555): Support exposure: (-3 -> 3)
05-18 12:48:21.305 D/CameraHal(17420): initDefaultParameters(559): Support anti-banding: off,50hz,60hz,auto  anti-banding: off
05-18 12:48:21.305 D/CameraHal(17420): initDefaultParameters(561): Support hardware faces detecte: 0
05-18 12:48:21.305 D/CameraHal(17420): initDefaultParameters(562): Support software faces detecte: 0
05-18 12:48:21.305 D/CameraHal(17420): initDefaultParameters(563): Support video stabilization: false
05-18 12:48:21.305 D/CameraHal(17420): initDefaultParameters(564): Support recording hint: false
05-18 12:48:21.305 E/CameraHal(17420): cameraConfig(693): cameraConfig(693): Set framerate(30 fps) failed
05-18 12:48:21.306 E/CameraFlashlight(17420): connectCameraDevice: failed to get smallest surface size for camera 2
05-18 12:48:21.306 I/CameraFlashlight(17420): Destroying camera 2
05-18 12:48:21.306 D/CameraHal(17420): camera_device_close(451): camera_device_close
05-18 12:48:21.306 D/CameraHal(17420): displayThread(622): displayThread(622): receive CMD_DISPLAY_STOP
05-18 12:48:21.306 D/CameraHal(17420): cameraDisplayBufferDestory(399): cameraDisplayBufferDestory(399): mANativeWindow is NULL, destory is ignore
05-18 12:48:21.306 D/CameraHal(17420): encProcessThread(1658): encProcessThread(1658): receive CMD_ENCPROCESS_EXIT
05-18 12:48:21.307 I/vpu_mem_pool(17420): pid 17420, close_vpu_memory_pool:501: vpu memory pool size (720000)
05-18 12:48:21.307 I/vpu_mem_pool(17420): pid 17420, close_vpu_memory_pool:501: vpu memory pool size (640000)
05-18 12:48:21.307 I/vpu_mem_pool(17420): pid 17420, close_vpu_memory_pool:501: vpu memory pool size (560000)
05-18 12:48:21.307 I/vpu_mem_pool(17420): pid 17420, close_vpu_memory_pool:501: vpu memory pool size (480000)
05-18 12:48:21.307 I/vpu_mem_pool(17420): pid 17420, close_vpu_memory_pool:501: vpu memory pool size (400000)
05-18 12:48:21.307 I/vpu_mem_pool(17420): pid 17420, close_vpu_memory_pool:501: vpu memory pool size (320000)
05-18 12:48:21.307 I/vpu_mem_pool(17420): pid 17420, close_vpu_memory_pool:501: vpu memory pool size (240000)
05-18 12:48:21.307 I/vpu_mem_pool(17420): pid 17420, close_vpu_memory_pool:501: vpu memory pool size (160000)
05-18 12:48:21.307 I/vpu_mem_pool(17420): pid 17420, close_vpu_memory_pool:501: vpu memory pool size (80000)
05-18 12:48:21.307 I/vpu_mem_pool(17420): pid 17420, close_vpu_memory_pool:501: vpu memory pool size (0)
05-18 12:48:21.307 I/vpu_mem_pool(17420): pid 17420, close_vpu_memory_pool:552: 
05-18 12:48:21.310 D/CameraHal(17420): autofocusThread(822): wait out
05-18 12:48:21.311 D/CameraHal(17420): commandThread(1124): commandThread(1124): receive CMD_EXIT
05-18 12:48:21.311 D/CameraHal(17420): ~CameraHal(302): CameraHal destory success
05-18 12:48:21.311 E/CameraFlashlight(17420): findFlashUnits: failed to check if camera 2 has a flash unit. No such file or directory (-2)
05-18 12:48:21.311 I/CameraFlashlight(17420): Opening camera 3
05-18 12:48:21.311 I/CameraHal(17420): camera_device_open(500): camera_device open
05-18 12:48:21.311 D/CameraHal(17420): gCameraHalLogLevel: 0
05-18 12:48:21.311 D/CameraHal(17420): CameraHal(121): it is a uvc camera!
05-18 12:48:21.311 D/CameraHal(17420): Calling process is: /system/bin/mediaserver
05-18 12:48:21.311 I/vpu_mem_pool(17420): pid 17420, open_vpu_memory_pool:473: success
05-18 12:48:21.311 I/vpu_mem_pool(17420): pid 17420, vpu_mem_allocator:717: vpu memory pool size (80000)
05-18 12:48:21.312 I/vpu_mem_pool(17420): pid 17420, vpu_mem_allocator:720: ion_alloc_fd success, memory fd 26
05-18 12:48:21.312 I/vpu_mem_pool(17420): pid 17420, vpu_mem_allocator:717: vpu memory pool size (160000)
05-18 12:48:21.312 I/vpu_mem_pool(17420): pid 17420, vpu_mem_allocator:720: ion_alloc_fd success, memory fd 27
05-18 12:48:21.312 I/vpu_mem_pool(17420): pid 17420, vpu_mem_allocator:717: vpu memory pool size (240000)
05-18 12:48:21.312 I/vpu_mem_pool(17420): pid 17420, vpu_mem_allocator:720: ion_alloc_fd success, memory fd 29
05-18 12:48:21.312 I/vpu_mem_pool(17420): pid 17420, vpu_mem_allocator:717: vpu memory pool size (320000)
05-18 12:48:21.312 I/vpu_mem_pool(17420): pid 17420, vpu_mem_allocator:720: ion_alloc_fd success, memory fd 30
05-18 12:48:21.312 I/vpu_mem_pool(17420): pid 17420, vpu_mem_allocator:717: vpu memory pool size (400000)
05-18 12:48:21.312 I/vpu_mem_pool(17420): pid 17420, vpu_mem_allocator:720: ion_alloc_fd success, memory fd 31
05-18 12:48:21.312 I/vpu_mem_pool(17420): pid 17420, vpu_mem_allocator:717: vpu memory pool size (480000)
05-18 12:48:21.312 I/vpu_mem_pool(17420): pid 17420, vpu_mem_allocator:720: ion_alloc_fd success, memory fd 32
05-18 12:48:21.312 I/vpu_mem_pool(17420): pid 17420, vpu_mem_allocator:717: vpu memory pool size (560000)
05-18 12:48:21.312 I/vpu_mem_pool(17420): pid 17420, vpu_mem_allocator:720: ion_alloc_fd success, memory fd 33
05-18 12:48:21.313 I/vpu_mem_pool(17420): pid 17420, vpu_mem_allocator:717: vpu memory pool size (640000)
05-18 12:48:21.313 I/vpu_mem_pool(17420): pid 17420, vpu_mem_allocator:720: ion_alloc_fd success, memory fd 34
05-18 12:48:21.313 D/CameraHal(17420): cameraCreate(376): Camera driver: uvcvideo   Driver version: 3.10.0  CameraHal version: 1.65.1 
05-18 12:48:21.313 I/vpu_mem_pool(17420): pid 17420, vpu_mem_allocator:717: vpu memory pool size (720000)
05-18 12:48:21.313 D/CameraHal(17420): cameraCreate(383): mCamDriverSupportFmt: fmt = 1196444237,index = 0
05-18 12:48:21.313 I/vpu_mem_pool(17420): pid 17420, vpu_mem_allocator:720: ion_alloc_fd success, memory fd 38
05-18 12:48:21.313 D/CameraHal(17420): cameraCreate(421): cameraCreate(421): mCamDriverPreviewFmt(MJPG) is cameraHal and camera driver is also supported!!
05-18 12:48:21.313 D/CameraHal(17420): cameraCreate(423): mCamDriverPreviewFmt  = 1196444237
05-18 12:48:21.313 D/CameraHal(17420): cameraCreate(429): cameraCreate(429): Current driver is uvcvideo, v4l2 memory is V4L2_MEMORY_MMAP
05-18 12:48:21.313 I/vpu_mem_pool(17420): pid 17420, vpu_mem_allocator:717: vpu memory pool size (800000)
05-18 12:48:21.313 I/vpu_mem_pool(17420): pid 17420, vpu_mem_allocator:720: ion_alloc_fd success, memory fd 39
05-18 12:48:21.313 E/CameraHal(17420): initDefaultParameters(486): initDefaultParameters(486): mCamDriverCapability.card is error!
05-18 12:48:21.313 D/CameraHal(17420): initDefaultParameters(534): Support Preview format: yuv420sp,yuv420p .. yuv420sp
05-18 12:48:21.313 D/CameraHal(17420): initDefaultParameters(536): Support Preview sizes: 1920x1080     640x480
05-18 12:48:21.313 D/CameraHal(17420): initDefaultParameters(537): Support Preview FPS range: (20000,30000)
05-18 12:48:21.313 D/CameraHal(17420): initDefaultParameters(538): Support Preview framerate: 30,20
05-18 12:48:21.313 D/CameraHal(17420): initDefaultParameters(539): Support Picture sizes: 1920x1080 
05-18 12:48:21.313 D/CameraHal(17420): initDefaultParameters(549): Support focus: fixed  focus zone: 0
05-18 12:48:21.313 D/CameraHal(17420): initDefaultParameters(551): Support zoom: true(ratios: 100,105,110,115,120,125,130,135,140,145,150,155,160,165,170,175,180,185,190,195,200,205,210,215,220,225,230,235,240,245,250,255,260,265,270,275,280,285,290,295,300,)
05-18 12:48:21.313 D/CameraHal(17420): initDefaultParameters(561): Support hardware faces detecte: 0
05-18 12:48:21.313 D/CameraHal(17420): initDefaultParameters(562): Support software faces detecte: 0
05-18 12:48:21.313 D/CameraHal(17420): initDefaultParameters(563): Support video stabilization: false
05-18 12:48:21.313 D/CameraHal(17420): initDefaultParameters(564): Support recording hint: false
05-18 12:48:21.313 E/CameraHal(17420): cameraConfig(693): cameraConfig(693): Set framerate(30 fps) failed
05-18 12:48:21.314 E/CameraFlashlight(17420): connectCameraDevice: failed to get smallest surface size for camera 3
05-18 12:48:21.314 I/CameraFlashlight(17420): Destroying camera 3
05-18 12:48:21.314 D/CameraHal(17420): camera_device_close(451): camera_device_close
05-18 12:48:21.314 D/CameraHal(17420): displayThread(622): displayThread(622): receive CMD_DISPLAY_STOP
05-18 12:48:21.314 D/CameraHal(17420): cameraDisplayBufferDestory(399): cameraDisplayBufferDestory(399): mANativeWindow is NULL, destory is ignore
05-18 12:48:21.314 D/CameraHal(17420): encProcessThread(1658): encProcessThread(1658): receive CMD_ENCPROCESS_EXIT
05-18 12:48:21.314 I/vpu_mem_pool(17420): pid 17420, close_vpu_memory_pool:501: vpu memory pool size (720000)
05-18 12:48:21.314 I/vpu_mem_pool(17420): pid 17420, close_vpu_memory_pool:501: vpu memory pool size (640000)
05-18 12:48:21.314 I/vpu_mem_pool(17420): pid 17420, close_vpu_memory_pool:501: vpu memory pool size (560000)
05-18 12:48:21.314 I/vpu_mem_pool(17420): pid 17420, close_vpu_memory_pool:501: vpu memory pool size (480000)
05-18 12:48:21.314 I/vpu_mem_pool(17420): pid 17420, close_vpu_memory_pool:501: vpu memory pool size (400000)
05-18 12:48:21.314 I/vpu_mem_pool(17420): pid 17420, close_vpu_memory_pool:501: vpu memory pool size (320000)
05-18 12:48:21.314 I/vpu_mem_pool(17420): pid 17420, close_vpu_memory_pool:501: vpu memory pool size (240000)
05-18 12:48:21.314 I/vpu_mem_pool(17420): pid 17420, close_vpu_memory_pool:501: vpu memory pool size (160000)
05-18 12:48:21.315 I/vpu_mem_pool(17420): pid 17420, close_vpu_memory_pool:501: vpu memory pool size (80000)
05-18 12:48:21.315 I/vpu_mem_pool(17420): pid 17420, close_vpu_memory_pool:501: vpu memory pool size (0)
05-18 12:48:21.315 I/vpu_mem_pool(17420): pid 17420, close_vpu_memory_pool:552: 
05-18 12:48:21.315 D/CameraHal(17420): autofocusThread(822): wait out
05-18 12:48:21.315 D/CameraHal(17420): commandThread(1124): commandThread(1124): receive CMD_EXIT
05-18 12:48:21.315 D/CameraHal(17420): ~CameraHal(302): CameraHal destory success
05-18 12:48:21.315 E/CameraFlashlight(17420): findFlashUnits: failed to check if camera 3 has a flash unit. No such file or directory (-2)
05-18 12:48:21.316 E/SoundTriggerHwService(17420): couldn't load sound trigger module sound_trigger.primary (No such file or directory)
05-18 12:48:21.316 I/RadioService(17420): RadioService
05-18 12:48:21.316 I/RadioService(17420): onFirstRef
05-18 12:48:21.316 E/RadioService(17420): couldn't load radio module radio.primary (No such file or directory)
05-18 12:48:21.365 I/CameraService(17420): CameraService::connect call (PID 16668 "com.keenon.peanut.sample", camera ID 0) for HAL version default and Camera API version 1
05-18 12:48:21.365 W/AudioFlinger(17420): acquireAudioSessionId() unknown client 16668 for session 8
05-18 12:48:21.366 I/AwesomePlayer(17420): AwesomePlayer::AwesomePlayer()in
05-18 12:48:21.371 I/libstagefrighthw(17420): OMX IL core libOMX_Core.so: declares component OMX.rk.video_decoder.avc
05-18 12:48:21.371 I/libstagefrighthw(17420): OMX IL core libOMX_Core.so: declares component OMX.rk.video_decoder.m4v
05-18 12:48:21.371 I/libstagefrighthw(17420): OMX IL core libOMX_Core.so: declares component OMX.rk.video_decoder.h263
05-18 12:48:21.371 I/libstagefrighthw(17420): OMX IL core libOMX_Core.so: declares component OMX.rk.video_decoder.flv1
05-18 12:48:21.371 I/libstagefrighthw(17420): OMX IL core libOMX_Core.so: declares component OMX.rk.video_decoder.m2v
05-18 12:48:21.371 I/libstagefrighthw(17420): OMX IL core libOMX_Core.so: declares component OMX.rk.video_decoder.rv
05-18 12:48:21.371 I/libstagefrighthw(17420): OMX IL core libOMX_Core.so: declares component OMX.rk.video_decoder.vp8
05-18 12:48:21.371 I/libstagefrighthw(17420): OMX IL core libOMX_Core.so: declares component OMX.rk.video_decoder.vc1
05-18 12:48:21.371 I/libstagefrighthw(17420): OMX IL core libOMX_Core.so: declares component OMX.rk.video_decoder.wmv3
05-18 12:48:21.371 I/libstagefrighthw(17420): OMX IL core libOMX_Core.so: declares component OMX.rk.video_decoder.vp6
05-18 12:48:21.371 I/libstagefrighthw(17420): OMX IL core libOMX_Core.so: declares component OMX.rk.video_decoder.hevc
05-18 12:48:21.371 I/libstagefrighthw(17420): OMX IL core libOMX_Core.so: declares component OMX.rk.video_decoder.mjpeg
05-18 12:48:21.371 I/libstagefrighthw(17420): OMX IL core libOMX_Core.so: declares component OMX.rk.video_decoder.avc.secure
05-18 12:48:21.371 I/libstagefrighthw(17420): OMX IL core libOMX_Core.so: declares component OMX.rk.video_decoder.vp9
05-18 12:48:21.371 I/libstagefrighthw(17420): OMX IL core libOMX_Core.so: declares component OMX.rk.video_encoder.avc
05-18 12:48:21.371 I/libstagefrighthw(17420): OMX IL core libOMX_Core.so: declares component OMX.rk.video_encoder.vp8
05-18 12:48:21.371 I/libstagefrighthw(17420): OMX IL core libOMX_Core.so: contains 16 components
05-18 12:48:21.371 I/AwesomePlayer(17420): AwesomePlayer::AwesomePlayer()aftermClient.connect()
05-18 12:48:21.374 I/AwesomePlayer(17420): setDataSource_l(<no-scheme URI suppressed>)
05-18 12:48:21.377 D/WVMExtractor(17420): Failed to open libwvm.so
05-18 12:48:21.399 E/AudioService(  430): Media server started.
05-18 12:48:21.401 D/PermissionCache(17420): checking android.permission.MODIFY_AUDIO_SETTINGS for uid=1000 => granted (499 us)
05-18 12:48:21.403 I/AudioFlinger(17420): AudioFlinger's thread 0xb2dd9008 ready to run
05-18 12:48:21.405 I/PeanutManager(12788): mqtt is connect:true
05-18 12:48:21.405 E/FastThread(17420): did not receive expected priority boost
05-18 12:48:21.405 I/klog.outter.mapping [PeanutManager](12788): fixedMappingMode():mHasReceivedMappingStop=false  mHasReceivedMappingStart=false
05-18 12:48:21.405 I/PeanutSDK:SDK--(12788): [LinkAdapterFactory][resetConfig][comRobot=/dev/ttyS3,comEmotion=/dev/ttyS3,comLight=/dev/ttyS3,comDoor=/dev/ttyS3,comKc01=/dev/ttyS1,comEmotionKc01=/dev/ttyS3,comBattery=/dev/ttyS2,comRola=/dev/ttyS2,defaultLinkType=COAP,defaultSerialPath=/dev/ttyS3]
05-18 12:48:21.405 I/klog.outter.mapping [PeanutManager](12788): fixedMappingMode():mIsMappingMode=false  isPreMappingMode=false  heartBeatAlive=false
05-18 12:48:21.405 I/PeanutSDK:SDK--(12788): [CoapLinkAdapter][adapt][url: coap://192.168.64.20:5683, path: /runtime/odo, type: GET, msgType: CON, params: null]
05-18 12:48:21.406 D/APM::AudioPolicyManager(17420): setDeviceConnectionState() could not find HW module for device 00000800
05-18 12:48:21.406 W/APM::AudioPolicyEngine(17420): setPhoneState() setting same state 0
05-18 12:48:21.407 W/APM::AudioPolicyManager(17420): setPhoneState() invalid or same state 0
05-18 12:48:21.408 I/klog.robot.biz.ps [PeanutManager](12788): isApplicationBroughtToBackground……
05-18 12:48:21.408 I/klog.robot.biz.ps [MotorModel](12788): MotorEntity{id=2, motorState=true}
05-18 12:48:21.409 I/klog.comm.coap.request [PeanutManager](12788): controlMotorLock lock: true
05-18 12:48:21.409 I/PeanutSDK:SDK--(12788): [LinkAdapterFactory][resetConfig][comRobot=/dev/ttyS3,comEmotion=/dev/ttyS3,comLight=/dev/ttyS3,comDoor=/dev/ttyS3,comKc01=/dev/ttyS1,comEmotionKc01=/dev/ttyS3,comBattery=/dev/ttyS2,comRola=/dev/ttyS2,defaultLinkType=COAP,defaultSerialPath=/dev/ttyS3]
05-18 12:48:21.409 I/PeanutSDK:SDK--(12788): [CoapLinkAdapter][adapt][url: coap://192.168.64.20:5683, path: /motor/enable, type: POST, msgType: CON, params: {"enable":1}]
05-18 12:48:21.411 I/klog.comm.sdk.success [PeanutManager](12788): controlNavigationStop:: ----from=application is background
05-18 12:48:21.411 I/PeanutSDK:SDK--(12788): [LinkAdapterFactory][resetConfig][comRobot=/dev/ttyS3,comEmotion=/dev/ttyS3,comLight=/dev/ttyS3,comDoor=/dev/ttyS3,comKc01=/dev/ttyS1,comEmotionKc01=/dev/ttyS3,comBattery=/dev/ttyS2,comRola=/dev/ttyS2,defaultLinkType=COAP,defaultSerialPath=/dev/ttyS3]
05-18 12:48:21.411 I/PeanutSDK:SDK--(12788): [CoapLinkAdapter][adapt][url: coap://192.168.64.20:5683, path: /navigation/action, type: POST, msgType: CON, params: {"action":83}]
05-18 12:48:21.411 I/PeanutSDK:SDK--(12788): [PeanutCoapClient][syncRequest][队列的请求有:0个, 当前的请求是:/navigation/action]
05-18 12:48:21.412 I/PeanutSDK:SDK--(12788): [PeanutCoapClient][syncRequest][real execute][/navigation/action]
05-18 12:48:21.414 I/AudioFlinger(17420): systemReady
05-18 12:48:21.419 E/ROCKCHIP_RM(17420): pRockchipComponent->codecType 1, Line:282
05-18 12:48:21.419 E/ROCKCHIP_VIDEO_DECCONTROL(17420): OMX_IndexParamdescribeColorFormat get 
05-18 12:48:21.420 E/ROCKCHIP_VIDEO_DECCONTROL(17420): OMX_IndexParamdescribeColorFormat get 
05-18 12:48:21.420 W/OMXNodeInstance(17420): [e:rk._decoder.avc] component does not support metadata mode; using fallback
05-18 12:48:21.422 E/ROCKCHIP_RM(17420): pRockchipComponent->codecType 1, Line:282
05-18 12:48:21.422 E/ROCKCHIP_VIDEO_DECCONTROL(17420): OMX_IndexParamdescribeColorFormat get 
05-18 12:48:21.422 E/ROCKCHIP_VIDEO_DECCONTROL(17420): OMX_IndexParamdescribeColorFormat get 
05-18 12:48:21.422 W/OMXNodeInstance(17420): [f:rk._decoder.m2v] component does not support metadata mode; using fallback
05-18 12:48:21.425 E/ROCKCHIP_RM(17420): pRockchipComponent->codecType 1, Line:282
05-18 12:48:21.425 E/ROCKCHIP_VIDEO_DECCONTROL(17420): OMX_IndexParamdescribeColorFormat get 
05-18 12:48:21.425 E/ROCKCHIP_VIDEO_DECCONTROL(17420): OMX_IndexParamdescribeColorFormat get 
05-18 12:48:21.425 W/OMXNodeInstance(17420): [10:rk._decoder.vp8] component does not support metadata mode; using fallback
05-18 12:48:21.427 I/PeanutSDK:API--(12788): [PositionPosInfoApi][onSuccess: {"code":0,"data":{"buildDesc":[],"elevatorPosState":1,"floor":1,"robotPos":{"rotation":0.160,"x":0.0,"y":0.0}},"msg":"success","status":0}]
05-18 12:48:21.427 I/PeanutSDK:API--(12788): [ScheduleLiveApi][onSuccess: {"code":0,"data":{"local":{"id":1,"status":0},"other":[]},"msg":"success","status":0}]
05-18 12:48:21.428 E/ROCKCHIP_RM(17420): pRockchipComponent->codecType 1, Line:282
05-18 12:48:21.428 I/PeanutSDK:API--(16668): [MotorStatusApi][onSuccess: {"code":0,"data":{"status":1},"msg":"success","status":0}]
05-18 12:48:21.428 I/klog.comm.sdk.success [TopicManager](12788): subscribe:{"code":0,"data":{"buildDesc":[],"elevatorPosState":1,"floor":1,"robotPos":{"rotation":0.16,"x":0,"y":0}},"msg":"success","status":0,"topic":"map.position.info"}
05-18 12:48:21.428 D/PeanutSDK:API--(16668): [MotorStatusApi][onSuccess json: {"data":{"status":1},"code":0,"msg":"success","status":0,"topic":"MotorStatusApi"}]
05-18 12:48:21.429 E/ROCKCHIP_VIDEO_DECCONTROL(17420): OMX_IndexParamdescribeColorFormat get 
05-18 12:48:21.429 E/ROCKCHIP_VIDEO_DECCONTROL(17420): OMX_IndexParamdescribeColorFormat get 
05-18 12:48:21.429 W/OMXNodeInstance(17420): [11:rk._decoder.h263] component does not support metadata mode; using fallback
05-18 12:48:21.430 I/PeanutSDK:API--(12788): [RuntimeOdoApi][onSuccess: {"code":0,"data":{"odo":48.21200180053711},"msg":"success","status":0}]
05-18 12:48:21.430 I/PeanutSDK:API--(12788): MotorEnableApi[onSuccess: {"code":0,"msg":"success","status":0}]
05-18 12:48:21.431 I/klog.comm.sdk.success [PeanutManager](12788): controlMotorLock:BaseResp(code=0)
05-18 12:48:21.432 E/ROCKCHIP_RM(17420): pRockchipComponent->codecType 1, Line:282
05-18 12:48:21.432 E/ROCKCHIP_VIDEO_DECCONTROL(17420): OMX_IndexParamdescribeColorFormat get 
05-18 12:48:21.432 E/ROCKCHIP_VIDEO_DECCONTROL(17420): OMX_IndexParamdescribeColorFormat get 
05-18 12:48:21.432 W/OMXNodeInstance(17420): [12:rk._decoder.m4v] component does not support metadata mode; using fallback
05-18 12:48:21.434 E/ROCKCHIP_RM(17420): pRockchipComponent->codecType 1, Line:282
05-18 12:48:21.434 E/ROCKCHIP_VIDEO_DECCONTROL(17420): OMX_IndexParamdescribeColorFormat get 
05-18 12:48:21.434 E/ROCKCHIP_VIDEO_DECCONTROL(17420): OMX_IndexParamdescribeColorFormat get 
05-18 12:48:21.434 W/OMXNodeInstance(17420): [13:rk._decoder.flv1] component does not support metadata mode; using fallback
05-18 12:48:21.437 E/ROCKCHIP_RM(17420): pRockchipComponent->codecType 1, Line:282
05-18 12:48:21.437 E/ROCKCHIP_VIDEO_DECCONTROL(17420): OMX_IndexParamdescribeColorFormat get 
05-18 12:48:21.437 E/ROCKCHIP_VIDEO_DECCONTROL(17420): OMX_IndexParamdescribeColorFormat get 
05-18 12:48:21.437 W/OMXNodeInstance(17420): [14:rk._decoder.mjpeg] component does not support metadata mode; using fallback
05-18 12:48:21.440 E/ROCKCHIP_RM(17420): pRockchipComponent->codecType 1, Line:282
05-18 12:48:21.440 E/ROCKCHIP_VIDEO_DECCONTROL(17420): OMX_IndexParamdescribeColorFormat get 
05-18 12:48:21.440 E/ROCKCHIP_VIDEO_DECCONTROL(17420): OMX_IndexParamdescribeColorFormat get 
05-18 12:48:21.440 W/OMXNodeInstance(17420): [15:rk._decoder.hevc] component does not support metadata mode; using fallback
05-18 12:48:21.443 E/ROCKCHIP_RM(17420): pRockchipComponent->codecType 2, Line:282
05-18 12:48:21.443 W/ACodec  (17420): do not know color format 0x7f000789 = 2130708361
05-18 12:48:21.447 W/OMXNodeInstance(17420): [17:google.h264.decoder] component does not support metadata mode; using fallback
05-18 12:48:21.449 W/OMXNodeInstance(17420): [18:google.vp9.decoder] component does not support metadata mode; using fallback
05-18 12:48:21.451 I/SoftMPEG4Encoder(17420): Construct SoftMPEG4Encoder
05-18 12:48:21.451 W/ACodec  (17420): do not know color format 0x7f000789 = 2130708361
05-18 12:48:21.453 I/SoftMPEG4Encoder(17420): Construct SoftMPEG4Encoder
05-18 12:48:21.453 W/ACodec  (17420): do not know color format 0x7f000789 = 2130708361
05-18 12:48:21.455 I/PeanutSDK:SDK--(  670): [CoAPPing][startPing][offLineTime: 2016, timeout : 60000, isTimeout : false, isOnline : true]
05-18 12:48:21.456 W/ACodec  (17420): do not know color format 0x7f000789 = 2130708361
05-18 12:48:21.458 W/art     (  670): Long monitor contention event with owner method=void java.net.DatagramSocket.receive(java.net.DatagramPacket) from DatagramSocket.java:4294967295 waiters=0 for 2.019s
05-18 12:48:21.460 W/MediaCodecList(17420): unable to open media codecs configuration xml file: /data/misc/media/media_codecs_profiling_results.xml
05-18 12:48:21.460 I/OMXCodec(17420): --->InstantiateSoftwareCodec create OMX.google.vorbis.decoder codec
05-18 12:48:21.461 W/AudioFlinger(17420): acquireAudioSessionId() unknown client 16668 for session 10
05-18 12:48:21.462 I/AwesomePlayer(17420): AwesomePlayer::AwesomePlayer()in
05-18 12:48:21.462 I/AwesomePlayer(17420): AwesomePlayer::AwesomePlayer()aftermClient.connect()
05-18 12:48:21.462 I/AwesomePlayer(17420): setDataSource_l(<no-scheme URI suppressed>)
05-18 12:48:21.470 I/OMXCodec(17420): --->InstantiateSoftwareCodec create OMX.google.vorbis.decoder codec
05-18 12:48:21.471 W/AudioFlinger(17420): acquireAudioSessionId() unknown client 16668 for session 11
05-18 12:48:21.471 I/AwesomePlayer(17420): AwesomePlayer::AwesomePlayer()in
05-18 12:48:21.472 I/AwesomePlayer(17420): AwesomePlayer::AwesomePlayer()aftermClient.connect()
05-18 12:48:21.472 I/AwesomePlayer(17420): setDataSource_l(<no-scheme URI suppressed>)
05-18 12:48:21.472 E/FileSource(17420): Failed to open file '/system/media/audio/ui/VideoStop.ogg'. (No such file or directory)
05-18 12:48:21.472 E/MediaPlayer(17420): error (1, -2147483648)
05-18 12:48:21.473 I/PeanutSDK:SDK--(12788): [PeanutCoapClient][syncRequest][response][/navigation/action] result:{"code":0,"msg":"success","status":0}
05-18 12:48:21.473 I/PeanutSDK:API--(12788): NavigationActionApi[onSuccess: {"code":0,"msg":"success","status":0}]
05-18 12:48:21.474 I/CameraClient(17420): Opening camera 0
05-18 12:48:21.474 I/klog.comm.sdk.success [PeanutManager](12788): controlNavigationStop:BaseResp(code=0)
05-18 12:48:21.474 I/CameraHal(17420): camera_device_open(500): camera_device open
05-18 12:48:21.474 D/CameraHal(17420): gCameraHalLogLevel: 0
05-18 12:48:21.474 D/CameraHal(17420): CameraHal(121): it is a uvc camera!
05-18 12:48:21.474 I/PeanutSDK:API--(12788): [MotorStatusApi][onSuccess: {"code":0,"data":{"status":1},"msg":"success","status":0}]
05-18 12:48:21.474 D/CameraHal(17420): Calling process is: com.keenon.peanut.sample
05-18 12:48:21.474 I/PeanutSDK:API--(12788): [ScheduleLiveApi][onSuccess: {"code":0,"data":{"local":{"id":1,"status":0},"other":[]},"msg":"success","status":0}]
05-18 12:48:21.474 I/vpu_mem_pool(17420): pid 17420, open_vpu_memory_pool:473: success
05-18 12:48:21.474 I/FoodDelivery:component.fault:FaultManager(12788): listenMotorStatus---s={"code":0,"data":{"status":1},"msg":"success","status":0,"topic":"device.motor.status"}
05-18 12:48:21.475 I/vpu_mem_pool(17420): pid 17420, vpu_mem_allocator:717: vpu memory pool size (80000)
05-18 12:48:21.475 I/vpu_mem_pool(17420): pid 17420, vpu_mem_allocator:720: ion_alloc_fd success, memory fd 34
05-18 12:48:21.475 I/vpu_mem_pool(17420): pid 17420, vpu_mem_allocator:717: vpu memory pool size (160000)
05-18 12:48:21.475 I/vpu_mem_pool(17420): pid 17420, vpu_mem_allocator:720: ion_alloc_fd success, memory fd 35
05-18 12:48:21.475 I/vpu_mem_pool(17420): pid 17420, vpu_mem_allocator:717: vpu memory pool size (240000)
05-18 12:48:21.475 I/vpu_mem_pool(17420): pid 17420, vpu_mem_allocator:720: ion_alloc_fd success, memory fd 36
05-18 12:48:21.475 I/vpu_mem_pool(17420): pid 17420, vpu_mem_allocator:717: vpu memory pool size (320000)
05-18 12:48:21.475 I/vpu_mem_pool(17420): pid 17420, vpu_mem_allocator:720: ion_alloc_fd success, memory fd 37
05-18 12:48:21.475 I/vpu_mem_pool(17420): pid 17420, vpu_mem_allocator:717: vpu memory pool size (400000)
05-18 12:48:21.475 I/vpu_mem_pool(17420): pid 17420, vpu_mem_allocator:720: ion_alloc_fd success, memory fd 38
05-18 12:48:21.475 I/vpu_mem_pool(17420): pid 17420, vpu_mem_allocator:717: vpu memory pool size (480000)
05-18 12:48:21.475 I/vpu_mem_pool(17420): pid 17420, vpu_mem_allocator:720: ion_alloc_fd success, memory fd 39
05-18 12:48:21.475 I/vpu_mem_pool(17420): pid 17420, vpu_mem_allocator:717: vpu memory pool size (560000)
05-18 12:48:21.475 I/vpu_mem_pool(17420): pid 17420, vpu_mem_allocator:720: ion_alloc_fd success, memory fd 40
05-18 12:48:21.476 I/vpu_mem_pool(17420): pid 17420, vpu_mem_allocator:717: vpu memory pool size (640000)
05-18 12:48:21.476 I/vpu_mem_pool(17420): pid 17420, vpu_mem_allocator:720: ion_alloc_fd success, memory fd 44
05-18 12:48:21.476 I/vpu_mem_pool(17420): pid 17420, vpu_mem_allocator:717: vpu memory pool size (720000)
05-18 12:48:21.476 I/vpu_mem_pool(17420): pid 17420, vpu_mem_allocator:720: ion_alloc_fd success, memory fd 45
05-18 12:48:21.476 I/vpu_mem_pool(17420): pid 17420, vpu_mem_allocator:717: vpu memory pool size (800000)
05-18 12:48:21.476 I/vpu_mem_pool(17420): pid 17420, vpu_mem_allocator:720: ion_alloc_fd success, memory fd 46
05-18 12:48:21.476 D/CameraHal(17420): cameraCreate(376): Camera driver: uvcvideo   Driver version: 3.10.0  CameraHal version: 1.65.1 
05-18 12:48:21.476 D/CameraHal(17420): cameraCreate(383): mCamDriverSupportFmt: fmt = 1196444237,index = 0
05-18 12:48:21.476 D/CameraHal(17420): cameraCreate(383): mCamDriverSupportFmt: fmt = 1448695129,index = 1
05-18 12:48:21.476 D/CameraHal(17420): cameraCreate(421): cameraCreate(421): mCamDriverPreviewFmt(MJPG) is cameraHal and camera driver is also supported!!
05-18 12:48:21.476 D/CameraHal(17420): cameraCreate(423): mCamDriverPreviewFmt  = 1196444237
05-18 12:48:21.476 D/CameraHal(17420): cameraCreate(429): cameraCreate(429): Current driver is uvcvideo, v4l2 memory is V4L2_MEMORY_MMAP
05-18 12:48:21.477 I/klog.comm.sdk.success [TopicManager](12788): subscribe:{"code":0,"data":{"status":1},"msg":"success","status":0,"topic":"device.motor.status"}
05-18 12:48:21.500 E/CameraHal(17420): initDefaultParameters(486): initDefaultParameters(486): mCamDriverCapability.card is error!
05-18 12:48:21.500 D/CameraHal(17420): initDefaultParameters(534): Support Preview format: yuv420sp,yuv420p .. yuv420sp
05-18 12:48:21.500 D/CameraHal(17420): initDefaultParameters(536): Support Preview sizes: 640x480,1920x1080,1280x960,1280x720,960x720,800x600,640x480     640x480
05-18 12:48:21.500 D/CameraHal(17420): initDefaultParameters(537): Support Preview FPS range: (30000,30000)
05-18 12:48:21.500 D/CameraHal(17420): initDefaultParameters(538): Support Preview framerate: 30
05-18 12:48:21.500 D/CameraHal(17420): initDefaultParameters(539): Support Picture sizes: 640x480,1920x1080,1280x960,1280x720,960x720,800x600,640x480 
05-18 12:48:21.500 D/CameraHal(17420): initDefaultParameters(541): Support white balance: auto,incandescent,fluorescent,daylight,cloudy-daylight
05-18 12:48:21.500 D/CameraHal(17420): initDefaultParameters(549): Support focus: fixed  focus zone: 0
05-18 12:48:21.500 D/CameraHal(17420): initDefaultParameters(551): Support zoom: true(ratios: 100,105,110,115,120,125,130,135,140,145,150,155,160,165,170,175,180,185,190,195,200,205,210,215,220,225,230,235,240,245,250,255,260,265,270,275,280,285,290,295,300,)
05-18 12:48:21.500 D/CameraHal(17420): initDefaultParameters(555): Support exposure: (-3 -> 3)
05-18 12:48:21.500 D/CameraHal(17420): initDefaultParameters(559): Support anti-banding: off,50hz,60hz,auto  anti-banding: off
05-18 12:48:21.500 D/CameraHal(17420): initDefaultParameters(561): Support hardware faces detecte: 0
05-18 12:48:21.500 D/CameraHal(17420): initDefaultParameters(562): Support software faces detecte: 0
05-18 12:48:21.500 D/CameraHal(17420): initDefaultParameters(563): Support video stabilization: false
05-18 12:48:21.500 D/CameraHal(17420): initDefaultParameters(564): Support recording hint: false
05-18 12:48:21.500 E/CameraHal(17420): cameraConfig(693): cameraConfig(693): Set framerate(30 fps) failed
05-18 12:48:21.502 W/CountFragment(16668): getParameters failed for camera 0
05-18 12:48:21.502 W/CountFragment(16668): java.lang.RuntimeException: getParameters failed (empty parameters)
05-18 12:48:21.502 W/CountFragment(16668): 	at android.hardware.Camera.native_getParameters(Native Method)
05-18 12:48:21.502 W/CountFragment(16668): 	at android.hardware.Camera.getParameters(Camera.java:1890)
05-18 12:48:21.502 W/CountFragment(16668): 	at com.keenon.peanut.supermarket.fragment.CountFragment.safeGetParameters(CountFragment.java:774)
05-18 12:48:21.502 W/CountFragment(16668): 	at com.keenon.peanut.supermarket.fragment.CountFragment.tryStartPreviewOnCamera(CountFragment.java:497)
05-18 12:48:21.502 W/CountFragment(16668): 	at com.keenon.peanut.supermarket.fragment.CountFragment.startPreview(CountFragment.java:458)
05-18 12:48:21.502 W/CountFragment(16668): 	at com.keenon.peanut.supermarket.fragment.CountFragment.requestStart(CountFragment.java:432)
05-18 12:48:21.502 W/CountFragment(16668): 	at com.keenon.peanut.supermarket.fragment.CountFragment.lambda$onViewCreated$0$CountFragment(CountFragment.java:181)
05-18 12:48:21.502 W/CountFragment(16668): 	at com.keenon.peanut.supermarket.fragment.-$$Lambda$CountFragment$8HuGTM2YIThxsCM2zNOEGrMVs54.onClick(lambda)
05-18 12:48:21.502 W/CountFragment(16668): 	at android.view.View.performClick(View.java:5204)
05-18 12:48:21.502 W/CountFragment(16668): 	at com.google.android.material.button.MaterialButton.performClick(MaterialButton.java:967)
05-18 12:48:21.502 W/CountFragment(16668): 	at android.view.View$PerformClick.run(View.java:21170)
05-18 12:48:21.502 W/CountFragment(16668): 	at android.os.Handler.handleCallback(Handler.java:743)
05-18 12:48:21.502 W/CountFragment(16668): 	at android.os.Handler.dispatchMessage(Handler.java:95)
05-18 12:48:21.502 W/CountFragment(16668): 	at android.os.Looper.loop(Looper.java:148)
05-18 12:48:21.502 W/CountFragment(16668): 	at android.app.ActivityThread.main(ActivityThread.java:5417)
05-18 12:48:21.502 W/CountFragment(16668): 	at java.lang.reflect.Method.invoke(Native Method)
05-18 12:48:21.502 W/CountFragment(16668): 	at com.android.internal.os.ZygoteInit$MethodAndArgsCaller.run(ZygoteInit.java:772)
05-18 12:48:21.502 W/CountFragment(16668): 	at com.android.internal.os.ZygoteInit.main(ZygoteInit.java:662)
05-18 12:48:21.502 W/CountFragment(16668): Camera 0 returned empty parameters — using HAL defaults
05-18 12:48:21.505 I/TrayPlateCounter(16668): Circle updated: (324.9,229.22) r=265.0
05-18 12:48:21.505 I/TrayPlateCounter(16668): Circle updated: (324.9,229.22) r=265.0
05-18 12:48:21.505 I/TrayPlateCounter(16668): Circle updated: (324.9,229.22) r=265.0
05-18 12:48:21.505 I/TrayPlateCounter(16668): Confidence threshold = 0.4
05-18 12:48:21.505 I/TrayPlateCounter(16668): Confidence threshold = 0.4
05-18 12:48:21.505 I/TrayPlateCounter(16668): Confidence threshold = 0.4
05-18 12:48:21.505 I/CountFragment(16668): sensitivity → conf=0.40 (lower = more detections, more false positives)
05-18 12:48:21.506 I/CountFragment(16668): loading canpan_detection_v1.1.5 for camera 0…
05-18 12:48:21.506 I/CountFragment(16668): circle: cx=324.9 cy=229.2 r=265.0  (in 640×480 model space)
05-18 12:48:21.506 F/libc    (17420): Fatal signal 11 (SIGSEGV), code 1, fault addr 0x0 in tid 17420 (mediaserver)
05-18 12:48:21.557 F/DEBUG   (  205): *** *** *** *** *** *** *** *** *** *** *** *** *** *** *** ***
05-18 12:48:21.558 F/DEBUG   (  205): Build fingerprint: 'Android/rk3288/rk3288:6.0.1/MXC89K/builder04291124:userdebug/test-keys'
05-18 12:48:21.558 F/DEBUG   (  205): Revision: '0'
05-18 12:48:21.558 F/DEBUG   (  205): ABI: 'arm'
05-18 12:48:21.558 W/NativeCrashListener(  430): Couldn't find ProcessRecord for pid 17420
05-18 12:48:21.558 F/DEBUG   (  205): pid: 17420, tid: 17420, name: mediaserver  >>> /system/bin/mediaserver <<<
05-18 12:48:21.558 E/DEBUG   (  205): AM write failed: Broken pipe
05-18 12:48:21.558 F/DEBUG   (  205): signal 11 (SIGSEGV), code 1 (SEGV_MAPERR), fault addr 0x0
05-18 12:48:21.565 F/DEBUG   (  205):     r0 00000000  r1 00000000  r2 0000001e  r3 00000000
05-18 12:48:21.565 F/DEBUG   (  205):     r4 b762d868  r5 b762de14  r6 ffffffff  r7 ffffffff
05-18 12:48:21.565 F/DEBUG   (  205):     r8 00000000  r9 00000000  sl 000003f5  fp 0000440c
05-18 12:48:21.565 F/DEBUG   (  205):     ip b340e734  sp bed1d640  lr 0000001e  pc b6a1ece0  cpsr 600f0030
05-18 12:48:21.570 F/DEBUG   (  205): 
05-18 12:48:21.570 F/DEBUG   (  205): backtrace:
05-18 12:48:21.570 F/DEBUG   (  205):     #00 pc 00017ce0  /system/lib/libc.so (__strcpy_chk+75)
05-18 12:48:21.570 F/DEBUG   (  205):     #01 pc 0001b9f9  /system/lib/hw/camera.rk30board.so (_ZN7android14AppMsgNotifier19setPreviewDataCbResEiiPKc+64)
05-18 12:48:21.570 F/DEBUG   (  205):     #02 pc 0002e5bb  /system/lib/hw/camera.rk30board.so (_ZN7android9CameraHal13enableMsgTypeEi+74)
05-18 12:48:21.570 F/DEBUG   (  205):     #03 pc 00055a09  /system/lib/libcameraservice.so (_ZN7android12CameraClient22setPreviewCallbackFlagEi+52)
05-18 12:48:21.570 F/DEBUG   (  205):     #04 pc 0001c4f9  /system/lib/libcamera_client.so (_ZN7android8BnCamera10onTransactEjRKNS_6ParcelEPS1_j+166)
05-18 12:48:21.570 F/DEBUG   (  205):     #05 pc 0001a19d  /system/lib/libbinder.so (_ZN7android7BBinder8transactEjRKNS_6ParcelEPS1_j+60)
05-18 12:48:21.570 F/DEBUG   (  205):     #06 pc 0001f4b1  /system/lib/libbinder.so (_ZN7android14IPCThreadState14executeCommandEi+532)
05-18 12:48:21.570 F/DEBUG   (  205):     #07 pc 0001f61d  /system/lib/libbinder.so (_ZN7android14IPCThreadState20getAndExecuteCommandEv+64)
05-18 12:48:21.570 F/DEBUG   (  205):     #08 pc 0001f681  /system/lib/libbinder.so (_ZN7android14IPCThreadState14joinThreadPoolEb+48)
05-18 12:48:21.570 F/DEBUG   (  205):     #09 pc 00002389  /system/bin/mediaserver
05-18 12:48:21.570 F/DEBUG   (  205):     #10 pc 00016631  /system/lib/libc.so (__libc_init+44)
05-18 12:48:21.570 F/DEBUG   (  205):     #11 pc 000025dc  /system/bin/mediaserver
05-18 12:48:21.578 I/PeanutSDK:API--(12788): [ScheduleLiveApi][onSuccess: {"code":0,"data":{"local":{"id":1,"status":0},"other":[]},"msg":"success","status":0}]
05-18 12:48:21.698 I/PeanutSDK:API--(12788): [ScheduleLiveApi][onSuccess: {"code":0,"data":{"local":{"id":1,"status":0},"other":[]},"msg":"success","status":0}]
05-18 12:48:21.798 I/PeanutSDK:SDK--(12788): [CoAPPing][startPing][offLineTime: 2040, timeout : 25000, isTimeout : false, isOnline : true]
05-18 12:48:21.801 I/PeanutSDK:API--(12788): [ScheduleLiveApi][onSuccess: {"code":0,"data":{"local":{"id":1,"status":0},"other":[]},"msg":"success","status":0}]
05-18 12:48:21.803 I/PeanutSDK:API--(12788): [BottomRawUpApi][onSuccess: {"code":0,"data":{"trans":"ADgVAQUAEgADAgAAAQEAAQQAALcAAQMAtwA=","transList":["ADgVAQUAEgADAgAAAQEAAQQAALcAAQMAtwA="]},"msg":"success","status":0}]
05-18 12:48:21.806 I/PeanutSDK:UTIL--(12788): [SCMIoTSender][receiveResponse][packet base64: ADgVAQUAEgADAgAAAQEAAQQAALcAAQMAtwA=]
05-18 12:48:21.806 I/PeanutSDK:UTIL--(12788): [SCMIoTSender][receiveResponse][packet in hex: 00381501050012000302000001010001040000b700010300b700]
05-18 12:48:21.806 I/PeanutSDK:UTIL--(12788): [SCMIoTSender][receiveResponse][packet data l: 26]
05-18 12:48:21.806 I/PeanutSDK:UTIL--(12788): [SCMIoTSender][common parseResponse][data in hex: 0302000001010001040000b700010300b700]
05-18 12:48:21.806 I/PeanutSDK:UTIL--(12788): [SCMIoTSender][common parseResponse data][{"data":{"cmd":5,"dev":56,"length":18,"seq":0,"status":0,"topic":21,"type":1},"code":0,"msg":"success","status":0,"topic":"SCMThingModelApi"}]
05-18 12:48:21.807 E/PeanutSDK:UTIL--(12788): [SCMIoTSender][onResponse][null callback or empty response]
05-18 12:48:21.807 I/PeanutSDK:UTIL--(12788): [SCMIoTSender][receiveResponse][packet in json: {"data":{"cmd":5,"dev":56,"length":18,"seq":0,"status":0,"topic":21,"type":1},"code":0,"msg":"success","status":0,"topic":"SCMThingModelApi"}]
05-18 12:48:21.807 I/FoodDelivery:component.ntb:NoticeBellManager(12788): raw data={"data":{"cmd":5,"dev":56,"length":18,"seq":0,"status":0,"topic":21,"type":1},"code":0,"msg":"success","status":0,"topic":"device.through.up"}
05-18 12:48:21.810 I/klog.comm.sdk.success [TopicManager](12788): subscribe:{"data":{"cmd":5,"dev":56,"length":18,"seq":0,"status":0,"topic":21,"type":1},"code":0,"msg":"success","status":0,"topic":"device.through.up"}
05-18 12:48:21.815 I/klog.comm.serial.report [TopicManager](12788): raw data={"data":{"cmd":5,"dev":56,"length":18,"seq":0,"status":0,"topic":21,"type":1},"code":0,"msg":"success","status":0,"topic":"device.through.up"}
05-18 12:48:21.817 I/FoodDelivery:component.ntb:NoticeBellManager(12788): raw data={"data":{"cmd":5,"dev":56,"length":18,"seq":0,"status":0,"topic":21,"type":1},"code":0,"msg":"success","status":0,"topic":"device.through.up"}
05-18 12:48:21.883 F/DEBUG   (  205): 
05-18 12:48:21.883 F/DEBUG   (  205): Tombstone written to: /data/tombstones/tombstone_05
05-18 12:48:21.883 I/BootReceiver(  430): Copying /data/tombstones/tombstone_05 to DropBox (SYSTEM_TOMBSTONE)
05-18 12:48:21.887 W/AudioSystem(  430): AudioFlinger server died!
05-18 12:48:21.888 W/AudioSystem(  430): AudioPolicyService server died!
05-18 12:48:21.888 W/CameraBase(16668): Camera service died!
05-18 12:48:21.888 W/CameraBase(16668): mediaserver's remote binder Camera object died
05-18 12:48:21.890 I/InputDispatcher(  430): Window 'Window{9e62507 u0 com.keenon.peanut.sample/com.keenon.peanut.supermarket.SupermarketActivity}' spent 2137.6ms processing the last input event: MotionEvent(deviceId=2, source=0x00001002, action=0, actionButton=0x00000000, flags=0x00000000, metaState=0x00000000, buttonState=0x00000000, edgeFlags=0x00000000, xPrecision=8.5, yPrecision=15.2, displayId=0, pointers=[0: (424.3, 959.7)]), policyFlags=0x62000000
05-18 12:48:21.891 I/InputDispatcher(  430): Window 'Window{9e62507 u0 com.keenon.peanut.sample/com.keenon.peanut.supermarket.SupermarketActivity}' spent 2064.5ms processing the last input event: MotionEvent(deviceId=2, source=0x00001002, action=1, actionButton=0x00000000, flags=0x00000000, metaState=0x00000000, buttonState=0x00000000, edgeFlags=0x00000000, xPrecision=8.5, yPrecision=15.2, displayId=0, pointers=[0: (424.3, 959.7)]), policyFlags=0x62000000
05-18 12:48:21.895 I/ServiceManager(  169): service 'media.audio_flinger' died
05-18 12:48:21.895 I/ServiceManager(  169): service 'media.audio_policy' died
05-18 12:48:21.895 I/ServiceManager(  169): service 'media.player' died
05-18 12:48:21.895 I/ServiceManager(  169): service 'media.resource_manager' died
05-18 12:48:21.895 I/ServiceManager(  169): service 'media.camera' died
05-18 12:48:21.895 I/ServiceManager(  169): service 'media.sound_trigger_hw' died
05-18 12:48:21.895 I/ServiceManager(  169): service 'media.radio' died
05-18 12:48:21.895 E/AudioService(  430): Media server died.
05-18 12:48:21.895 D/PeanutSDK:SupermarketActivity(16668): onEvent:10000, content: null
05-18 12:48:21.895 I/Choreographer(16668): Skipped 151 frames!  The application may be doing too much work on its main thread.
05-18 12:48:21.905 I/CountFragment(16668): model load OK in 0ms · conf=0.4
05-18 12:48:21.906 E/Camera  (16668): Error 100
05-18 12:48:21.910 I/PeanutSDK:API--(12788): [ScheduleLiveApi][onSuccess: {"code":0,"data":{"local":{"id":1,"status":0},"other":[]},"msg":"success","status":0}]
05-18 12:48:21.914 E/CountFragment(16668): Camera 0 error callback: 100
05-18 12:48:22.014 I/PeanutSDK:API--(12788): [ScheduleLiveApi][onSuccess: {"code":0,"data":{"local":{"id":1,"status":0},"other":[]},"msg":"success","status":0}]
05-18 12:48:22.118 I/PeanutSDK:API--(12788): [ScheduleLiveApi][onSuccess: {"code":0,"data":{"local":{"id":1,"status":0},"other":[]},"msg":"success","status":0}]
05-18 12:48:22.165 I/PeanutSDK:API--(12788): [ScheduleLiveApi][onSuccess: {"code":0,"data":{"local":{"id":1,"status":0},"other":[]},"msg":"success","status":0}]
05-18 12:48:22.165 I/PeanutSDK:API--(12788): [DeviceStatusReportApi][onSuccess: {"code":0,"data":{"device_status":0,"device_type":"mx_camera","status_description":"idle"},"msg":"success","status":0}]
05-18 12:48:22.167 I/klog.comm.sdk.success [TopicManager](12788): subscribe:{"code":0,"data":{"device_status":0,"device_type":"mx_camera","status_description":"idle"},"msg":"success","status":0,"topic"