05-18 12:48:09.422 I/PeanutSDK:API--(12788): MotorEnableApi[onSuccess: {"code":0,"msg":"success","status":0}]
05-18 12:48:09.423 I/PeanutSDK:SDK--(12788): [PeanutCoapClient][syncRequest][real execute][/navigation/action]
05-18 12:48:09.424 I/klog.comm.sdk.success [PeanutManager](12788): controlMotorLock:BaseResp(code=0)
05-18 12:48:09.439 I/PeanutSDK:SDK--(12788): [PeanutCoapClient][syncRequest][response][/navigation/action] result:{"code":0,"msg":"success","status":0}
05-18 12:48:09.439 I/PeanutSDK:API--(12788): NavigationActionApi[onSuccess: {"code":0,"msg":"success","status":0}]
05-18 12:48:09.439 I/klog.comm.sdk.success [PeanutManager](12788): controlNavigationStop:BaseResp(code=0)
05-18 12:48:09.543 I/PeanutSDK:API--(16668): [ButtonStatusApi][onSuccess: {"code":0,"data":{"info":false},"msg":"success","status":0}]
05-18 12:48:09.544 D/PeanutSDK:API--(16668): [ButtonStatusApi][onSuccess json: {"data":{"info":false},"code":0,"msg":"success","status":0,"topic":"ButtonStatusApi"}]
05-18 12:48:09.547 I/PeanutSDK:API--(12788): [ScheduleLiveApi][onSuccess: {"code":0,"data":{"local":{"id":1,"status":0},"other":[]},"msg":"success","status":0}]
05-18 12:48:09.551 I/PeanutSDK:API--(12788): [ButtonStatusApi][onSuccess: {"code":0,"data":{"info":false},"msg":"success","status":0}]
05-18 12:48:09.553 I/klog.comm.sdk.success [TopicManager](12788): subscribe:{"code":0,"data":{"status":0},"topic":"device.emergency.btn.status"}
05-18 12:48:09.567 I/ScramPromptManager(12788): onReceiveLockButton:: state=0 |buttonEnable=true |mShowDialog=true |mCanShowDialog=true
05-18 12:48:09.654 I/PeanutSDK:API--(12788): [ScheduleLiveApi][onSuccess: {"code":0,"data":{"local":{"id":1,"status":0},"other":[]},"msg":"success","status":0}]
05-18 12:48:09.764 I/PeanutSDK:API--(12788): [ScheduleLiveApi][onSuccess: {"code":0,"data":{"local":{"id":1,"status":0},"other":[]},"msg":"success","status":0}]
05-18 12:48:09.870 I/PeanutSDK:API--(12788): [ScheduleLiveApi][onSuccess: {"code":0,"data":{"local":{"id":1,"status":0},"other":[]},"msg":"success","status":0}]
05-18 12:48:09.977 I/PeanutSDK:API--(12788): [ScheduleLiveApi][onSuccess: {"code":0,"data":{"local":{"id":1,"status":0},"other":[]},"msg":"success","status":0}]
05-18 12:48:09.993 I/PeanutSDK:SDK--( 4513): [CoAPPing][startPing][offLineTime: 2040, timeout : 60000, isTimeout : false, isOnline : true]
05-18 12:48:10.035 I/PeanutSDK:API--(12788): [BottomRawUpApi][onSuccess: {"code":0,"data":{"trans":"","transList":[]},"msg":"success","status":0}]
05-18 12:48:10.126 I/PeanutSDK:API--(12788): [DeviceStatusReportApi][onSuccess: {"code":0,"data":{"device_status":0,"device_type":"mx_camera","status_description":"idle"},"msg":"success","status":0}]
05-18 12:48:10.126 I/PeanutSDK:API--(12788): [ScheduleLiveApi][onSuccess: {"code":0,"data":{"local":{"id":1,"status":0},"other":[]},"msg":"success","status":0}]
05-18 12:48:10.126 I/PeanutSDK:API--(12788): [RuntimeObjectApi][onSuccess: {"code":0,"data":{"exist":false,"x":0.0,"y":0.0},"msg":"success","status":0}]
05-18 12:48:10.127 I/klog.comm.sdk.success [TopicManager](12788): subscribe:{"code":0,"data":{"device_status":0,"device_type":"mx_camera","status_description":"idle"},"msg":"success","status":0,"topic":"device.device.status.report"}
05-18 12:48:10.131 I/TopicManager(12788): DEVICE_STATUS_REPORT:: data={"code":0,"data":{"device_status":0,"device_type":"mx_camera","status_description":"idle"},"msg":"success","status":0,"topic":"device.device.status.report"}
05-18 12:48:10.133 I/klog.comm.sdk.success [TopicManager](12788): subscribe:{"code":0,"topic":"sensor.object.perception"}
05-18 12:48:10.138 I/klog.comm.sdk.success [TopicManager](12788): Exception:java.lang.NullPointerException: Attempt to invoke virtual method 'java.lang.String com.google.gson.JsonObject.toString()' on a null object reference
05-18 12:48:10.214 I/PeanutSDK:SDK--(12788): [SerialLinkAdapter]Raw Received  :AA AA 00 7C 21 00 11 00 00 42 21 01 05 00 09 00 01 01 00 01 01 00 01 01 00 EC CD 55 55 
05-18 12:48:10.230 I/PeanutSDK:API--(12788): [ScheduleLiveApi][onSuccess: {"code":0,"data":{"local":{"id":1,"status":0},"other":[]},"msg":"success","status":0}]
05-18 12:48:10.252 I/CameraService(16862): CameraService::connect call (PID 16668 "com.keenon.peanut.sample", camera ID 0) for HAL version default and Camera API version 1
05-18 12:48:10.253 W/AudioFlinger(16862): acquireAudioSessionId() unknown client 16668 for session 9
05-18 12:48:10.254 I/AwesomePlayer(16862): AwesomePlayer::AwesomePlayer()in
05-18 12:48:10.261 I/libstagefrighthw(16862): OMX IL core libOMX_Core.so: declares component OMX.rk.video_decoder.avc
05-18 12:48:10.261 I/libstagefrighthw(16862): OMX IL core libOMX_Core.so: declares component OMX.rk.video_decoder.m4v
05-18 12:48:10.261 I/libstagefrighthw(16862): OMX IL core libOMX_Core.so: declares component OMX.rk.video_decoder.h263
05-18 12:48:10.261 I/libstagefrighthw(16862): OMX IL core libOMX_Core.so: declares component OMX.rk.video_decoder.flv1
05-18 12:48:10.261 I/libstagefrighthw(16862): OMX IL core libOMX_Core.so: declares component OMX.rk.video_decoder.m2v
05-18 12:48:10.261 I/libstagefrighthw(16862): OMX IL core libOMX_Core.so: declares component OMX.rk.video_decoder.rv
05-18 12:48:10.261 I/libstagefrighthw(16862): OMX IL core libOMX_Core.so: declares component OMX.rk.video_decoder.vp8
05-18 12:48:10.261 I/libstagefrighthw(16862): OMX IL core libOMX_Core.so: declares component OMX.rk.video_decoder.vc1
05-18 12:48:10.261 I/libstagefrighthw(16862): OMX IL core libOMX_Core.so: declares component OMX.rk.video_decoder.wmv3
05-18 12:48:10.261 I/libstagefrighthw(16862): OMX IL core libOMX_Core.so: declares component OMX.rk.video_decoder.vp6
05-18 12:48:10.261 I/libstagefrighthw(16862): OMX IL core libOMX_Core.so: declares component OMX.rk.video_decoder.hevc
05-18 12:48:10.261 I/libstagefrighthw(16862): OMX IL core libOMX_Core.so: declares component OMX.rk.video_decoder.mjpeg
05-18 12:48:10.261 I/libstagefrighthw(16862): OMX IL core libOMX_Core.so: declares component OMX.rk.video_decoder.avc.secure
05-18 12:48:10.261 I/libstagefrighthw(16862): OMX IL core libOMX_Core.so: declares component OMX.rk.video_decoder.vp9
05-18 12:48:10.261 I/libstagefrighthw(16862): OMX IL core libOMX_Core.so: declares component OMX.rk.video_encoder.avc
05-18 12:48:10.261 I/libstagefrighthw(16862): OMX IL core libOMX_Core.so: declares component OMX.rk.video_encoder.vp8
05-18 12:48:10.261 I/libstagefrighthw(16862): OMX IL core libOMX_Core.so: contains 16 components
05-18 12:48:10.261 I/AwesomePlayer(16862): AwesomePlayer::AwesomePlayer()aftermClient.connect()
05-18 12:48:10.267 I/AwesomePlayer(16862): setDataSource_l(<no-scheme URI suppressed>)
05-18 12:48:10.272 D/WVMExtractor(16862): Failed to open libwvm.so
05-18 12:48:10.305 E/ROCKCHIP_RM(16862): pRockchipComponent->codecType 1, Line:282
05-18 12:48:10.305 E/ROCKCHIP_VIDEO_DECCONTROL(16862): OMX_IndexParamdescribeColorFormat get 
05-18 12:48:10.306 E/ROCKCHIP_VIDEO_DECCONTROL(16862): OMX_IndexParamdescribeColorFormat get 
05-18 12:48:10.306 W/OMXNodeInstance(16862): [e:rk._decoder.avc] component does not support metadata mode; using fallback
05-18 12:48:10.306 I/PeanutSDK:SensorCallBell(12788): senRequest msgID ：195672509
05-18 12:48:10.306 I/PeanutSDK:API--(12788): [SCMIoTSender][sendRequest][SCMRequest{dev=65, topic=29, type=0, cmd=1, params=BellInitParam{sn=[-108, -70, 6, -94, 120, 37], msgId=195672509, msgType=0, stayTime=5, keyEvent=101, robotState=1, enable=0}, channel=1, isCon=true, isDirect=false, oldProtocol=false, isUsbDirect=false}]
05-18 12:48:10.306 I/PeanutSDK:API--(12788): [SCMIoTSender][sendRequest][request in hex: 00411d0001001e00010694ba06a278250504bdb9a90b01010003020500010165010101010100]
05-18 12:48:10.306 I/PeanutSDK:API--(12788): [SCMIoTSender][sendRequest][request base64: AEEdAAEAHgABBpS6BqJ4JQUEvbmpCwEBAAMCBQABAWUBAQEBAQA=, length: 52]
05-18 12:48:10.307 I/PeanutSDK:SDK--(12788): [LinkAdapterFactory][resetConfig][comRobot=/dev/ttyS3,comEmotion=/dev/ttyS3,comLight=/dev/ttyS3,comDoor=/dev/ttyS3,comKc01=/dev/ttyS1,comEmotionKc01=/dev/ttyS3,comBattery=/dev/ttyS2,comRola=/dev/ttyS2,defaultLinkType=COAP,defaultSerialPath=/dev/ttyS3]
05-18 12:48:10.308 I/PeanutSDK:SDK--(12788): [CoapLinkAdapter][adapt][url: coap://192.168.64.20:5683, path: /through/down, type: POST, msgType: CON, params: {"trans":"AEEdAAEAHgABBpS6BqJ4JQUEvbmpCwEBAAMCBQABAWUBAQEBAQA=","type":1}]
05-18 12:48:10.308 E/ROCKCHIP_RM(16862): pRockchipComponent->codecType 1, Line:282
05-18 12:48:10.308 E/ROCKCHIP_VIDEO_DECCONTROL(16862): OMX_IndexParamdescribeColorFormat get 
05-18 12:48:10.308 E/ROCKCHIP_VIDEO_DECCONTROL(16862): OMX_IndexParamdescribeColorFormat get 
05-18 12:48:10.308 W/OMXNodeInstance(16862): [f:rk._decoder.m2v] component does not support metadata mode; using fallback
05-18 12:48:10.311 E/ROCKCHIP_RM(16862): pRockchipComponent->codecType 1, Line:282
05-18 12:48:10.311 E/ROCKCHIP_VIDEO_DECCONTROL(16862): OMX_IndexParamdescribeColorFormat get 
05-18 12:48:10.311 E/ROCKCHIP_VIDEO_DECCONTROL(16862): OMX_IndexParamdescribeColorFormat get 
05-18 12:48:10.311 W/OMXNodeInstance(16862): [10:rk._decoder.vp8] component does not support metadata mode; using fallback
05-18 12:48:10.313 I/PeanutSDK:API--(12788): BottomRawDownApi[onSuccess: {"code":0,"msg":"success","status":0}]
05-18 12:48:10.313 I/PeanutSDK:API--(12788): [ScheduleLiveApi][onSuccess: {"code":0,"data":{"local":{"id":1,"status":0},"other":[]},"msg":"success","status":0}]
05-18 12:48:10.314 E/ROCKCHIP_RM(16862): pRockchipComponent->codecType 1, Line:282
05-18 12:48:10.314 E/ROCKCHIP_VIDEO_DECCONTROL(16862): OMX_IndexParamdescribeColorFormat get 
05-18 12:48:10.314 E/ROCKCHIP_VIDEO_DECCONTROL(16862): OMX_IndexParamdescribeColorFormat get 
05-18 12:48:10.314 W/OMXNodeInstance(16862): [11:rk._decoder.h263] component does not support metadata mode; using fallback
05-18 12:48:10.316 E/ROCKCHIP_RM(16862): pRockchipComponent->codecType 1, Line:282
05-18 12:48:10.317 E/ROCKCHIP_VIDEO_DECCONTROL(16862): OMX_IndexParamdescribeColorFormat get 
05-18 12:48:10.317 E/ROCKCHIP_VIDEO_DECCONTROL(16862): OMX_IndexParamdescribeColorFormat get 
05-18 12:48:10.317 W/OMXNodeInstance(16862): [12:rk._decoder.m4v] component does not support metadata mode; using fallback
05-18 12:48:10.319 E/ROCKCHIP_RM(16862): pRockchipComponent->codecType 1, Line:282
05-18 12:48:10.319 E/ROCKCHIP_VIDEO_DECCONTROL(16862): OMX_IndexParamdescribeColorFormat get 
05-18 12:48:10.319 E/ROCKCHIP_VIDEO_DECCONTROL(16862): OMX_IndexParamdescribeColorFormat get 
05-18 12:48:10.319 W/OMXNodeInstance(16862): [13:rk._decoder.flv1] component does not support metadata mode; using fallback
05-18 12:48:10.322 E/ROCKCHIP_RM(16862): pRockchipComponent->codecType 1, Line:282
05-18 12:48:10.322 E/ROCKCHIP_VIDEO_DECCONTROL(16862): OMX_IndexParamdescribeColorFormat get 
05-18 12:48:10.322 E/ROCKCHIP_VIDEO_DECCONTROL(16862): OMX_IndexParamdescribeColorFormat get 
05-18 12:48:10.322 W/OMXNodeInstance(16862): [14:rk._decoder.mjpeg] component does not support metadata mode; using fallback
05-18 12:48:10.324 E/ROCKCHIP_RM(16862): pRockchipComponent->codecType 1, Line:282
05-18 12:48:10.324 E/ROCKCHIP_VIDEO_DECCONTROL(16862): OMX_IndexParamdescribeColorFormat get 
05-18 12:48:10.324 E/ROCKCHIP_VIDEO_DECCONTROL(16862): OMX_IndexParamdescribeColorFormat get 
05-18 12:48:10.324 W/OMXNodeInstance(16862): [15:rk._decoder.hevc] component does not support metadata mode; using fallback
05-18 12:48:10.327 E/ROCKCHIP_RM(16862): pRockchipComponent->codecType 2, Line:282
05-18 12:48:10.327 W/ACodec  (16862): do not know color format 0x7f000789 = 2130708361
05-18 12:48:10.329 W/OMXNodeInstance(16862): [17:google.h264.decoder] component does not support metadata mode; using fallback
05-18 12:48:10.332 W/OMXNodeInstance(16862): [18:google.vp9.decoder] component does not support metadata mode; using fallback
05-18 12:48:10.334 I/SoftMPEG4Encoder(16862): Construct SoftMPEG4Encoder
05-18 12:48:10.334 W/ACodec  (16862): do not know color format 0x7f000789 = 2130708361
05-18 12:48:10.336 I/SoftMPEG4Encoder(16862): Construct SoftMPEG4Encoder
05-18 12:48:10.336 W/ACodec  (16862): do not know color format 0x7f000789 = 2130708361
05-18 12:48:10.338 W/ACodec  (16862): do not know color format 0x7f000789 = 2130708361
05-18 12:48:10.342 W/MediaCodecList(16862): unable to open media codecs configuration xml file: /data/misc/media/media_codecs_profiling_results.xml
05-18 12:48:10.342 I/OMXCodec(16862): --->InstantiateSoftwareCodec create OMX.google.vorbis.decoder codec
05-18 12:48:10.344 W/AudioFlinger(16862): acquireAudioSessionId() unknown client 16668 for session 10
05-18 12:48:10.344 I/AwesomePlayer(16862): AwesomePlayer::AwesomePlayer()in
05-18 12:48:10.344 I/AwesomePlayer(16862): AwesomePlayer::AwesomePlayer()aftermClient.connect()
05-18 12:48:10.344 I/AwesomePlayer(16862): setDataSource_l(<no-scheme URI suppressed>)
05-18 12:48:10.353 I/OMXCodec(16862): --->InstantiateSoftwareCodec create OMX.google.vorbis.decoder codec
05-18 12:48:10.354 W/AudioFlinger(16862): acquireAudioSessionId() unknown client 16668 for session 11
05-18 12:48:10.354 I/AwesomePlayer(16862): AwesomePlayer::AwesomePlayer()in
05-18 12:48:10.354 I/AwesomePlayer(16862): AwesomePlayer::AwesomePlayer()aftermClient.connect()
05-18 12:48:10.355 I/AwesomePlayer(16862): setDataSource_l(<no-scheme URI suppressed>)
05-18 12:48:10.355 E/FileSource(16862): Failed to open file '/system/media/audio/ui/VideoStop.ogg'. (No such file or directory)
05-18 12:48:10.355 E/MediaPlayer(16862): error (1, -2147483648)
05-18 12:48:10.357 I/CameraClient(16862): Opening camera 0
05-18 12:48:10.357 I/CameraHal(16862): camera_device_open(500): camera_device open
05-18 12:48:10.357 D/CameraHal(16862): gCameraHalLogLevel: 0
05-18 12:48:10.357 D/CameraHal(16862): CameraHal(121): it is a uvc camera!
05-18 12:48:10.357 D/CameraHal(16862): Calling process is: com.keenon.peanut.sample
05-18 12:48:10.357 I/vpu_mem_pool(16862): pid 16862, open_vpu_memory_pool:473: success
05-18 12:48:10.358 I/vpu_mem_pool(16862): pid 16862, vpu_mem_allocator:717: vpu memory pool size (80000)
05-18 12:48:10.358 I/vpu_mem_pool(16862): pid 16862, vpu_mem_allocator:720: ion_alloc_fd success, memory fd 33
05-18 12:48:10.358 I/vpu_mem_pool(16862): pid 16862, vpu_mem_allocator:717: vpu memory pool size (160000)
05-18 12:48:10.358 I/vpu_mem_pool(16862): pid 16862, vpu_mem_allocator:720: ion_alloc_fd success, memory fd 34
05-18 12:48:10.358 I/vpu_mem_pool(16862): pid 16862, vpu_mem_allocator:717: vpu memory pool size (240000)
05-18 12:48:10.358 I/vpu_mem_pool(16862): pid 16862, vpu_mem_allocator:720: ion_alloc_fd success, memory fd 35
05-18 12:48:10.358 I/vpu_mem_pool(16862): pid 16862, vpu_mem_allocator:717: vpu memory pool size (320000)
05-18 12:48:10.358 I/vpu_mem_pool(16862): pid 16862, vpu_mem_allocator:720: ion_alloc_fd success, memory fd 37
05-18 12:48:10.358 I/vpu_mem_pool(16862): pid 16862, vpu_mem_allocator:717: vpu memory pool size (400000)
05-18 12:48:10.358 I/vpu_mem_pool(16862): pid 16862, vpu_mem_allocator:720: ion_alloc_fd success, memory fd 38
05-18 12:48:10.358 I/vpu_mem_pool(16862): pid 16862, vpu_mem_allocator:717: vpu memory pool size (480000)
05-18 12:48:10.358 I/vpu_mem_pool(16862): pid 16862, vpu_mem_allocator:720: ion_alloc_fd success, memory fd 39
05-18 12:48:10.358 I/vpu_mem_pool(16862): pid 16862, vpu_mem_allocator:717: vpu memory pool size (560000)
05-18 12:48:10.358 I/vpu_mem_pool(16862): pid 16862, vpu_mem_allocator:720: ion_alloc_fd success, memory fd 40
05-18 12:48:10.358 I/vpu_mem_pool(16862): pid 16862, vpu_mem_allocator:717: vpu memory pool size (640000)
05-18 12:48:10.358 I/vpu_mem_pool(16862): pid 16862, vpu_mem_allocator:720: ion_alloc_fd success, memory fd 41
05-18 12:48:10.359 I/vpu_mem_pool(16862): pid 16862, vpu_mem_allocator:717: vpu memory pool size (720000)
05-18 12:48:10.359 I/vpu_mem_pool(16862): pid 16862, vpu_mem_allocator:720: ion_alloc_fd success, memory fd 42
05-18 12:48:10.359 I/vpu_mem_pool(16862): pid 16862, vpu_mem_allocator:717: vpu memory pool size (800000)
05-18 12:48:10.359 I/vpu_mem_pool(16862): pid 16862, vpu_mem_allocator:720: ion_alloc_fd success, memory fd 43
05-18 12:48:10.359 D/CameraHal(16862): cameraCreate(376): Camera driver: uvcvideo   Driver version: 3.10.0  CameraHal version: 1.65.1 
05-18 12:48:10.359 D/CameraHal(16862): cameraCreate(383): mCamDriverSupportFmt: fmt = 1196444237,index = 0
05-18 12:48:10.359 D/CameraHal(16862): cameraCreate(383): mCamDriverSupportFmt: fmt = 1448695129,index = 1
05-18 12:48:10.359 D/CameraHal(16862): cameraCreate(421): cameraCreate(421): mCamDriverPreviewFmt(MJPG) is cameraHal and camera driver is also supported!!
05-18 12:48:10.359 D/CameraHal(16862): cameraCreate(423): mCamDriverPreviewFmt  = 1196444237
05-18 12:48:10.359 D/CameraHal(16862): cameraCreate(429): cameraCreate(429): Current driver is uvcvideo, v4l2 memory is V4L2_MEMORY_MMAP
05-18 12:48:10.380 E/CameraHal(16862): initDefaultParameters(486): initDefaultParameters(486): mCamDriverCapability.card is error!
05-18 12:48:10.380 D/CameraHal(16862): initDefaultParameters(534): Support Preview format: yuv420sp,yuv420p .. yuv420sp
05-18 12:48:10.380 D/CameraHal(16862): initDefaultParameters(536): Support Preview sizes: 640x480,1920x1080,1280x960,1280x720,960x720,800x600,640x480     640x480
05-18 12:48:10.380 D/CameraHal(16862): initDefaultParameters(537): Support Preview FPS range: (30000,30000)
05-18 12:48:10.380 D/CameraHal(16862): initDefaultParameters(538): Support Preview framerate: 30
05-18 12:48:10.380 D/CameraHal(16862): initDefaultParameters(539): Support Picture sizes: 640x480,1920x1080,1280x960,1280x720,960x720,800x600,640x480 
05-18 12:48:10.380 D/CameraHal(16862): initDefaultParameters(541): Support white balance: auto,incandescent,fluorescent,daylight,cloudy-daylight
05-18 12:48:10.380 D/CameraHal(16862): initDefaultParameters(549): Support focus: fixed  focus zone: 0
05-18 12:48:10.380 D/CameraHal(16862): initDefaultParameters(551): Support zoom: true(ratios: 100,105,110,115,120,125,130,135,140,145,150,155,160,165,170,175,180,185,190,195,200,205,210,215,220,225,230,235,240,245,250,255,260,265,270,275,280,285,290,295,300,)
05-18 12:48:10.380 D/CameraHal(16862): initDefaultParameters(555): Support exposure: (-3 -> 3)
05-18 12:48:10.380 D/CameraHal(16862): initDefaultParameters(559): Support anti-banding: off,50hz,60hz,auto  anti-banding: off
05-18 12:48:10.380 D/CameraHal(16862): initDefaultParameters(561): Support hardware faces detecte: 0
05-18 12:48:10.380 D/CameraHal(16862): initDefaultParameters(562): Support software faces detecte: 0
05-18 12:48:10.380 D/CameraHal(16862): initDefaultParameters(563): Support video stabilization: false
05-18 12:48:10.380 D/CameraHal(16862): initDefaultParameters(564): Support recording hint: false
05-18 12:48:10.380 E/CameraHal(16862): cameraConfig(693): cameraConfig(693): Set framerate(30 fps) failed
05-18 12:48:10.382 W/CountFragment(16668): getParameters failed for camera 0
05-18 12:48:10.382 W/CountFragment(16668): java.lang.RuntimeException: getParameters failed (empty parameters)
05-18 12:48:10.382 W/CountFragment(16668): 	at android.hardware.Camera.native_getParameters(Native Method)
05-18 12:48:10.382 W/CountFragment(16668): 	at android.hardware.Camera.getParameters(Camera.java:1890)
05-18 12:48:10.382 W/CountFragment(16668): 	at com.keenon.peanut.supermarket.fragment.CountFragment.safeGetParameters(CountFragment.java:774)
05-18 12:48:10.382 W/CountFragment(16668): 	at com.keenon.peanut.supermarket.fragment.CountFragment.tryStartPreviewOnCamera(CountFragment.java:497)
05-18 12:48:10.382 W/CountFragment(16668): 	at com.keenon.peanut.supermarket.fragment.CountFragment.startPreview(CountFragment.java:458)
05-18 12:48:10.382 W/CountFragment(16668): 	at com.keenon.peanut.supermarket.fragment.CountFragment.requestStart(CountFragment.java:432)
05-18 12:48:10.382 W/CountFragment(16668): 	at com.keenon.peanut.supermarket.fragment.CountFragment.lambda$onViewCreated$0$CountFragment(CountFragment.java:181)
05-18 12:48:10.382 W/CountFragment(16668): 	at com.keenon.peanut.supermarket.fragment.-$$Lambda$CountFragment$8HuGTM2YIThxsCM2zNOEGrMVs54.onClick(lambda)
05-18 12:48:10.382 W/CountFragment(16668): 	at android.view.View.performClick(View.java:5204)
05-18 12:48:10.382 W/CountFragment(16668): 	at com.google.android.material.button.MaterialButton.performClick(MaterialButton.java:967)
05-18 12:48:10.382 W/CountFragment(16668): 	at android.view.View$PerformClick.run(View.java:21170)
05-18 12:48:10.382 W/CountFragment(16668): 	at android.os.Handler.handleCallback(Handler.java:743)
05-18 12:48:10.382 W/CountFragment(16668): 	at android.os.Handler.dispatchMessage(Handler.java:95)
05-18 12:48:10.382 W/CountFragment(16668): 	at android.os.Looper.loop(Looper.java:148)
05-18 12:48:10.382 W/CountFragment(16668): 	at android.app.ActivityThread.main(ActivityThread.java:5417)
05-18 12:48:10.382 W/CountFragment(16668): 	at java.lang.reflect.Method.invoke(Native Method)
05-18 12:48:10.382 W/CountFragment(16668): 	at com.android.internal.os.ZygoteInit$MethodAndArgsCaller.run(ZygoteInit.java:772)
05-18 12:48:10.382 W/CountFragment(16668): 	at com.android.internal.os.ZygoteInit.main(ZygoteInit.java:662)
05-18 12:48:10.382 W/CountFragment(16668): Camera 0 returned empty parameters — using HAL defaults
05-18 12:48:10.384 I/TrayPlateCounter(16668): Circle updated: (324.9,229.22) r=265.0
05-18 12:48:10.384 I/TrayPlateCounter(16668): Circle updated: (324.9,229.22) r=265.0
05-18 12:48:10.384 I/TrayPlateCounter(16668): Circle updated: (324.9,229.22) r=265.0
05-18 12:48:10.384 I/TrayPlateCounter(16668): Confidence threshold = 0.4
05-18 12:48:10.384 I/TrayPlateCounter(16668): Confidence threshold = 0.4
05-18 12:48:10.385 I/TrayPlateCounter(16668): Confidence threshold = 0.4
05-18 12:48:10.385 I/CountFragment(16668): sensitivity → conf=0.40 (lower = more detections, more false positives)
05-18 12:48:10.385 I/CountFragment(16668): loading canpan_detection_v1.1.5 for camera 0…
05-18 12:48:10.386 I/CountFragment(16668): circle: cx=324.9 cy=229.2 r=265.0  (in 640×480 model space)
--------- beginning of crash
05-18 12:48:10.386 F/libc    (16862): Fatal signal 11 (SIGSEGV), code 1, fault addr 0x0 in tid 16862 (mediaserver)
05-18 12:48:10.407 I/PeanutManager(12788): mqtt is connect:true
05-18 12:48:10.408 I/PeanutSDK:SDK--(12788): [LinkAdapterFactory][resetConfig][comRobot=/dev/ttyS3,comEmotion=/dev/ttyS3,comLight=/dev/ttyS3,comDoor=/dev/ttyS3,comKc01=/dev/ttyS1,comEmotionKc01=/dev/ttyS3,comBattery=/dev/ttyS2,comRola=/dev/ttyS2,defaultLinkType=COAP,defaultSerialPath=/dev/ttyS3]
05-18 12:48:10.408 I/klog.outter.mapping [PeanutManager](12788): fixedMappingMode():mHasReceivedMappingStop=false  mHasReceivedMappingStart=false
05-18 12:48:10.408 I/PeanutSDK:SDK--(12788): [CoapLinkAdapter][adapt][url: coap://192.168.64.20:5683, path: /runtime/odo, type: GET, msgType: CON, params: null]
05-18 12:48:10.408 I/klog.outter.mapping [PeanutManager](12788): fixedMappingMode():mIsMappingMode=false  isPreMappingMode=false  heartBeatAlive=false
05-18 12:48:10.409 I/klog.robot.biz.ps [PeanutManager](12788): isApplicationBroughtToBackground……
05-18 12:48:10.409 I/klog.robot.biz.ps [MotorModel](12788): MotorEntity{id=2, motorState=true}
05-18 12:48:10.410 I/klog.comm.coap.request [PeanutManager](12788): controlMotorLock lock: true
05-18 12:48:10.410 I/PeanutSDK:SDK--(12788): [LinkAdapterFactory][resetConfig][comRobot=/dev/ttyS3,comEmotion=/dev/ttyS3,comLight=/dev/ttyS3,comDoor=/dev/ttyS3,comKc01=/dev/ttyS1,comEmotionKc01=/dev/ttyS3,comBattery=/dev/ttyS2,comRola=/dev/ttyS2,defaultLinkType=COAP,defaultSerialPath=/dev/ttyS3]
05-18 12:48:10.410 I/PeanutSDK:SDK--(12788): [CoapLinkAdapter][adapt][url: coap://192.168.64.20:5683, path: /motor/enable, type: POST, msgType: CON, params: {"enable":1}]
05-18 12:48:10.411 I/klog.comm.sdk.success [PeanutManager](12788): controlNavigationStop:: ----from=application is background
05-18 12:48:10.411 I/PeanutSDK:SDK--(12788): [LinkAdapterFactory][resetConfig][comRobot=/dev/ttyS3,comEmotion=/dev/ttyS3,comLight=/dev/ttyS3,comDoor=/dev/ttyS3,comKc01=/dev/ttyS1,comEmotionKc01=/dev/ttyS3,comBattery=/dev/ttyS2,comRola=/dev/ttyS2,defaultLinkType=COAP,defaultSerialPath=/dev/ttyS3]
05-18 12:48:10.412 I/PeanutSDK:SDK--(12788): [CoapLinkAdapter][adapt][url: coap://192.168.64.20:5683, path: /navigation/action, type: POST, msgType: CON, params: {"action":83}]
05-18 12:48:10.412 I/PeanutSDK:SDK--(12788): [PeanutCoapClient][syncRequest][队列的请求有:0个, 当前的请求是:/navigation/action]
05-18 12:48:10.412 I/PeanutSDK:SDK--(12788): [PeanutCoapClient][syncRequest][real execute][/navigation/action]
05-18 12:48:10.412 I/PeanutSDK:API--(12788): [RuntimeOdoApi][onSuccess: {"code":0,"data":{"odo":48.21200180053711},"msg":"success","status":0}]
05-18 12:48:10.413 I/PeanutSDK:API--(12788): [ScheduleLiveApi][onSuccess: {"code":0,"data":{"local":{"id":1,"status":0},"other":[]},"msg":"success","status":0}]
05-18 12:48:10.414 I/PeanutSDK:API--(12788): MotorEnableApi[onSuccess: {"code":0,"msg":"success","status":0}]
05-18 12:48:10.415 I/klog.comm.sdk.success [PeanutManager](12788): controlMotorLock:BaseResp(code=0)
05-18 12:48:10.427 I/PeanutSDK:SDK--(12788): [PeanutCoapClient][syncRequest][response][/navigation/action] result:{"code":0,"msg":"success","status":0}
05-18 12:48:10.427 I/PeanutSDK:API--(12788): NavigationActionApi[onSuccess: {"code":0,"msg":"success","status":0}]
05-18 12:48:10.428 I/klog.comm.sdk.success [PeanutManager](12788): controlNavigationStop:BaseResp(code=0)
05-18 12:48:10.488 F/DEBUG   (  205): *** *** *** *** *** *** *** *** *** *** *** *** *** *** *** ***
05-18 12:48:10.488 F/DEBUG   (  205): Build fingerprint: 'Android/rk3288/rk3288:6.0.1/MXC89K/builder04291124:userdebug/test-keys'
05-18 12:48:10.488 F/DEBUG   (  205): Revision: '0'
05-18 12:48:10.488 W/NativeCrashListener(  430): Couldn't find ProcessRecord for pid 16862
05-18 12:48:10.488 F/DEBUG   (  205): ABI: 'arm'
05-18 12:48:10.488 F/DEBUG   (  205): pid: 16862, tid: 16862, name: mediaserver  >>> /system/bin/mediaserver <<<
05-18 12:48:10.488 E/DEBUG   (  205): AM write failed: Broken pipe
05-18 12:48:10.488 F/DEBUG   (  205): signal 11 (SIGSEGV), code 1 (SEGV_MAPERR), fault addr 0x0
05-18 12:48:10.496 F/DEBUG   (  205):     r0 00000000  r1 00000000  r2 0000001e  r3 00000000
05-18 12:48:10.496 F/DEBUG   (  205):     r4 b8ef75a8  r5 b8ef7b54  r6 ffffffff  r7 ffffffff
05-18 12:48:10.496 F/DEBUG   (  205):     r8 00000000  r9 00000000  sl 000003f5  fp 000041de
05-18 12:48:10.496 F/DEBUG   (  205):     ip b33a9734  sp be850640  lr 0000001e  pc b69b9ce0  cpsr 60010030
05-18 12:48:10.500 F/DEBUG   (  205): 
05-18 12:48:10.500 F/DEBUG   (  205): backtrace:
05-18 12:48:10.500 F/DEBUG   (  205):     #00 pc 00017ce0  /system/lib/libc.so (__strcpy_chk+75)
05-18 12:48:10.500 F/DEBUG   (  205):     #01 pc 0001b9f9  /system/lib/hw/camera.rk30board.so (_ZN7android14AppMsgNotifier19setPreviewDataCbResEiiPKc+64)
05-18 12:48:10.500 F/DEBUG   (  205):     #02 pc 0002e5bb  /system/lib/hw/camera.rk30board.so (_ZN7android9CameraHal13enableMsgTypeEi+74)
05-18 12:48:10.500 F/DEBUG   (  205):     #03 pc 00055a09  /system/lib/libcameraservice.so (_ZN7android12CameraClient22setPreviewCallbackFlagEi+52)
05-18 12:48:10.500 F/DEBUG   (  205):     #04 pc 0001c4f9  /system/lib/libcamera_client.so (_ZN7android8BnCamera10onTransactEjRKNS_6ParcelEPS1_j+166)
05-18 12:48:10.500 F/DEBUG   (  205):     #05 pc 0001a19d  /system/lib/libbinder.so (_ZN7android7BBinder8transactEjRKNS_6ParcelEPS1_j+60)
05-18 12:48:10.500 F/DEBUG   (  205):     #06 pc 0001f4b1  /system/lib/libbinder.so (_ZN7android14IPCThreadState14executeCommandEi+532)
05-18 12:48:10.500 F/DEBUG   (  205):     #07 pc 0001f61d  /system/lib/libbinder.so (_ZN7android14IPCThreadState20getAndExecuteCommandEv+64)
05-18 12:48:10.500 F/DEBUG   (  205):     #08 pc 0001f681  /system/lib/libbinder.so (_ZN7android14IPCThreadState14joinThreadPoolEb+48)
05-18 12:48:10.500 F/DEBUG   (  205):     #09 pc 00002389  /system/bin/mediaserver
05-18 12:48:10.500 F/DEBUG   (  205):     #10 pc 00016631  /system/lib/libc.so (__libc_init+44)
05-18 12:48:10.500 F/DEBUG   (  205):     #11 pc 000025dc  /system/bin/mediaserver
05-18 12:48:10.529 I/PeanutSDK:API--(12788): [ScheduleLiveApi][onSuccess: {"code":0,"data":{"local":{"id":1,"status":0},"other":[]},"msg":"success","status":0}]
05-18 12:48:10.560 I/ip      (17107): type=1400 audit(0.0:446): avc: denied { read } for name="rt_tables" dev="mmcblk0p13" ino=342751 scontext=u:r:shell:s0 tcontext=u:object_r:net_data_file:s0 tclass=file permissive=1
05-18 12:48:10.560 I/ip      (17107): type=1400 audit(0.0:447): avc: denied { open } for path="/data/misc/net/rt_tables" dev="mmcblk0p13" ino=342751 scontext=u:r:shell:s0 tcontext=u:object_r:net_data_file:s0 tclass=file permissive=1
05-18 12:48:10.560 I/ip      (17107): type=1400 audit(0.0:448): avc: denied { getattr } for path="/data/misc/net/rt_tables" dev="mmcblk0p13" ino=342751 scontext=u:r:shell:s0 tcontext=u:object_r:net_data_file:s0 tclass=file permissive=1
05-18 12:48:10.631 I/PeanutSDK:API--(12788): [ScheduleLiveApi][onSuccess: {"code":0,"data":{"local":{"id":1,"status":0},"other":[]},"msg":"success","status":0}]
05-18 12:48:10.730 I/PeanutSDK:API--(12788): [NavigationStatusApi][onSuccess: {"code":0,"data":{"dst":0,"remain_length":-1.0,"remain_time":-1.0,"schedule":0,"status":-1,"total_length":-1.0,"total_time":-1.0},"msg":"success","status":0}]
05-18 12:48:10.731 I/PeanutSDK:API--(12788): [ScheduleLiveApi][onSuccess: {"code":0,"data":{"local":{"id":1,"status":0},"other":[]},"msg":"success","status":0}]
05-18 12:48:10.733 I/PeanutSDK:API--(12788): [DynamicObjectApi][onSuccess: {"code":0,"data":{"distance":0.0,"exist":false},"msg":"success","status":0}]
05-18 12:48:10.733 I/PeanutSDK:API--(12788): [ScheduleStatusApi][onSuccess: {"code":0,"data":null,"msg":"success","status":0}]
05-18 12:48:10.738 I/FoodDelivery:component.scheduler:ScheduleManager(12788): 数据解析异常
05-18 12:48:10.738 I/klog.comm.sdk.success [TopicManager](12788): subscribe:{"code":0,"data":{"distance":0,"exist":false,"left":false,"middle":false,"right":false},"topic":"sensordynamic.object.perception"}
05-18 12:48:10.785 F/DEBUG   (  205): 
05-18 12:48:10.785 F/DEBUG   (  205): Tombstone written to: /data/tombstones/tombstone_02
05-18 12:48:10.785 I/BootReceiver(  430): Copying /data/tombstones/tombstone_02 to DropBox (SYSTEM_TOMBSTONE)
05-18 12:48:10.793 I/ServiceManager(  169): service 'media.audio_flinger' died
05-18 12:48:10.793 I/ServiceManager(  169): service 'media.audio_policy' died
05-18 12:48:10.793 I/ServiceManager(  169): service 'media.sound_trigger_hw' died
05-18 12:48:10.793 I/ServiceManager(  169): service 'media.radio' died
05-18 12:48:10.793 I/ServiceManager(  169): service 'media.player' died
05-18 12:48:10.793 I/ServiceManager(  169): service 'media.resource_manager' died
05-18 12:48:10.793 I/ServiceManager(  169): service 'media.camera' died
05-18 12:48:10.793 W/AudioSystem(  430): AudioFlinger server died!
05-18 12:48:10.793 W/AudioSystem(  430): AudioPolicyService server died!
05-18 12:48:10.794 W/CameraBase(16668): mediaserver's remote binder Camera object died
05-18 12:48:10.794 W/CameraBase(16668): Camera service died!
05-18 12:48:10.799 E/AudioService(  430): Media server died.
05-18 12:48:10.802 I/Choreographer(16668): Skipped 32 frames!  The application may be doing too much work on its main thread.
05-18 12:48:10.819 I/CountFragment(16668): model load OK in 0ms · conf=0.4
05-18 12:48:10.820 E/Camera  (16668): Error 100
05-18 12:48:10.826 E/CountFragment(16668): Camera 0 error callback: 100
05-18 12:48:10.870 I/PeanutSDK:API--(12788): [ScheduleLiveApi][onSuccess: {"code":0,"data":{"local":{"id":1,"status":0},"other":[]},"msg":"success","status":0}]
05-18 12:48:10.873 I/PeanutSDK:API--(12788): [ScheduleLiveApi][onSuccess: {"code":0,"data":{"local":{"id":1,"status":0},"other":[]},"msg":"success","status":0}]
05-18 12:48:10.914 D/Surface (16668): Surface::final mReqUsage=a00
05-18 12:48:10.914 D/mali_winsys(16668): EGLint new_window_surface(egl_winsys_display*, void*, EGLSurface, EGLConfig, egl_winsys_surface**, egl_color_buffer_format*, EGLBoolean) returns 0x3000
05-18 12:48:10.915 D/gralloc (  171): Isfb=0, [578,66,592,2368], fmt=1, byte_stride=2368
05-18 12:48:10.915 D/gralloc (  171): Isfb=0, [578,66,592,2368], fmt=1, byte_stride=2368
05-18 12:48:10.915 D/gralloc (  171): Isfb=0, [578,66,592,2368], fmt=1, byte_stride=2368
05-18 12:48:10.927 I/ServiceManager(16668): Waiting for service media.camera...
05-18 12:48:10.960 I/PeanutSDK:SDK--(16668): [CoAPPing][startPing][offLineTime: 2000, timeout : 60000, isTimeout : false, isOnline : true]
05-18 12:48:11.006 I/PeanutSDK:API--(12788): [ScheduleLiveApi][onSuccess: {"code":0,"data":{"local":{"id":1,"status":0},"other":[]},"msg":"success","status":0}]
05-18 12:48:11.125 I/PeanutSDK:SDK--(  670): [CoAPPing][startPing][offLineTime: 2036, timeout : 60000, isTimeout : false, isOnline : true]
05-18 12:48:11.174 W/linker  (17114): /system/lib/libffmpeg.so has text relocations. This is wasting memory and prevents security hardening. Please fix.
05-18 12:48:11.230 I/PeanutSDK:SDK--(12788): [SerialLinkAdapter]Raw Received  :AA AA 00 7C 21 00 11 00 00 42 21 01 05 00 09 00 01 01 00 01 01 00 01 01 00 EC CD 55 55 
05-18 12:48:11.260 I/df      (17117): type=1400 audit(0.0:449): avc: denied { getattr } for name="/" dev="cifs" ino=129852 scontext=u:r:shell:s0 tcontext=u:object_r:unlabeled:s0 tclass=filesystem permissive=1
05-18 12:48:11.276 I/PeanutSDK:API--(12788): [PositionPosInfoApi][onSuccess: {"code":0,"data":{"buildDesc":[],"elevatorPosState":1,"floor":1,"robotPos":{"rotation":0.160,"x":0.0,"y":0.0}},"msg":"success","status":0}]
05-18 12:48:11.279 I/PeanutSDK:API--(12788): [ScheduleLiveApi][onSuccess: {"code":0,"data":{"local":{"id":1,"status":0},"other":[]},"msg":"success","status":0}]
05-18 12:48:11.280 I/klog.comm.sdk.success [TopicManager](12788): subscribe:{"code":0,"data":{"buildDesc":[],"elevatorPosState":1,"floor":1,"robotPos":{"rotation":0.16,"x":0,"y":0}},"msg":"success","status":0,"topic":"map.position.info"}
05-18 12:48:11.280 I/PeanutSDK:API--(16668): [MotorStatusApi][onSuccess: {"code":0,"data":{"status":1},"msg":"success","status":0}]
05-18 12:48:11.281 D/PeanutSDK:API--(16668): [MotorStatusApi][onSuccess json: {"data":{"status":1},"code":0,"msg":"success","status":0,"topic":"MotorStatusApi"}]
05-18 12:48:11.282 W/art     (  670): Long monitor contention event with owner method=void java.net.DatagramSocket.receive(java.net.DatagramPacket) from DatagramSocket.java:4294967295 waiters=0 for 2.194s
05-18 12:48:11.284 I/PeanutSDK:API--(12788): [MotorStatusApi][onSuccess: {"code":0,"data":{"status":1},"msg":"success","status":0}]
05-18 12:48:11.284 I/FoodDelivery:component.fault:FaultManager(12788): listenMotorStatus---s={"code":0,"data":{"status":1},"msg":"success","status":0,"topic":"device.motor.status"}
05-18 12:48:11.280 I/Thread-285(13031): type=1400 audit(0.0:450): avc: denied { getattr } for path="/dev/ttyS2" dev="tmpfs" ino=8090 scontext=u:r:untrusted_app:s0:c512,c768 tcontext=u:object_r:serial_device:s0 tclass=chr_file permissive=1
05-18 12:48:11.300 E/AudioService(  430): Media server died.
05-18 12:48:11.302 I/klog.comm.sdk.success [TopicManager](12788): subscribe:{"code":0,"data":{"status":1},"msg":"success","status":0,"topic":"device.motor.status"}
05-18 12:48:11.357 D/PeanutSDK:RUNTIME--(16668): [PeanutRuntime][queryOdo]
05-18 12:48:11.358 D/PeanutSDK:SDK--(16668): [LinkAdapterFactory][resetConfig][comRobot=/dev/ttyS1,comEmotion=/dev/ttyS2,comLight=/dev/ttyUSB0,comDoor=/dev/ttyS2,defaultLinkType=COAP,defaultSerialPath=/dev/ttyS1]
05-18 12:48:11.358 D/PeanutSDK:SDK--(16668): [CoapLinkAdapter][adapt][url: coap://192.168.64.20:5683, path: /runtime/odo, type: GET, msgType: CON, params: null]
05-18 12:48:11.366 I/PeanutSDK:API--(16668): [RuntimeOdoApi][onSuccess: {"code":0,"data":{"odo":48.21200180053711},"msg":"success","status":0}]
05-18 12:48:11.366 D/PeanutSDK:API--(16668): [RuntimeOdoApi][onSuccess json: {"data":{"odo":48.21200180053711},"code":0,"msg":"success","status":0}]
05-18 12:48:11.366 D/PeanutSDK:RUNTIME--(16668): [PeanutRuntime][odo][response = {"data":{"odo":48.21200180053711},"code":0,"msg":"success","status":0}]
05-18 12:48:11.367 D/PeanutSDK:RUNTIME--(16668): [PeanutRuntime][odo:48.21200180053711]
05-18 12:48:11.371 I/PeanutSDK:API--(12788): [ScheduleLiveApi][onSuccess: {"code":0,"data":{"local":{"id":1,"status":0},"other":[]},"msg":"success","status":0}]
05-18 12:48:11.385 I/PeanutSDK:SDK--(12788): [CoAPPing][startPing][offLineTime: 2034, timeout : 25000, isTimeout : false, isOnline : true]
05-18 12:48:11.403 V/MediaUtils(17114): physMem: 2110283776
05-18 12:48:11.403 V/MediaUtils(17114): requested limit: 1371684405
05-18 12:48:11.403 V/MediaUtils(17114): actual limit: 1371684405
05-18 12:48:11.403 V/MediaUtils(17114): original limits: 4294967295/4294967295
05-18 12:48:11.403 V/MediaUtils(17114): new limits: 1371684405/4294967295
05-18 12:48:11.404 I/mediaserver(17114): ServiceManager: 0xb77efcd0
05-18 12:48:11.404 I/AudioFlinger(17114): Using default 3000 mSec as standby time.
05-18 12:48:11.405 I/AudioPolicyService(17114): AudioPolicyService CSTOR in new mode
05-18 12:48:11.405 I/APM::ConfigParsingUtils(17114): loadAudioPolicyConfig() loaded /system/etc/audio_policy.conf
05-18 12:48:11.409 D/AudioHardwareTiny(17114): ALSA Audio Version: V1.0.9
05-18 12:48:11.409 D/alsa_route(17114): Can not get config table for sound card0 RKES8323, so get default config table.
05-18 12:48:11.409 I/AudioFlinger(17114): loadHwModule() Loaded primary audio interface from Manta audio HW HAL (audio) handle 1
05-18 12:48:11.409 I/AudioFlinger(17114): openOutput(), module 1 Device 2, SamplingRate 48000, Format 0x000001, Channels 3, flags 2
05-18 12:48:11.410 D/AudioHardwareTiny(17114): audio hal adev_open_output_stream devices = 0x2, flags = 2
05-18 12:48:11.410 D/AudioHardwareTiny(17114): out->config.rate = 44100, out->config.channels = 2
05-18 12:48:11.410 I/AudioFlinger(17114): AudioStreamOut::open(), mHalFormatIsLinearPcm = 1
05-18 12:48:11.410 I/AudioFlinger(17114): HAL output buffer size 512 frames, normal sink buffer size 1024 frames
05-18 12:48:11.414 I/PeanutSDK:SDK--(12788): [LinkAdapterFactory][resetConfig][comRobot=/dev/ttyS3,comEmotion=/dev/ttyS3,comLight=/dev/ttyS3,comDoor=/dev/ttyS3,comKc01=/dev/ttyS1,comEmotionKc01=/dev/ttyS3,comBattery=/dev/ttyS2,comRola=/dev/ttyS2,defaultLinkType=COAP,defaultSerialPath=/dev/ttyS3]
05-18 12:48:11.416 I/PeanutManager(12788): mqtt is connect:true
05-18 12:48:11.416 I/klog.outter.mapping [PeanutManager](12788): fixedMappingMode():mHasReceivedMappingStop=false  mHasReceivedMappingStart=false
05-18 12:48:11.417 I/klog.outter.mapping [PeanutManager](12788): fixedMappingMode():mIsMappingMode=false  isPreMappingMode=false  heartBeatAlive=false
05-18 12:48:11.417 I/PeanutSDK:SDK--(12788): [CoapLinkAdapter][adapt][url: coap://192.168.64.20:5683, path: /runtime/odo, type: GET, msgType: CON, params: null]
05-18 12:48:11.418 I/klog.robot.biz.ps [PeanutManager](12788): isApplicationBroughtToBackground……
05-18 12:48:11.419 I/klog.robot.biz.ps [MotorModel](12788): MotorEntity{id=2, motorState=true}
05-18 12:48:11.419 I/klog.comm.coap.request [PeanutManager](12788): controlMotorLock lock: true
05-18 12:48:11.420 I/PeanutSDK:SDK--(12788): [LinkAdapterFactory][resetConfig][comRobot=/dev/ttyS3,comEmotion=/dev/ttyS3,comLight=/dev/ttyS3,comDoor=/dev/ttyS3,comKc01=/dev/ttyS1,comEmotionKc01=/dev/ttyS3,comBattery=/dev/ttyS2,comRola=/dev/ttyS2,defaultLinkType=COAP,defaultSerialPath=/dev/ttyS3]
05-18 12:48:11.423 I/PeanutSDK:SDK--(12788): [CoapLinkAdapter][adapt][url: coap://192.168.64.20:5683, path: /motor/enable, type: POST, msgType: CON, params: {"enable":1}]
05-18 12:48:11.423 I/BufferProvider(17114): found effect "Multichannel Downmix To Stereo" from The Android Open Source Project
05-18 12:48:11.424 E/MonoPipe(17114): Failed to fetch local time frequency when constructing a MonoPipe (res = -32).  getNextWriteTimestamp calls will be non-functional
05-18 12:48:11.425 I/AudioFlinger(17114): AudioFlinger's thread 0xb36d6008 ready to run
05-18 12:48:11.424 I/AudioFlinger(17114): Using module 1 has the primary audio interface
05-18 12:48:11.425 I/klog.comm.sdk.success [PeanutManager](12788): controlNavigationStop:: ----from=application is background
05-18 12:48:11.425 E/AudioFlinger(17114): no wake lock to update!
05-18 12:48:11.426 I/PeanutSDK:SDK--(12788): [LinkAdapterFactory][resetConfig][comRobot=/dev/ttyS3,comEmotion=/dev/ttyS3,comLight=/dev/ttyS3,comDoor=/dev/ttyS3,comKc01=/dev/ttyS1,comEmotionKc01=/dev/ttyS3,comBattery=/dev/ttyS2,comRola=/dev/ttyS2,defaultLinkType=COAP,defaultSerialPath=/dev/ttyS3]
05-18 12:48:11.426 D/AudioHardwareTiny(17114): pcm_config->rate:44100,in->requested_rate:48000,in->channel_mask:2
05-18 12:48:11.426 I/PeanutSDK:SDK--(12788): [CoapLinkAdapter][adapt][url: coap://192.168.64.20:5683, path: /navigation/action, type: POST, msgType: CON, params: {"action":83}]
05-18 12:48:11.426 I/PeanutSDK:SDK--(12788): [PeanutCoapClient][syncRequest][队列的请求有:0个, 当前的请求是:/navigation/action]
05-18 12:48:11.427 I/PeanutSDK:SDK--(12788): [PeanutCoapClient][syncRequest][real execute][/navigation/action]
05-18 12:48:11.430 I/PeanutSDK:API--(12788): [RuntimeOdoApi][onSuccess: {"code":0,"data":{"odo":48.21200180053711},"msg":"success","status":0}]
05-18 12:48:11.430 D/AudioHardwareTiny(17114): in->mSpeexFrameSize:72
05-18 12:48:11.433 I/AudioFlinger(17114): AudioFlinger's thread 0xb3417008 ready to run
05-18 12:48:11.434 E/FastThread(17114): did not receive expected priority boost
05-18 12:48:11.435 I/PeanutSDK:API--(12788): MotorEnableApi[onSuccess: {"code":0,"msg":"success","status":0}]
05-18 12:48:11.436 I/bt_a2dp_hw(17114): adev_open:  adev_open in A2dp_hw module
05-18 12:48:11.436 I/AudioFlinger(17114): loadHwModule() Loaded a2dp audio interface from A2DP Audio HW HAL (audio) handle 4
05-18 12:48:11.436 I/klog.comm.sdk.success [PeanutManager](12788): controlMotorLock:BaseResp(code=0)
05-18 12:48:11.438 I/AudioFlinger(17114): loadHwModule() Loaded usb audio interface from USB audio HW HAL (audio) handle 5
05-18 12:48:11.439 I/r_submix(17114): adev_open(name=audio_hw_if)
05-18 12:48:11.439 I/r_submix(17114): adev_init_check()
05-18 12:48:11.439 I/AudioFlinger(17114): loadHwModule() Loaded r_submix audio interface from Wifi Display audio HAL (audio) handle 6
05-18 12:48:11.439 D/r_submix(17114): adev_open_input_stream(addr=0)
05-18 12:48:11.439 D/r_submix(17114): submix_audio_device_create_pipe_l(addr=0, idx=9)
05-18 12:48:11.439 D/r_submix(17114):   now using address 0 for route 9
05-18 12:48:11.440 I/AudioFlinger(17114): AudioFlinger's thread 0xb33e3008 ready to run
05-18 12:48:11.440 D/r_submix(17114): adev_close_input_stream()
05-18 12:48:11.440 D/r_submix(17114): submix_audio_device_release_pipe_l(idx=9) addr=0
05-18 12:48:11.440 D/r_submix(17114): submix_audio_device_destroy_pipe_l(): pipe destroyed
05-18 12:48:11.440 I/PeanutSDK:SDK--(12788): [PeanutCoapClient][syncRequest][response][/navigation/action] result:{"code":0,"msg":"success","status":0}
05-18 12:48:11.441 I/PeanutSDK:API--(12788): NavigationActionApi[onSuccess: {"code":0,"msg":"success","status":0}]
05-18 12:48:11.442 I/klog.comm.sdk.success [PeanutManager](12788): controlNavigationStop:BaseResp(code=0)
05-18 12:48:11.442 I/CameraService(17114): CameraService started (pid=17114)
05-18 12:48:11.442 I/CameraService(17114): CameraService process starting
05-18 12:48:11.463 D/CameraHal(17114): createInstance(1001): open xml file(/etc/cam_board.xml) success
05-18 12:48:11.463 E/CameraHal(17114): cam_board.xml version(v0.0.0) != xml parser version(v0.15.0)
05-18 12:48:11.463 D/CameraHal(17114): 
05-18 12:48:11.463 D/CameraHal(17114): 
05-18 12:48:11.463 D/CameraHal(17114): 
05-18 12:48:11.463 D/CameraHal(17114):  Cam_board.xml Version Check: 
05-18 12:48:11.463 D/CameraHal(17114):     /etc/cam_board.xml : v0.0xf.0
05-18 12:48:11.463 D/CameraHal(17114):     CameraHal_board_xml_parser: v0.15.0
05-18 12:48:11.463 D/CameraHal(17114): ParserSensorInfo(170): SensorName(OV8825)
05-18 12:48:11.463 D/CameraHal(17114): ParserSensorInfo(178): SensorDevID(CAMSYS_DEVID_SENSOR_1B)
05-18 12:48:11.463 D/CameraHal(17114): ParserSensorInfo(189): SensorDevID(33554432)
05-18 12:48:11.463 D/CameraHal(17114): ParserSensorInfo(191): SensorHostDevID(CAMSYS_DEVID_MARVIN)
05-18 12:48:11.463 D/CameraHal(17114): ParserSensorInfo(206): Sensori2cBusNum(3)
05-18 12:48:11.463 D/CameraHal(17114): ParserSensorInfo(209): SensorI2cAddrByte(2)
05-18 12:48:11.463 D/CameraHal(17114): ParserSensorInfo(212): SensorI2cRate(100000)
05-18 12:48:11.463 D/CameraHal(17114): ParserSensorInfo(220): SensorAvdd(NC) min(0) max(0)
05-18 12:48:11.463 D/CameraHal(17114): ParserSensorInfo(234): SensorDvdd(NC) min(0) max(0)
05-18 12:48:11.463 D/CameraHal(17114): ParserSensorInfo(227): SensorDovdd(NC) min(18000000) max(18000000)
05-18 12:48:11.463 D/CameraHal(17114): ParserSensorInfo(215): SensorMclk(24000000)
05-18 12:48:11.464 D/CameraHal(17114): ParserSensorInfo(265): SensorGpioPwen(RK30_PIN0_PC1) active(1) 
05-18 12:48:11.464 D/CameraHal(17114): ParserSensorInfo(259): SensorGpioRst(NC) active(0) 
05-18 12:48:11.464 D/CameraHal(17114): ParserSensorInfo(241): SensorGpioPwdn(RK30_PIN2_PB7) active(0) 
05-18 12:48:11.464 D/CameraHal(17114): ParserSensorInfo(271): SensorFacing(back) 
05-18 12:48:11.464 D/CameraHal(17114): ParserSensorInfo(280): SensorInterface(MIPI) 
05-18 12:48:11.464 D/CameraHal(17114): ParserSensorInfo(293): SensorMirrorFlip(0) 
05-18 12:48:11.464 D/CameraHal(17114): ParserSensorInfo(296): SensorOrientation(0) 
05-18 12:48:11.464 D/CameraHal(17114): ParserSensorInfo(415): SensorFovParemeter fov_h(60.0)(60.000000) fov_v(60.0)(60.000000)  
05-18 12:48:11.464 D/CameraHal(17114): ParserSensorInfo(418): SensorAWB_Frame_Skip fps(15) 
05-18 12:48:11.464 E/CameraHal(17114): ParserSensorInfo(368): SensorPhy:  phyindex: 1,open /dev/camsys_marvin1	
05-18 12:48:11.464 D/CameraHal(17114): ParserSensorInfo(378): SensorGpioPwdn(RK30_PIN2_PB7) active(0) 
05-18 12:48:11.464 D/CameraHal(17114): ParserSensorInfo(385): SensorPhy: MIPI  lane: 2  phyindex: 1  fmt: 0x2b
05-18 12:48:11.464 D/CameraHal(17114): ParserVCMInfo(430): VCMDrvName(BuiltInSensor)
05-18 12:48:11.464 D/CameraHal(17114): ParserVCMInfo(433): VCMName(NC)
05-18 12:48:11.464 D/CameraHal(17114): ParserVCMInfo(436): VCMI2cBusNum(3)
05-18 12:48:11.464 D/CameraHal(17114): ParserVCMInfo(439): VCMI2cAddrByte(0)
05-18 12:48:11.464 D/CameraHal(17114): ParserVCMInfo(442): VCMI2cRate(0)
05-18 12:48:11.464 D/CameraHal(17114): ParserVCMInfo(457): VCMVdd(NC) min(0) max(0)
05-18 12:48:11.464 D/CameraHal(17114): ParserVCMInfo(451): VCMGpioPower(NC) active(0) 
05-18 12:48:11.464 D/CameraHal(17114): ParserVCMInfo(445): VCMGpioPwdn(NC) active(0) 
05-18 12:48:11.464 D/CameraHal(17114): ParserVCMInfo(475): start current(20) rated current(80) vcm max(100)  step mode(13)  drv max(100) 
05-18 12:48:11.464 D/CameraHal(17114): ParserFlashInfo(489): FlashName(Internal)
05-18 12:48:11.464 D/CameraHal(17114): ParserFlashInfo(492): FlashI2cBusNum(0)
05-18 12:48:11.464 D/CameraHal(17114): ParserFlashInfo(495): FlashI2cAddrByte(0)
05-18 12:48:11.464 D/CameraHal(17114): ParserFlashInfo(498): FlashI2cRate(0)
05-18 12:48:11.464 D/CameraHal(17114): ParserFlashInfo(501): FlashTrigger(NC) active(0) 
05-18 12:48:11.464 D/CameraHal(17114): ParserFlashInfo(505): FlashEn(NC) active(0) 
05-18 12:48:11.464 D/CameraHal(17114): ParserFlashInfo(512): FlashLuminance(0)
05-18 12:48:11.464 D/CameraHal(17114): ParserFlashInfo(515): FlashColorTemp(0)
05-18 12:48:11.465 D/CameraHal(17114): StartElementHandler(944): HDR(1)! 
05-18 12:48:11.465 D/CameraHal(17114): StartElementHandler(948): ZSL(1)! 
05-18 12:48:11.465 D/CameraHal(17114): StartElementHandler(952): zoom(1)! 
05-18 12:48:11.465 D/CameraHal(17114): StartElementHandler(980): Continue_SnapShot(1)! 
05-18 12:48:11.465 D/CameraHal(17114): StartElementHandler(983): InterpolationRes(0)! 
05-18 12:48:11.465 D/CameraHal(17114): StartElementHandler(974): PreviewSize(1920x1080)! 
05-18 12:48:11.465 D/CameraHal(17114): StartElementHandler(970): face detect config(0),max face num is (1)! 
05-18 12:48:11.465 D/CameraHal(17114): ParserDVConfig(782):  DV_QCIF(qcif) resolution(176x144) fps(10) support(1)
05-18 12:48:11.465 D/CameraHal(17114): ParserDVConfig(794):  DV_QVGA(qvga) resolution(320x240) fps(10) support(1)
05-18 12:48:11.465 D/CameraHal(17114): ParserDVConfig(806):  DV_CIF(cif) resolution(352x288) fps(10) support(1)
05-18 12:48:11.465 D/CameraHal(17114): ParserDVConfig(818):  DV_VGA(480p) resolution(640x480) fps(10) support(0)
05-18 12:48:11.465 D/CameraHal(17114): ParserDVConfig(830):  DV_480P(480p) resolution(720x480) fps(10) support(0)
05-18 12:48:11.465 D/CameraHal(17114): ParserDVConfig(854):  DV_720P(720p) resolution(1280x720) fps(10) support(1)
05-18 12:48:11.465 D/CameraHal(17114): ParserDVConfig(866):  DV_1080P(1080p) resolution(1920x1080) fps(10) support(1)
05-18 12:48:11.465 D/CameraHal(17114): ParserSensorInfo(170): SensorName(OV8858)
05-18 12:48:11.465 D/CameraHal(17114): ParserSensorInfo(176): lensName(LG-9569A2)
05-18 12:48:11.465 D/CameraHal(17114): ParserSensorInfo(178): SensorDevID(CAMSYS_DEVID_SENSOR_1B)
05-18 12:48:11.465 D/CameraHal(17114): ParserSensorInfo(189): SensorDevID(33554432)
05-18 12:48:11.465 D/CameraHal(17114): ParserSensorInfo(191): SensorHostDevID(CAMSYS_DEVID_MARVIN)
