--------- beginning of main
05-18 12:47:57.950 I/iwconfig(16935): type=1400 audit(0.0:445): avc: denied { net_admin } for capability=12 scontext=u:r:shell:s0 tcontext=u:r:shell:s0 tclass=capability permissive=1
05-18 12:47:58.046 I/PeanutSDK:API--(12788): [MotorStatusApi][onSuccess: {"code":0,"data":{"status":1},"msg":"success","status":0}]
05-18 12:47:58.046 I/FoodDelivery:component.fault:FaultManager(12788): listenMotorStatus---s={"code":0,"data":{"status":1},"msg":"success","status":0,"topic":"device.motor.status"}
05-18 12:47:58.048 I/PeanutSDK:API--(12788): [ScheduleLiveApi][onSuccess: {"code":0,"data":{"local":{"id":1,"status":0},"other":[]},"msg":"success","status":0}]
05-18 12:47:58.049 I/klog.comm.sdk.success [TopicManager](12788): subscribe:{"code":0,"data":{"status":1},"msg":"success","status":0,"topic":"device.motor.status"}
05-18 12:47:58.054 I/PeanutSDK:API--(12788): [DeviceStatusReportApi][onSuccess: {"code":0,"data":{"device_status":0,"device_type":"mx_camera","status_description":"idle"},"msg":"success","status":0}]
05-18 12:47:58.057 I/klog.comm.sdk.success [TopicManager](12788): subscribe:{"code":0,"data":{"device_status":0,"device_type":"mx_camera","status_description":"idle"},"msg":"success","status":0,"topic":"device.device.status.report"}
05-18 12:47:58.063 I/TopicManager(12788): DEVICE_STATUS_REPORT:: data={"code":0,"data":{"device_status":0,"device_type":"mx_camera","status_description":"idle"},"msg":"success","status":0,"topic":"device.device.status.report"}
05-18 12:47:58.075 I/PeanutSDK:SensorCallBell(12788): senRequest msgID ：195672509
05-18 12:47:58.075 I/PeanutSDK:API--(12788): [SCMIoTSender][sendRequest][SCMRequest{dev=65, topic=29, type=0, cmd=1, params=BellInitParam{sn=[-108, -70, 6, -94, 120, 37], msgId=195672509, msgType=0, stayTime=5, keyEvent=101, robotState=1, enable=0}, channel=1, isCon=true, isDirect=false, oldProtocol=false, isUsbDirect=false}]
05-18 12:47:58.075 I/PeanutSDK:API--(12788): [SCMIoTSender][sendRequest][request in hex: 00411d0001001e00010694ba06a278250504bdb9a90b01010003020500010165010101010100]
05-18 12:47:58.075 I/PeanutSDK:API--(12788): [SCMIoTSender][sendRequest][request base64: AEEdAAEAHgABBpS6BqJ4JQUEvbmpCwEBAAMCBQABAWUBAQEBAQA=, length: 52]
05-18 12:47:58.076 I/PeanutSDK:SDK--(12788): [LinkAdapterFactory][resetConfig][comRobot=/dev/ttyS3,comEmotion=/dev/ttyS3,comLight=/dev/ttyS3,comDoor=/dev/ttyS3,comKc01=/dev/ttyS1,comEmotionKc01=/dev/ttyS3,comBattery=/dev/ttyS2,comRola=/dev/ttyS2,defaultLinkType=COAP,defaultSerialPath=/dev/ttyS3]
05-18 12:47:58.076 I/PeanutSDK:SDK--(12788): [CoapLinkAdapter][adapt][url: coap://192.168.64.20:5683, path: /through/down, type: POST, msgType: CON, params: {"trans":"AEEdAAEAHgABBpS6BqJ4JQUEvbmpCwEBAAMCBQABAWUBAQEBAQA=","type":1}]
05-18 12:47:58.080 I/PeanutSDK:API--(12788): BottomRawDownApi[onSuccess: {"code":0,"msg":"success","status":0}]
05-18 12:47:58.081 I/PeanutSDK:API--(12788): [ScheduleLiveApi][onSuccess: {"code":0,"data":{"local":{"id":1,"status":0},"other":[]},"msg":"success","status":0}]
05-18 12:47:58.148 I/PeanutSDK:API--(12788): [RuntimeMessageReportApi][onSuccess: {"code":0,"data":[],"msg":"success","status":0}]
05-18 12:47:58.148 I/PeanutSDK:API--(12788): [DynamicObjectApi][onSuccess: {"code":0,"data":{"distance":0.0,"exist":false},"msg":"success","status":0}]
05-18 12:47:58.149 I/klog.comm.sdk.success [TopicManager](12788): subscribe:{"code":0,"data":[],"msg":"success","status":0,"topic":"diagnosis.message.report"}
05-18 12:47:58.154 I/klog.runtime.message [TopicManager](12788): {"code":0,"data":[],"msg":"success","status":0,"topic":"diagnosis.message.report"}
05-18 12:47:58.156 I/klog.comm.sdk.success [TopicManager](12788): subscribe:{"code":0,"data":{"distance":0,"exist":false,"left":false,"middle":false,"right":false},"topic":"sensordynamic.object.perception"}
05-18 12:47:58.255 I/PeanutSDK:SDK--(12788): [SerialLinkAdapter]Raw Received  :AA AA 00 7C 21 00 11 00 00 42 21 01 05 00 09 00 01 01 00 01 01 00 01 01 00 EC CD 55 55 
05-18 12:47:58.269 I/PeanutSDK:API--(12788): [ScheduleLiveApi][onSuccess: {"code":0,"data":{"local":{"id":1,"status":0},"other":[]},"msg":"success","status":0}]
05-18 12:47:58.272 I/PeanutSDK:API--(12788): [ScheduleLiveApi][onSuccess: {"code":0,"data":{"local":{"id":1,"status":0},"other":[]},"msg":"success","status":0}]
05-18 12:47:58.402 I/PeanutManager(12788): mqtt is connect:true
05-18 12:47:58.402 I/PeanutSDK:SDK--(12788): [LinkAdapterFactory][resetConfig][comRobot=/dev/ttyS3,comEmotion=/dev/ttyS3,comLight=/dev/ttyS3,comDoor=/dev/ttyS3,comKc01=/dev/ttyS1,comEmotionKc01=/dev/ttyS3,comBattery=/dev/ttyS2,comRola=/dev/ttyS2,defaultLinkType=COAP,defaultSerialPath=/dev/ttyS3]
05-18 12:47:58.402 I/klog.outter.mapping [PeanutManager](12788): fixedMappingMode():mHasReceivedMappingStop=false  mHasReceivedMappingStart=false
05-18 12:47:58.403 I/PeanutSDK:SDK--(12788): [CoapLinkAdapter][adapt][url: coap://192.168.64.20:5683, path: /runtime/odo, type: GET, msgType: CON, params: null]
05-18 12:47:58.404 I/klog.outter.mapping [PeanutManager](12788): fixedMappingMode():mIsMappingMode=false  isPreMappingMode=false  heartBeatAlive=false
05-18 12:47:58.406 I/klog.robot.biz.ps [PeanutManager](12788): isApplicationBroughtToBackground……
05-18 12:47:58.407 I/klog.robot.biz.ps [MotorModel](12788): MotorEntity{id=2, motorState=true}
05-18 12:47:58.408 I/klog.comm.coap.request [PeanutManager](12788): controlMotorLock lock: true
05-18 12:47:58.409 I/PeanutSDK:SDK--(12788): [LinkAdapterFactory][resetConfig][comRobot=/dev/ttyS3,comEmotion=/dev/ttyS3,comLight=/dev/ttyS3,comDoor=/dev/ttyS3,comKc01=/dev/ttyS1,comEmotionKc01=/dev/ttyS3,comBattery=/dev/ttyS2,comRola=/dev/ttyS2,defaultLinkType=COAP,defaultSerialPath=/dev/ttyS3]
05-18 12:47:58.409 I/PeanutSDK:API--(12788): [ScheduleLiveApi][onSuccess: {"code":0,"data":{"local":{"id":1,"status":0},"other":[]},"msg":"success","status":0}]
05-18 12:47:58.409 I/PeanutSDK:SDK--(12788): [CoapLinkAdapter][adapt][url: coap://192.168.64.20:5683, path: /motor/enable, type: POST, msgType: CON, params: {"enable":1}]
05-18 12:47:58.411 I/klog.comm.sdk.success [PeanutManager](12788): controlNavigationStop:: ----from=application is background
05-18 12:47:58.412 I/PeanutSDK:SDK--(12788): [LinkAdapterFactory][resetConfig][comRobot=/dev/ttyS3,comEmotion=/dev/ttyS3,comLight=/dev/ttyS3,comDoor=/dev/ttyS3,comKc01=/dev/ttyS1,comEmotionKc01=/dev/ttyS3,comBattery=/dev/ttyS2,comRola=/dev/ttyS2,defaultLinkType=COAP,defaultSerialPath=/dev/ttyS3]
05-18 12:47:58.412 I/PeanutSDK:API--(12788): [RuntimeOdoApi][onSuccess: {"code":0,"data":{"odo":48.21200180053711},"msg":"success","status":0}]
05-18 12:47:58.413 I/PeanutSDK:SDK--(12788): [CoapLinkAdapter][adapt][url: coap://192.168.64.20:5683, path: /navigation/action, type: POST, msgType: CON, params: {"action":83}]
05-18 12:47:58.413 I/PeanutSDK:SDK--(12788): [PeanutCoapClient][syncRequest][队列的请求有:0个, 当前的请求是:/navigation/action]
05-18 12:47:58.414 I/PeanutSDK:SDK--(12788): [PeanutCoapClient][syncRequest][real execute][/navigation/action]
05-18 12:47:58.416 I/PeanutSDK:API--(12788): MotorEnableApi[onSuccess: {"code":0,"msg":"success","status":0}]
05-18 12:47:58.417 I/klog.comm.sdk.success [PeanutManager](12788): controlMotorLock:BaseResp(code=0)
05-18 12:47:58.430 I/PeanutSDK:SDK--(12788): [PeanutCoapClient][syncRequest][response][/navigation/action] result:{"code":0,"msg":"success","status":0}
05-18 12:47:58.430 I/PeanutSDK:API--(12788): NavigationActionApi[onSuccess: {"code":0,"msg":"success","status":0}]
05-18 12:47:58.432 I/klog.comm.sdk.success [PeanutManager](12788): controlNavigationStop:BaseResp(code=0)
05-18 12:47:58.534 I/PeanutSDK:API--(12788): [ScheduleLiveApi][onSuccess: {"code":0,"data":{"local":{"id":1,"status":0},"other":[]},"msg":"success","status":0}]
05-18 12:47:58.640 I/PeanutSDK:API--(12788): [ScheduleLiveApi][onSuccess: {"code":0,"data":{"local":{"id":1,"status":0},"other":[]},"msg":"success","status":0}]
05-18 12:47:58.667 I/PeanutSDK:SDK--(16668): [CoAPPing][startPing][offLineTime: 2000, timeout : 60000, isTimeout : false, isOnline : true]
05-18 12:47:58.673 I/PeanutSDK:API--(12788): [ScheduleLiveApi][onSuccess: {"code":0,"data":{"local":{"id":1,"status":0},"other":[]},"msg":"success","status":0}]
05-18 12:47:58.779 I/PeanutSDK:API--(12788): [ScheduleLiveApi][onSuccess: {"code":0,"data":{"local":{"id":1,"status":0},"other":[]},"msg":"success","status":0}]
05-18 12:47:58.845 I/PeanutSDK:SDK--(  670): [CoAPPing][startPing][offLineTime: 2034, timeout : 60000, isTimeout : false, isOnline : true]
05-18 12:47:58.850 W/art     (  670): Long monitor contention event with owner method=void java.net.DatagramSocket.receive(java.net.DatagramPacket) from DatagramSocket.java:4294967295 waiters=0 for 2.039s
05-18 12:47:58.951 I/PeanutSDK:API--(12788): [ScheduleLiveApi][onSuccess: {"code":0,"data":{"local":{"id":1,"status":0},"other":[]},"msg":"success","status":0}]
05-18 12:47:59.057 I/PeanutSDK:API--(12788): [ScheduleLiveApi][onSuccess: {"code":0,"data":{"local":{"id":1,"status":0},"other":[]},"msg":"success","status":0}]
05-18 12:47:59.066 I/PeanutSDK:API--(12788): [ScheduleLiveApi][onSuccess: {"code":0,"data":{"local":{"id":1,"status":0},"other":[]},"msg":"success","status":0}]
05-18 12:47:59.115 I/PeanutSDK:SDK--(12788): [CoAPPing][startPing][offLineTime: 2032, timeout : 25000, isTimeout : false, isOnline : true]
05-18 12:47:59.205 I/PeanutSDK:SDK--(12788): [SerialLinkAdapter]Raw Received  :AA AA 00 7C 21 00 11 00 00 42 21 01 05 00 09 00 01 01 00 01 01 00 01 01 00 EC CD 55 55 
05-18 12:47:59.222 I/PeanutSDK:API--(12788): [ScheduleLiveApi][onSuccess: {"code":0,"data":{"local":{"id":1,"status":0},"other":[]},"msg":"success","status":0}]
05-18 12:47:59.326 I/PeanutSDK:API--(16668): [ButtonStatusApi][onSuccess: {"code":0,"data":{"info":false},"msg":"success","status":0}]
05-18 12:47:59.327 I/PeanutSDK:API--(12788): [ScheduleLiveApi][onSuccess: {"code":0,"data":{"local":{"id":1,"status":0},"other":[]},"msg":"success","status":0}]
05-18 12:47:59.331 D/PeanutSDK:API--(16668): [ButtonStatusApi][onSuccess json: {"data":{"info":false},"code":0,"msg":"success","status":0,"topic":"ButtonStatusApi"}]
05-18 12:47:59.333 I/PeanutSDK:API--(12788): [ButtonStatusApi][onSuccess: {"code":0,"data":{"info":false},"msg":"success","status":0}]
05-18 12:47:59.336 I/klog.comm.sdk.success [TopicManager](12788): subscribe:{"code":0,"data":{"status":0},"topic":"device.emergency.btn.status"}
05-18 12:47:59.351 I/ScramPromptManager(12788): onReceiveLockButton:: state=0 |buttonEnable=true |mShowDialog=true |mCanShowDialog=true
05-18 12:47:59.357 D/PeanutSDK:RUNTIME--(16668): [PeanutRuntime][queryOdo]
05-18 12:47:59.357 D/PeanutSDK:RUNTIME--(16668): [PeanutRuntime][queryHearBeat]
05-18 12:47:59.358 D/PeanutSDK:SDK--(16668): [LinkAdapterFactory][resetConfig][comRobot=/dev/ttyS1,comEmotion=/dev/ttyS2,comLight=/dev/ttyUSB0,comDoor=/dev/ttyS2,defaultLinkType=COAP,defaultSerialPath=/dev/ttyS1]
05-18 12:47:59.358 D/PeanutSDK:SDK--(16668): [LinkAdapterFactory][resetConfig][comRobot=/dev/ttyS1,comEmotion=/dev/ttyS2,comLight=/dev/ttyUSB0,comDoor=/dev/ttyS2,defaultLinkType=COAP,defaultSerialPath=/dev/ttyS1]
05-18 12:47:59.359 D/PeanutSDK:SDK--(16668): [CoapLinkAdapter][adapt][url: coap://192.168.64.20:5683, path: /runtime/odo, type: GET, msgType: CON, params: null]
05-18 12:47:59.361 D/PeanutSDK:SDK--(16668): [CoapLinkAdapter][adapt][url: coap://192.168.64.20:5683, path: /runtime/heartbeat, type: GET, msgType: CON, params: {"sync":0}]
05-18 12:47:59.364 I/PeanutSDK:API--(16668): [RuntimeOdoApi][onSuccess: {"code":0,"data":{"odo":48.21200180053711},"msg":"success","status":0}]
05-18 12:47:59.365 D/PeanutSDK:API--(16668): [RuntimeOdoApi][onSuccess json: {"data":{"odo":48.21200180053711},"code":0,"msg":"success","status":0}]
05-18 12:47:59.365 D/PeanutSDK:RUNTIME--(16668): [PeanutRuntime][odo][response = {"data":{"odo":48.21200180053711},"code":0,"msg":"success","status":0}]
05-18 12:47:59.366 D/PeanutSDK:RUNTIME--(16668): [PeanutRuntime][odo:48.21200180053711]
05-18 12:47:59.367 E/PeanutSDK:RUNTIME--(16668): [PeanutRuntime][get heartbeat status][ApiError{mid=57455, code=203171, msg='4.04 NOT_FOUND', tag='/runtime/heartbeat'}]
05-18 12:47:59.367 D/PeanutSDK:RUNTIME--(16668): [PeanutRuntime][notifyEvent][event： 10000]
05-18 12:47:59.368 D/PeanutSDK:SupermarketActivity(16668): onEvent:10000, content: null
05-18 12:47:59.368 I/PeanutSDK:API--(12788): [ScheduleLiveApi][onSuccess: {"code":0,"data":{"local":{"id":1,"status":0},"other":[]},"msg":"success","status":0}]
05-18 12:47:59.405 I/PeanutManager(12788): mqtt is connect:true
05-18 12:47:59.405 I/PeanutSDK:SDK--(12788): [LinkAdapterFactory][resetConfig][comRobot=/dev/ttyS3,comEmotion=/dev/ttyS3,comLight=/dev/ttyS3,comDoor=/dev/ttyS3,comKc01=/dev/ttyS1,comEmotionKc01=/dev/ttyS3,comBattery=/dev/ttyS2,comRola=/dev/ttyS2,defaultLinkType=COAP,defaultSerialPath=/dev/ttyS3]
05-18 12:47:59.406 I/PeanutSDK:SDK--(12788): [CoapLinkAdapter][adapt][url: coap://192.168.64.20:5683, path: /runtime/odo, type: GET, msgType: CON, params: null]
05-18 12:47:59.406 I/klog.outter.mapping [PeanutManager](12788): fixedMappingMode():mHasReceivedMappingStop=false  mHasReceivedMappingStart=false
05-18 12:47:59.407 I/klog.outter.mapping [PeanutManager](12788): fixedMappingMode():mIsMappingMode=false  isPreMappingMode=false  heartBeatAlive=false
05-18 12:47:59.409 I/klog.robot.biz.ps [PeanutManager](12788): isApplicationBroughtToBackground……
05-18 12:47:59.409 I/klog.robot.biz.ps [MotorModel](12788): MotorEntity{id=2, motorState=true}
05-18 12:47:59.410 I/klog.comm.coap.request [PeanutManager](12788): controlMotorLock lock: true
05-18 12:47:59.411 I/PeanutSDK:SDK--(12788): [LinkAdapterFactory][resetConfig][comRobot=/dev/ttyS3,comEmotion=/dev/ttyS3,comLight=/dev/ttyS3,comDoor=/dev/ttyS3,comKc01=/dev/ttyS1,comEmotionKc01=/dev/ttyS3,comBattery=/dev/ttyS2,comRola=/dev/ttyS2,defaultLinkType=COAP,defaultSerialPath=/dev/ttyS3]
05-18 12:47:59.411 I/PeanutSDK:SDK--(12788): [CoapLinkAdapter][adapt][url: coap://192.168.64.20:5683, path: /motor/enable, type: POST, msgType: CON, params: {"enable":1}]
05-18 12:47:59.412 I/PeanutSDK:API--(12788): [RuntimeOdoApi][onSuccess: {"code":0,"data":{"odo":48.21200180053711},"msg":"success","status":0}]
05-18 12:47:59.413 I/klog.comm.sdk.success [PeanutManager](12788): controlNavigationStop:: ----from=application is background
05-18 12:47:59.413 I/PeanutSDK:SDK--(12788): [LinkAdapterFactory][resetConfig][comRobot=/dev/ttyS3,comEmotion=/dev/ttyS3,comLight=/dev/ttyS3,comDoor=/dev/ttyS3,comKc01=/dev/ttyS1,comEmotionKc01=/dev/ttyS3,comBattery=/dev/ttyS2,comRola=/dev/ttyS2,defaultLinkType=COAP,defaultSerialPath=/dev/ttyS3]
05-18 12:47:59.414 I/PeanutSDK:SDK--(12788): [CoapLinkAdapter][adapt][url: coap://192.168.64.20:5683, path: /navigation/action, type: POST, msgType: CON, params: {"action":83}]
05-18 12:47:59.414 I/PeanutSDK:SDK--(12788): [PeanutCoapClient][syncRequest][队列的请求有:0个, 当前的请求是:/navigation/action]
05-18 12:47:59.414 I/PeanutSDK:SDK--(12788): [PeanutCoapClient][syncRequest][real execute][/navigation/action]
05-18 12:47:59.417 I/PeanutSDK:API--(12788): MotorEnableApi[onSuccess: {"code":0,"msg":"success","status":0}]
05-18 12:47:59.418 I/klog.comm.sdk.success [PeanutManager](12788): controlMotorLock:BaseResp(code=0)
05-18 12:47:59.426 I/PeanutSDK:SDK--(12788): [PeanutCoapClient][syncRequest][response][/navigation/action] result:{"code":0,"msg":"success","status":0}
05-18 12:47:59.426 I/PeanutSDK:API--(12788): NavigationActionApi[onSuccess: {"code":0,"msg":"success","status":0}]
05-18 12:47:59.427 I/klog.comm.sdk.success [PeanutManager](12788): controlNavigationStop:BaseResp(code=0)
05-18 12:47:59.529 I/PeanutSDK:API--(12788): [ScheduleLiveApi][onSuccess: {"code":0,"data":{"local":{"id":1,"status":0},"other":[]},"msg":"success","status":0}]
05-18 12:47:59.637 I/PeanutSDK:API--(12788): [ScheduleLiveApi][onSuccess: {"code":0,"data":{"local":{"id":1,"status":0},"other":[]},"msg":"success","status":0}]
05-18 12:47:59.644 I/PeanutSDK:SDK--( 4513): [CoAPPing][startPing][offLineTime: 2030, timeout : 60000, isTimeout : false, isOnline : true]
05-18 12:47:59.754 I/PeanutSDK:API--(12788): [ScheduleLiveApi][onSuccess: {"code":0,"data":{"local":{"id":1,"status":0},"other":[]},"msg":"success","status":0}]
05-18 12:47:59.857 I/PeanutSDK:API--(12788): [ScheduleLiveApi][onSuccess: {"code":0,"data":{"local":{"id":1,"status":0},"other":[]},"msg":"success","status":0}]
05-18 12:47:59.861 I/PeanutSDK:API--(12788): [ScheduleLiveApi][onSuccess: {"code":0,"data":{"local":{"id":1,"status":0},"other":[]},"msg":"success","status":0}]
05-18 12:47:59.886 I/PeanutSDK:API--(12788): [BottomRawUpApi][onSuccess: {"code":0,"data":{"trans":"","transList":[]},"msg":"success","status":0}]
05-18 12:47:59.985 I/PeanutSDK:API--(12788): [ScheduleLiveApi][onSuccess: {"code":0,"data":{"local":{"id":1,"status":0},"other":[]},"msg":"success","status":0}]
05-18 12:48:00.018 I/PeanutSDK:API--(12788): [ImuResetApi][onSuccess: {"code":0,"data":{"status":0},"msg":"success","status":0}]
05-18 12:48:00.020 I/PeanutSDK:API--(12788): [NavigationHumanDetectionStatusApi][onSuccess: {"code":0,"data":{"cmd":0,"code":0},"msg":"success","status":0}]
05-18 12:48:00.024 I/klog.comm.sdk.success [TopicManager](12788): subscribe:{"code":0,"data":{"status":0},"msg":"success","status":0,"topic":"sensor.imu.reset"}
05-18 12:48:00.031 I/PeanutSDK:API--(12788): [PositionNearestPoseInfoApi][onSuccess: {"code":0,"data":{"distance":0.510,"pose":{"angle":1.407780,"floor":1,"id":7,"name":"Food outlet","type":"origin","x":0.220,"y":0.540}},"msg":"success","status":0}]
05-18 12:48:00.038 I/PeanutSDK:API--(12788): [PositionRegionApi][onSuccess: {"code":0,"data":{"areaId":0,"areaName":"","floor":0,"type":""},"msg":"success","status":0}]
05-18 12:48:00.044 I/PeanutSDK:API--(12788): [NavigationSwerveStatusApi][onSuccess: {"code":0,"data":{"cmd":0,"direction":0},"msg":"success","status":0}]
05-18 12:48:00.047 I/FoodDelivery:auto.detection.log:CameraDetectionImpl(12788): human_detection_status= {"code":0,"data":{"cmd":0,"code":0},"topic":"navi.human.detection.status"}
05-18 12:48:00.048 I/FoodDelivery:auto.detection.log:HumanDetectionManager(12788): onHumanDetectionCmdEvent --> humanDetectionCmdBean: {"cmd":0,"code":0}
05-18 12:48:00.054 I/klog.comm.sdk.success [TopicManager](12788): subscribe:{"code":0,"data":{"distance":0.51,"pose":{"angle":1.40778,"floor":1,"id":7,"name":"Food outlet","type":"origin","x":0.22,"y":0.54}},"msg":"success","status":0,"topic":"map.position.nearest.pose.info"}
05-18 12:48:00.067 I/TopicManager(12788): reportRobotPointInfo=PeanutPositionNearestInfo{distance=0.51, pose=PoseBean{id=7, name='Food outlet', type='origin', floor=1, x=0.22, y=0.54, angle=1.40778}}
05-18 12:48:00.069 I/OpenApiReportManager(12788): reportRobotPointInfo   report~~~:RobotPositionInfo{action='ReportRobotPosition', data=PositionInfo{floor=1, robotPos=PosBean{x=0.22, y=0.54, rotation=1.40778}, params=PositionExtrasBean{dstId=7, dstName='Food outlet', dstType='origin', distance=0.51}}, messageId='1779088680068', timestamp=1779088680068}
05-18 12:48:00.078 I/systemService:mqtt:MqttAidlApiImpl(  949): publish : com.keenon.peanut.solutionfooddelivery, /robot/94:BA:06:A2:78:25/base/common_handler/v1/dev_msg, {"action":"ReportRobotPosition","data":{"floor":1,"params":{"distance":0.51,"dstId":7,"dstName":"Food outlet","dstType":"origin"},"robotPos":{"rotation":1.40778,"x":0.22,"y":0.54}},"messageId":"1779088680068","timestamp":1779088680068}
05-18 12:48:00.078 I/klog.comm.sdk.success [TopicManager](12788): subscribe:{"code":0,"data":{"areaId":0,"areaName":"","floor":0,"type":""},"msg":"success","status":0,"topic":"map.position.region.info"}
05-18 12:48:00.078 I/systemService:core.mqtt:mqtt.peanut_mqtt_ssl(  949): url = ssl://cloud.robotkeenon.com:8883, publish topic = /robot/94:BA:06:A2:78:25/base/common_handler/v1/dev_msg
05-18 12:48:00.079 I/systemService:core.mqtt:mqtt.peanut_mqtt_ssl(  949): deliveryComplete : [/robot/94:BA:06:A2:78:25/base/common_handler/v1/dev_msg] => {"action":"ReportRobotPosition","data":{"floor":1,"params":{"distance":0.51,"dstId":7,"dstName":"Food outlet","dstType":"origin"},"robotPos":{"rotation":1.40778,"x":0.22,"y":0.54}},"messageId":"1779088680068","timestamp":1779088680068}
05-18 12:48:00.085 I/TopicManager(12788): POSITION_REGION_INFO:: data={"code":0,"data":{"areaId":0,"areaName":"","floor":0,"type":""},"msg":"success","status":0,"topic":"map.position.region.info"}
05-18 12:48:00.088 I/AreaVoiceManager(12788): PositionRegionBean(areaId=0, areaName='', floor=0, type='')
05-18 12:48:00.088 I/klog.comm.sdk.success [TopicManager](12788): subscribe:{"code":0,"data":{"cmd":0,"direction":0},"topic":"navi.swerve.status"}
05-18 12:48:00.117 I/PeanutSDK:SensorCallBell(12788): senRequest msgID ：195672509
05-18 12:48:00.117 I/PeanutSDK:API--(12788): [SCMIoTSender][sendRequest][SCMRequest{dev=65, topic=29, type=0, cmd=1, params=BellInitParam{sn=[-108, -70, 6, -94, 120, 37], msgId=195672509, msgType=0, stayTime=5, keyEvent=101, robotState=1, enable=0}, channel=1, isCon=true, isDirect=false, oldProtocol=false, isUsbDirect=false}]
05-18 12:48:00.117 I/PeanutSDK:API--(12788): [SCMIoTSender][sendRequest][request in hex: 00411d0001001e00010694ba06a278250504bdb9a90b01010003020500010165010101010100]
05-18 12:48:00.117 I/PeanutSDK:API--(12788): [SCMIoTSender][sendRequest][request base64: AEEdAAEAHgABBpS6BqJ4JQUEvbmpCwEBAAMCBQABAWUBAQEBAQA=, length: 52]
05-18 12:48:00.118 I/PeanutSDK:SDK--(12788): [LinkAdapterFactory][resetConfig][comRobot=/dev/ttyS3,comEmotion=/dev/ttyS3,comLight=/dev/ttyS3,comDoor=/dev/ttyS3,comKc01=/dev/ttyS1,comEmotionKc01=/dev/ttyS3,comBattery=/dev/ttyS2,comRola=/dev/ttyS2,defaultLinkType=COAP,defaultSerialPath=/dev/ttyS3]
05-18 12:48:00.118 I/PeanutSDK:SDK--(12788): [CoapLinkAdapter][adapt][url: coap://192.168.64.20:5683, path: /through/down, type: POST, msgType: CON, params: {"trans":"AEEdAAEAHgABBpS6BqJ4JQUEvbmpCwEBAAMCBQABAWUBAQEBAQA=","type":1}]
05-18 12:48:00.122 I/PeanutSDK:API--(12788): BottomRawDownApi[onSuccess: {"code":0,"msg":"success","status":0}]
05-18 12:48:00.123 I/PeanutSDK:API--(12788): [ScheduleLiveApi][onSuccess: {"code":0,"data":{"local":{"id":1,"status":0},"other":[]},"msg":"success","status":0}]
05-18 12:48:00.205 I/PeanutSDK:SDK--(12788): [SerialLinkAdapter]Raw Received  :AA AA 00 7C 21 00 11 00 00 42 21 01 05 00 09 00 01 01 00 01 01 00 01 01 00 EC CD 55 55 
05-18 12:48:00.228 I/PeanutSDK:API--(12788): [ScheduleLiveApi][onSuccess: {"code":0,"data":{"local":{"id":1,"status":0},"other":[]},"msg":"success","status":0}]
05-18 12:48:00.336 I/PeanutSDK:API--(12788): [ScheduleLiveApi][onSuccess: {"code":0,"data":{"local":{"id":1,"status":0},"other":[]},"msg":"success","status":0}]
05-18 12:48:00.414 I/PeanutManager(12788): mqtt is connect:true
05-18 12:48:00.415 I/PeanutSDK:SDK--(12788): [LinkAdapterFactory][resetConfig][comRobot=/dev/ttyS3,comEmotion=/dev/ttyS3,comLight=/dev/ttyS3,comDoor=/dev/ttyS3,comKc01=/dev/ttyS1,comEmotionKc01=/dev/ttyS3,comBattery=/dev/ttyS2,comRola=/dev/ttyS2,defaultLinkType=COAP,defaultSerialPath=/dev/ttyS3]
05-18 12:48:00.416 I/klog.outter.mapping [PeanutManager](12788): fixedMappingMode():mHasReceivedMappingStop=false  mHasReceivedMappingStart=false
05-18 12:48:00.416 I/PeanutSDK:SDK--(12788): [CoapLinkAdapter][adapt][url: coap://192.168.64.20:5683, path: /runtime/odo, type: GET, msgType: CON, params: null]
05-18 12:48:00.417 I/klog.outter.mapping [PeanutManager](12788): fixedMappingMode():mIsMappingMode=false  isPreMappingMode=false  heartBeatAlive=false
05-18 12:48:00.419 I/klog.robot.biz.ps [PeanutManager](12788): isApplicationBroughtToBackground……
05-18 12:48:00.421 I/klog.robot.biz.ps [MotorModel](12788): MotorEntity{id=2, motorState=true}
05-18 12:48:00.423 I/klog.comm.coap.request [PeanutManager](12788): controlMotorLock lock: true
05-18 12:48:00.424 I/PeanutSDK:SDK--(12788): [LinkAdapterFactory][resetConfig][comRobot=/dev/ttyS3,comEmotion=/dev/ttyS3,comLight=/dev/ttyS3,comDoor=/dev/ttyS3,comKc01=/dev/ttyS1,comEmotionKc01=/dev/ttyS3,comBattery=/dev/ttyS2,comRola=/dev/ttyS2,defaultLinkType=COAP,defaultSerialPath=/dev/ttyS3]
05-18 12:48:00.425 I/PeanutSDK:SDK--(12788): [CoapLinkAdapter][adapt][url: coap://192.168.64.20:5683, path: /motor/enable, type: POST, msgType: CON, params: {"enable":1}]
05-18 12:48:00.427 I/klog.comm.sdk.success [PeanutManager](12788): controlNavigationStop:: ----from=application is background
05-18 12:48:00.427 I/PeanutSDK:SDK--(12788): [LinkAdapterFactory][resetConfig][comRobot=/dev/ttyS3,comEmotion=/dev/ttyS3,comLight=/dev/ttyS3,comDoor=/dev/ttyS3,comKc01=/dev/ttyS1,comEmotionKc01=/dev/ttyS3,comBattery=/dev/ttyS2,comRola=/dev/ttyS2,defaultLinkType=COAP,defaultSerialPath=/dev/ttyS3]
05-18 12:48:00.428 I/PeanutSDK:SDK--(12788): [CoapLinkAdapter][adapt][url: coap://192.168.64.20:5683, path: /navigation/action, type: POST, msgType: CON, params: {"action":83}]
05-18 12:48:00.428 I/PeanutSDK:SDK--(12788): [PeanutCoapClient][syncRequest][队列的请求有:0个, 当前的请求是:/navigation/action]
05-18 12:48:00.428 I/PeanutSDK:SDK--(12788): [PeanutCoapClient][syncRequest][real execute][/navigation/action]
05-18 12:48:00.449 I/PeanutSDK:API--(12788): [ScheduleLiveApi][onSuccess: {"code":0,"data":{"local":{"id":1,"status":0},"other":[]},"msg":"success","status":0}]
05-18 12:48:00.456 I/PeanutSDK:API--(12788): [RuntimeOdoApi][onSuccess: {"code":0,"data":{"odo":48.21200180053711},"msg":"success","status":0}]
05-18 12:48:00.457 I/PeanutSDK:API--(12788): MotorEnableApi[onSuccess: {"code":0,"msg":"success","status":0}]
05-18 12:48:00.457 I/klog.comm.sdk.success [PeanutManager](12788): controlMotorLock:BaseResp(code=0)
05-18 12:48:00.484 I/PeanutSDK:SDK--(12788): [PeanutCoapClient][syncRequest][response][/navigation/action] result:{"code":0,"msg":"success","status":0}
05-18 12:48:00.486 I/PeanutSDK:API--(12788): NavigationActionApi[onSuccess: {"code":0,"msg":"success","status":0}]
05-18 12:48:00.486 I/PeanutSDK:API--(12788): [ScheduleLiveApi][onSuccess: {"code":0,"data":{"local":{"id":1,"status":0},"other":[]},"msg":"success","status":0}]
05-18 12:48:00.489 I/klog.comm.sdk.success [PeanutManager](12788): controlNavigationStop:BaseResp(code=0)
05-18 12:48:00.608 I/PeanutSDK:API--(12788): [ScheduleLiveApi][onSuccess: {"code":0,"data":{"local":{"id":1,"status":0},"other":[]},"msg":"success","status":0}]
05-18 12:48:00.672 I/PeanutSDK:SDK--(16668): [CoAPPing][startPing][offLineTime: 2000, timeout : 60000, isTimeout : false, isOnline : true]
05-18 12:48:00.874 I/PeanutSDK:SDK--(  670): [CoAPPing][startPing][offLineTime: 2023, timeout : 60000, isTimeout : false, isOnline : true]
05-18 12:48:00.922 W/art     (  670): Long monitor contention event with owner method=void java.net.DatagramSocket.receive(java.net.DatagramPacket) from DatagramSocket.java:4294967295 waiters=0 for 2.072s
05-18 12:48:00.928 I/PeanutSDK:API--(12788): [PositionPosInfoApi][onSuccess: {"code":0,"data":{"buildDesc":[],"elevatorPosState":1,"floor":1,"robotPos":{"rotation":0.160,"x":0.0,"y":0.0}},"msg":"success","status":0}]
05-18 12:48:00.928 I/PeanutSDK:API--(12788): [ScheduleLiveApi][onSuccess: {"code":0,"data":{"local":{"id":1,"status":0},"other":[]},"msg":"success","status":0}]
05-18 12:48:00.929 I/PeanutSDK:API--(12788): [RuntimeObjectApi][onSuccess: {"code":0,"data":{"exist":false,"x":0.0,"y":0.0},"msg":"success","status":0}]
05-18 12:48:00.932 I/PeanutSDK:API--(12788): [ScheduleStatusApi][onSuccess: {"code":0,"data":null,"msg":"success","status":0}]
05-18 12:48:00.934 I/klog.comm.sdk.success [TopicManager](12788): subscribe:{"code":0,"topic":"sensor.object.perception"}
05-18 12:48:00.935 I/FoodDelivery:component.scheduler:ScheduleManager(12788): 数据解析异常
05-18 12:48:00.936 I/PeanutSDK:API--(12788): [NavigationStatusApi][onSuccess: {"code":0,"data":{"dst":0,"remain_length":-1.0,"remain_time":-1.0,"schedule":0,"status":-1,"total_length":-1.0,"total_time":-1.0},"msg":"success","status":0}]
05-18 12:48:00.949 I/klog.comm.sdk.success [TopicManager](12788): Exception:java.lang.NullPointerException: Attempt to invoke virtual method 'java.lang.String com.google.gson.JsonObject.toString()' on a null object reference
05-18 12:48:00.950 I/klog.comm.sdk.success [TopicManager](12788): subscribe:{"code":0,"data":{"buildDesc":[],"elevatorPosState":1,"floor":1,"robotPos":{"rotation":0.16,"x":0,"y":0}},"msg":"success","status":0,"topic":"map.position.info"}
05-18 12:48:00.959 I/PeanutSDK:API--(16668): [MotorStatusApi][onSuccess: {"code":0,"data":{"status":1},"msg":"success","status":0}]
05-18 12:48:00.960 D/PeanutSDK:API--(16668): [MotorStatusApi][onSuccess json: {"data":{"status":1},"code":0,"msg":"success","status":0,"topic":"MotorStatusApi"}]
05-18 12:48:01.060 I/PeanutSDK:API--(12788): [ScheduleLiveApi][onSuccess: {"code":0,"data":{"local":{"id":1,"status":0},"other":[]},"msg":"success","status":0}]
05-18 12:48:01.120 I/PeanutSDK:API--(12788): [MotorStatusApi][onSuccess: {"code":0,"data":{"status":1},"msg":"success","status":0}]
05-18 12:48:01.121 I/FoodDelivery:component.fault:FaultManager(12788): listenMotorStatus---s={"code":0,"data":{"status":1},"msg":"success","status":0,"topic":"device.motor.status"}
05-18 12:48:01.127 I/klog.comm.sdk.success [TopicManager](12788): subscribe:{"code":0,"data":{"status":1},"msg":"success","status":0,"topic":"device.motor.status"}
05-18 12:48:01.155 I/PeanutSDK:SDK--(12788): [CoAPPing][startPing][offLineTime: 2037, timeout : 25000, isTimeout : false, isOnline : true]
05-18 12:48:01.160 I/PeanutSDK:API--(12788): [ScheduleLiveApi][onSuccess: {"code":0,"data":{"local":{"id":1,"status":0},"other":[]},"msg":"success","status":0}]
05-18 12:48:01.188 I/PeanutSDK:API--(12788): [DynamicObjectApi][onSuccess: {"code":0,"data":{"distance":0.0,"exist":false},"msg":"success","status":0}]
05-18 12:48:01.189 I/klog.comm.sdk.success [TopicManager](12788): subscribe:{"code":0,"data":{"distance":0,"exist":false,"left":false,"middle":false,"right":false},"topic":"sensordynamic.object.perception"}
05-18 12:48:01.246 I/PeanutSDK:SDK--(12788): [SerialLinkAdapter]Raw Received  :AA AA 00 7C 21 00 11 00 00 42 21 01 05 00 09 00 01 01 00 01 01 00 01 01 00 EC CD 55 55 
05-18 12:48:01.290 I/PeanutSDK:API--(12788): [ScheduleLiveApi][onSuccess: {"code":0,"data":{"local":{"id":1,"status":0},"other":[]},"msg":"success","status":0}]
05-18 12:48:01.397 I/PeanutSDK:API--(12788): [ScheduleLiveApi][onSuccess: {"code":0,"data":{"local":{"id":1,"status":0},"other":[]},"msg":"success","status":0}]
05-18 12:48:01.408 I/PeanutManager(12788): mqtt is connect:true
05-18 12:48:01.409 I/PeanutSDK:SDK--(12788): [LinkAdapterFactory][resetConfig][comRobot=/dev/ttyS3,comEmotion=/dev/ttyS3,comLight=/dev/ttyS3,comDoor=/dev/ttyS3,comKc01=/dev/ttyS1,comEmotionKc01=/dev/ttyS3,comBattery=/dev/ttyS2,comRola=/dev/ttyS2,defaultLinkType=COAP,defaultSerialPath=/dev/ttyS3]
05-18 12:48:01.409 I/klog.outter.mapping [PeanutManager](12788): fixedMappingMode():mHasReceivedMappingStop=false  mHasReceivedMappingStart=false
05-18 12:48:01.410 I/PeanutSDK:SDK--(12788): [CoapLinkAdapter][adapt][url: coap://192.168.64.20:5683, path: /runtime/odo, type: GET, msgType: CON, params: null]
05-18 12:48:01.410 I/klog.outter.mapping [PeanutManager](12788): fixedMappingMode():mIsMappingMode=false  isPreMappingMode=false  heartBeatAlive=false
05-18 12:48:01.413 I/klog.robot.biz.ps [PeanutManager](12788): isApplicationBroughtToBackground……
05-18 12:48:01.414 I/klog.robot.biz.ps [MotorModel](12788): MotorEntity{id=2, motorState=true}
05-18 12:48:01.415 I/klog.comm.coap.request [PeanutManager](12788): controlMotorLock lock: true
05-18 12:48:01.416 I/PeanutSDK:SDK--(12788): [LinkAdapterFactory][resetConfig][comRobot=/dev/ttyS3,comEmotion=/dev/ttyS3,comLight=/dev/ttyS3,comDoor=/dev/ttyS3,comKc01=/dev/ttyS1,comEmotionKc01=/dev/ttyS3,comBattery=/dev/ttyS2,comRola=/dev/ttyS2,defaultLinkType=COAP,defaultSerialPath=/dev/ttyS3]
05-18 12:48:01.418 I/PeanutSDK:SDK--(12788): [CoapLinkAdapter][adapt][url: coap://192.168.64.20:5683, path: /motor/enable, type: POST, msgType: CON, params: {"enable":1}]
05-18 12:48:01.419 I/PeanutSDK:API--(12788): [RuntimeOdoApi][onSuccess: {"code":0,"data":{"odo":48.21200180053711},"msg":"success","status":0}]
05-18 12:48:01.423 I/klog.comm.sdk.success [PeanutManager](12788): controlNavigationStop:: ----from=application is background
05-18 12:48:01.425 I/PeanutSDK:SDK--(12788): [LinkAdapterFactory][resetConfig][comRobot=/dev/ttyS3,comEmotion=/dev/ttyS3,comLight=/dev/ttyS3,comDoor=/dev/ttyS3,comKc01=/dev/ttyS1,comEmotionKc01=/dev/ttyS3,comBattery=/dev/ttyS2,comRola=/dev/ttyS2,defaultLinkType=COAP,defaultSerialPath=/dev/ttyS3]
05-18 12:48:01.425 I/PeanutSDK:SDK--(12788): [CoapLinkAdapter][adapt][url: coap://192.168.64.20:5683, path: /navigation/action, type: POST, msgType: CON, params: {"action":83}]
05-18 12:48:01.425 I/PeanutSDK:SDK--(12788): [PeanutCoapClient][syncRequest][队列的请求有:0个, 当前的请求是:/navigation/action]
05-18 12:48:01.426 I/PeanutSDK:SDK--(12788): [PeanutCoapClient][syncRequest][real execute][/navigation/action]
05-18 12:48:01.430 I/PeanutSDK:API--(12788): MotorEnableApi[onSuccess: {"code":0,"msg":"success","status":0}]
05-18 12:48:01.431 I/klog.comm.sdk.success [PeanutManager](12788): controlMotorLock:BaseResp(code=0)
05-18 12:48:01.446 I/PeanutSDK:SDK--(12788): [PeanutCoapClient][syncRequest][response][/navigation/action] result:{"code":0,"msg":"success","status":0}
05-18 12:48:01.446 I/PeanutSDK:API--(12788): NavigationActionApi[onSuccess: {"code":0,"msg":"success","status":0}]
05-18 12:48:01.447 I/klog.comm.sdk.success [PeanutManager](12788): controlNavigationStop:BaseResp(code=0)
05-18 12:48:01.550 I/PeanutSDK:API--(12788): [ScheduleLiveApi][onSuccess: {"code":0,"data":{"local":{"id":1,"status":0},"other":[]},"msg":"success","status":0}]
05-18 12:48:01.654 I/PeanutSDK:API--(12788): [ScheduleLiveApi][onSuccess: {"code":0,"data":{"local":{"id":1,"status":0},"other":[]},"msg":"success","status":0}]
05-18 12:48:01.685 I/PeanutSDK:SDK--( 4513): [CoAPPing][startPing][offLineTime: 2034, timeout : 60000, isTimeout : false, isOnline : true]
05-18 12:48:01.694 I/PeanutSDK:API--(12788): [ScheduleLiveApi][onSuccess: {"code":0,"data":{"local":{"id":1,"status":0},"other":[]},"msg":"success","status":0}]
05-18 12:48:01.814 I/PeanutSDK:API--(12788): [ScheduleLiveApi][onSuccess: {"code":0,"data":{"local":{"id":1,"status":0},"other":[]},"msg":"success","status":0}]
05-18 12:48:01.857 I/PeanutSDK:API--(12788): [BottomRawUpApi][onSuccess: {"code":0,"data":{"trans":"ADgVAQUAEgADAgAAAQEAAQQAALUAAQMAtQA=","transList":["ADgVAQUAEgADAgAAAQEAAQQAALUAAQMAtQA="]},"msg":"success","status":0}]
05-18 12:48:01.863 I/PeanutSDK:API--(12788): [ScheduleLiveApi][onSuccess: {"code":0,"data":{"local":{"id":1,"status":0},"other":[]},"msg":"success","status":0}]
05-18 12:48:01.863 I/PeanutSDK:UTIL--(12788): [SCMIoTSender][receiveResponse][packet base64: ADgVAQUAEgADAgAAAQEAAQQAALUAAQMAtQA=]
05-18 12:48:01.863 I/PeanutSDK:UTIL--(12788): [SCMIoTSender][receiveResponse][packet in hex: 00381501050012000302000001010001040000b500010300b500]
05-18 12:48:01.863 I/PeanutSDK:UTIL--(12788): [SCMIoTSender][receiveResponse][packet data l: 26]
05-18 12:48:01.864 I/PeanutSDK:UTIL--(12788): [SCMIoTSender][common parseResponse][data in hex: 0302000001010001040000b500010300b500]
05-18 12:48:01.864 I/PeanutSDK:UTIL--(12788): [SCMIoTSender][common parseResponse data][{"data":{"cmd":5,"dev":56,"length":18,"seq":0,"status":0,"topic":21,"type":1},"code":0,"msg":"success","status":0,"topic":"SCMThingModelApi"}]
05-18 12:48:01.865 E/PeanutSDK:UTIL--(12788): [SCMIoTSender][onResponse][null callback or empty response]
05-18 12:48:01.865 I/PeanutSDK:UTIL--(12788): [SCMIoTSender][receiveResponse][packet in json: {"data":{"cmd":5,"dev":56,"length":18,"seq":0,"status":0,"topic":21,"type":1},"code":0,"msg":"success","status":0,"topic":"SCMThingModelApi"}]
05-18 12:48:01.867 I/FoodDelivery:component.ntb:NoticeBellManager(12788): raw data={"data":{"cmd":5,"dev":56,"length":18,"seq":0,"status":0,"topic":21,"type":1},"code":0,"msg":"success","status":0,"topic":"device.through.up"}
05-18 12:48:01.875 I/klog.comm.sdk.success [TopicManager](12788): subscribe:{"data":{"cmd":5,"dev":56,"length":18,"seq":0,"status":0,"topic":21,"type":1},"code":0,"msg":"success","status":0,"topic":"device.through.up"}
05-18 12:48:01.889 I/klog.comm.serial.report [TopicManager](12788): raw data={"data":{"cmd":5,"dev":56,"length":18,"seq":0,"status":0,"topic":21,"type":1},"code":0,"msg":"success","status":0,"topic":"device.through.up"}
05-18 12:48:01.894 I/FoodDelivery:component.ntb:NoticeBellManager(12788): raw data={"data":{"cmd":5,"dev":56,"length":18,"seq":0,"status":0,"topic":21,"type":1},"code":0,"msg":"success","status":0,"topic":"device.through.up"}
05-18 12:48:01.969 I/PeanutSDK:API--(12788): [ScheduleLiveApi][onSuccess: {"code":0,"data":{"local":{"id":1,"status":0},"other":[]},"msg":"success","status":0}]
05-18 12:48:02.098 I/PeanutSDK:API--(12788): [ScheduleLiveApi][onSuccess: {"code":0,"data":{"local":{"id":1,"status":0},"other":[]},"msg":"success","status":0}]
05-18 12:48:02.102 I/PeanutSDK:API--(12788): [MotorStatusApi][onSuccess: {"code":0,"data":{"status":1},"msg":"success","status":0}]
05-18 12:48:02.103 I/FoodDelivery:component.fault:FaultManager(12788): listenMotorStatus---s={"code":0,"data":{"status":1},"msg":"success","status":0,"topic":"device.motor.status"}
05-18 12:48:02.105 I/PeanutSDK:API--(16668): [MotorStatusApi][onSuccess: {"code":0,"data":{"status":1},"msg":"success","status":0}]
05-18 12:48:02.107 D/PeanutSDK:API--(16668): [MotorStatusApi][onSuccess json: {"data":{"status":1},"code":0,"msg":"success","status":0,"topic":"MotorStatusApi"}]
05-18 12:48:02.111 I/klog.comm.sdk.success [TopicManager](12788): subscribe:{"code":0,"data":{"status":1},"msg":"success","status":0,"topic":"device.motor.status"}
05-18 12:48:02.159 I/PeanutSDK:SensorCallBell(12788): senRequest msgID ：195672509
05-18 12:48:02.159 I/PeanutSDK:API--(12788): [SCMIoTSender][sendRequest][SCMRequest{dev=65, topic=29, type=0, cmd=1, params=BellInitParam{sn=[-108, -70, 6, -94, 120, 37], msgId=195672509, msgType=0, stayTime=5, keyEvent=101, robotState=1, enable=0}, channel=1, isCon=true, isDirect=false, oldProtocol=false, isUsbDirect=false}]
05-18 12:48:02.159 I/PeanutSDK:API--(12788): [SCMIoTSender][sendRequest][request in hex: 00411d0001001e00010694ba06a278250504bdb9a90b01010003020500010165010101010100]
05-18 12:48:02.159 I/PeanutSDK:API--(12788): [SCMIoTSender][sendRequest][request base64: AEEdAAEAHgABBpS6BqJ4JQUEvbmpCwEBAAMCBQABAWUBAQEBAQA=, length: 52]
05-18 12:48:02.160 I/PeanutSDK:SDK--(12788): [LinkAdapterFactory][resetConfig][comRobot=/dev/ttyS3,comEmotion=/dev/ttyS3,comLight=/dev/ttyS3,comDoor=/dev/ttyS3,comKc01=/dev/ttyS1,comEmotionKc01=/dev/ttyS3,comBattery=/dev/ttyS2,comRola=/dev/ttyS2,defaultLinkType=COAP,defaultSerialPath=/dev/ttyS3]
05-18 12:48:02.161 I/PeanutSDK:SDK--(12788): [CoapLinkAdapter][adapt][url: coap://192.168.64.20:5683, path: /through/down, type: POST, msgType: CON, params: {"trans":"AEEdAAEAHgABBpS6BqJ4JQUEvbmpCwEBAAMCBQABAWUBAQEBAQA=","type":1}]
05-18 12:48:02.169 I/PeanutSDK:API--(12788): BottomRawDownApi[onSuccess: {"code":0,"msg":"success","status":0}]
05-18 12:48:02.169 I/PeanutSDK:API--(12788): [ScheduleLiveApi][onSuccess: {"code":0,"data":{"local":{"id":1,"status":0},"other":[]},"msg":"success","status":0}]
05-18 12:48:02.205 I/PeanutSDK:SDK--(12788): [SerialLinkAdapter]Raw Received  :AA AA 00 7C 21 00 11 00 00 42 21 01 05 00 09 00 01 01 00 01 01 00 01 01 00 EC CD 55 55 
05-18 12:48:02.277 I/PeanutSDK:API--(12788): [ScheduleLiveApi][onSuccess: {"code":0,"data":{"local":{"id":1,"status":0},"other":[]},"msg":"success","status":0}]
05-18 12:48:02.335 I/PeanutSDK:API--(12788): [ChargeStatusApi][onSuccess: {"code":0,"data":{"event":254,"power":30},"msg":"success","status":0}]
05-18 12:48:02.336 I/PeanutSDK:API--(16668): [ButtonStatusApi][onSuccess: {"code":0,"data":{"info":false},"msg":"success","status":0}]
05-18 12:48:02.337 D/PeanutSDK:API--(16668): [ButtonStatusApi][onSuccess json: {"data":{"info":false},"code":0,"msg":"success","status":0,"topic":"ButtonStatusApi"}]
05-18 12:48:02.358 D/PeanutSDK:RUNTIME--(16668): [PeanutRuntime][queryOdo]
05-18 12:48:02.361 I/klog.robot.charge.event [CheckLowerPowerUtil](12788): lowerPowerToCharge:60,5,6,  ,30
05-18 12:48:02.361 I/FoodDelivery:StatusBarWindow:StatusBarWindow(12788): power 30
05-18 12:48:02.362 D/PeanutSDK:SDK--(16668): [LinkAdapterFactory][resetConfig][comRobot=/dev/ttyS1,comEmotion=/dev/ttyS2,comLight=/dev/ttyUSB0,comDoor=/dev/ttyS2,defaultLinkType=COAP,defaultSerialPath=/dev/ttyS1]
05-18 12:48:02.363 D/PeanutSDK:SDK--(16668): [CoapLinkAdapter][adapt][url: coap://192.168.64.20:5683, path: /runtime/odo, type: GET, msgType: CON, params: null]
05-18 12:48:02.369 I/PeanutSDK:API--(12788): [ButtonStatusApi][onSuccess: {"code":0,"data":{"info":false},"msg":"success","status":0}]
05-18 12:48:02.369 I/PeanutSDK:API--(12788): [ScheduleLiveApi][onSuccess: {"code":0,"data":{"local":{"id":1,"status":0},"other":[]},"msg":"success","status":0}]
05-18 12:48:02.371 I/PeanutSDK:API--(16668): [RuntimeOdoApi][onSuccess: {"code":0,"data":{"odo":48.21200180053711},"msg":"success","status":0}]
05-18 12:48:02.372 D/PeanutSDK:API--(16668): [RuntimeOdoApi][onSuccess json: {"data":{"odo":48.21200180053711},"code":0,"msg":"success","status":0}]
05-18 12:48:02.372 D/PeanutSDK:RUNTIME--(16668): [PeanutRuntime][odo][response = {"data":{"odo":48.21200180053711},"code":0,"msg":"success","status":0}]
05-18 12:48:02.373 D/PeanutSDK:RUNTIME--(16668): [PeanutRuntime][odo:48.21200180053711]
05-18 12:48:02.374 I/FoodDelivery:robot.charge:ChargeEventHelper(12788): sendChargeStatusEvent
05-18 12:48:02.375 I/klog.comm.sdk.success [TopicManager](12788): subscribe:{"code":0,"data":{"status":0},"topic":"device.emergency.btn.status"}
05-18 12:48:02.384 I/ScramPromptManager(12788): onReceiveLockButton:: state=0 |buttonEnable=true |mShowDialog=true |mCanShowDialog=true
05-18 12:48:02.397 I/PeanutSDK:SDK--(12788): [LinkAdapterFactory][resetConfig][comRobot=/dev/ttyS3,comEmotion=/dev/ttyS3,comLight=/dev/ttyS3,comDoor=/dev/ttyS3,comKc01=/dev/ttyS1,comEmotionKc01=/dev/ttyS3,comBattery=/dev/ttyS2,comRola=/dev/ttyS2,defaultLinkType=COAP,defaultSerialPath=/dev/ttyS3]
05-18 12:48:02.397 I/PeanutManager(12788): mqtt is connect:true
05-18 12:48:02.397 I/PeanutSDK:SDK--(12788): [CoapLinkAdapter][adapt][url: coap://192.168.64.20:5683, path: /runtime/odo, type: GET, msgType: CON, params: null]
05-18 12:48:02.398 I/klog.outter.mapping [PeanutManager](12788): fixedMappingMode():mHasReceivedMappingStop=false  mHasReceivedMappingStart=false
05-18 12:48:02.398 I/klog.outter.mapping [PeanutManager](12788): fixedMappingMode():mIsMappingMode=false  isPreMappingMode=false  heartBeatAlive=false
05-18 12:48:02.400 I/klog.robot.biz.ps [PeanutManager](12788): isApplicationBroughtToBackground……
05-18 12:48:02.401 I/klog.robot.biz.ps [MotorModel](12788): MotorEntity{id=2, motorState=true}
05-18 12:48:02.402 I/klog.comm.coap.request [PeanutManager](12788): controlMotorLock lock: true
05-18 12:48:02.402 I/PeanutSDK:SDK--(12788): [LinkAdapterFactory][resetConfig][comRobot=/dev/ttyS3,comEmotion=/dev/ttyS3,comLight=/dev/ttyS3,comDoor=/dev/ttyS3,comKc01=/dev/ttyS1,comEmotionKc01=/dev/ttyS3,comBattery=/dev/ttyS2,comRola=/dev/ttyS2,defaultLinkType=COAP,defaultSerialPath=/dev/ttyS3]
05-18 12:48:02.403 I/PeanutSDK:SDK--(12788): [CoapLinkAdapter][adapt][url: coap://192.168.64.20:5683, path: /motor/enable, type: POST, msgType: CON, params: {"enable":1}]
05-18 12:48:02.405 I/klog.comm.sdk.success [PeanutManager](12788): controlNavigationStop:: ----from=application is background
05-18 12:48:02.406 I/PeanutSDK:SDK--(12788): [LinkAdapterFactory][resetConfig][comRobot=/dev/ttyS3,comEmotion=/dev/ttyS3,comLight=/dev/ttyS3,comDoor=/dev/ttyS3,comKc01=/dev/ttyS1,comEmotionKc01=/dev/ttyS3,comBattery=/dev/ttyS2,comRola=/dev/ttyS2,defaultLinkType=COAP,defaultSerialPath=/dev/ttyS3]
05-18 12:48:02.406 I/PeanutSDK:SDK--(12788): [CoapLinkAdapter][adapt][url: coap://192.168.64.20:5683, path: /navigation/action, type: POST, msgType: CON, params: {"action":83}]
05-18 12:48:02.406 I/PeanutSDK:SDK--(12788): [PeanutCoapClient][syncRequest][队列的请求有:0个, 当前的请求是:/navigation/action]
05-18 12:48:02.407 I/PeanutSDK:SDK--(12788): [PeanutCoapClient][syncRequest][real execute][/navigation/action]
05-18 12:48:02.443 I/PeanutSDK:API--(12788): [RuntimeOdoApi][onSuccess: {"code":0,"data":{"odo":48.21200180053711},"msg":"success","status":0}]
05-18 12:48:02.443 I/PeanutSDK:API--(12788): MotorEnableApi[onSuccess: {"code":0,"msg":"success","status":0}]
05-18 12:48:02.444 I/klog.comm.sdk.success [PeanutManager](12788): controlMotorLock:BaseResp(code=0)
05-18 12:48:02.450 I/PeanutSDK:SDK--(12788): [PeanutCoapClient][syncRequest][response][/navigation/action] result:{"code":0,"msg":"success","status":0}
05-18 12:48:02.450 I/PeanutSDK:API--(12788): NavigationActionApi[onSuccess: {"code":0,"msg":"success","status":0}]
05-18 12:48:02.451 I/klog.comm.sdk.success [PeanutManager](12788): controlNavigationStop:BaseResp(code=0)
05-18 12:48:02.550 I/PeanutSDK:API--(12788): [ScheduleLiveApi][onSuccess: {"code":0,"data":{"local":{"id":1,"status":0},"other":[]},"msg":"success","status":0}]
05-18 12:48:02.658 I/PeanutSDK:API--(12788): [ScheduleLiveApi][onSuccess: {"code":0,"data":{"local":{"id":1,"status":0},"other":[]},"msg":"success","status":0}]
05-18 12:48:02.663 I/PeanutSDK:API--(12788): [ScheduleLiveApi][onSuccess: {"code":0,"data":{"local":{"id":1,"status":0},"other":[]},"msg":"success","status":0}]
05-18 12:48:02.665 I/PeanutSDK:API--(12788): [SCMIoTSender][sendRequest][SCMRequest{dev=65, topic=23, type=1, cmd=0, params=HeartBeatParam{sn=[-108, -70, 6, -94, 120, 37]}, channel=1, isCon=true, isDirect=false, oldProtocol=false, isUsbDirect=false}]
05-18 12:48:02.665 I/PeanutSDK:API--(12788): [SCMIoTSender][sendRequest][request in hex: 0041170100000800010694ba06a27825]
05-18 12:48:02.666 I/PeanutSDK:API--(12788): [SCMIoTSender][sendRequest][request base64: AEEXAQAACAABBpS6BqJ4JQ==, length: 24]
05-18 12:48:02.667 I/PeanutSDK:SDK--(12788): [LinkAdapterFactory][resetConfig][comRobot=/dev/ttyS3,comEmotion=/dev/ttyS3,comLight=/dev/ttyS3,comDoor=/dev/ttyS3,comKc01=/dev/ttyS1,comEmotionKc01=/dev/ttyS3,comBattery=/dev/ttyS2,comRola=/dev/ttyS2,defaultLinkType=COAP,defaultSerialPath=/dev/ttyS3]
05-18 12:48:02.668 I/PeanutSDK:SDK--(12788): [CoapLinkAdapter][adapt][url: coap://192.168.64.20:5683, path: /through/down, type: POST, msgType: CON, params: {"trans":"AEEXAQAACAABBpS6BqJ4JQ==","type":1}]
05-18 12:48:02.678 I/PeanutSDK:API--(12788): BottomRawDownApi[onSuccess: {"code":0,"msg":"success","status":0}]
05-18 12:48:02.779 I/PeanutSDK:API--(12788): [ScheduleLiveApi][onSuccess: {"code":0,"data":{"local":{"id":1,"status":0},"other":[]},"msg":"success","status":0}]
05-18 12:48:02.780 I/PeanutSDK:API--(12788): [RuntimeHealthApi][onSuccess: {"code":0,"data":[],"msg":"success","status":0}]
05-18 12:48:02.782 I/FoodDelivery:component.fault:FaultManager(12788): listenRuntimeFault--s={"code":0,"data":{"errors":[]},"topic":"diagnosis.error"}
05-18 12:48:02.790 I/FoodDelivery:component.fault:FaultManager(12788): health:0, []
05-18 12:48:02.792 I/klog.comm.sdk.success [TopicManager](12788): subscribe:{"code":0,"data":{"errors":[]},"topic":"diagnosis.error"}
05-18 12:48:02.891 I/PeanutSDK:API--(12788): [ScheduleLiveApi][onSuccess: {"code":0,"data":{"local":{"id":1,"status":0},"other":[]},"msg":"success","status":0}]
05-18 12:48:02.922 I/PeanutSDK:SDK--(16668): [CoAPPing][startPing][offLineTime: 2002, timeout : 60000, isTimeout : false, isOnline : true]
05-18 12:48:02.951 I/PeanutSDK:SDK--(  670): [CoAPPing][startPing][offLineTime: 2028, timeout : 60000, isTimeout : false, isOnline : true]
05-18 12:48:02.956 W/art     (  670): Long monitor contention event with owner method=void java.net.DatagramSocket.receive(java.net.DatagramPacket) from DatagramSocket.java:4294967295 waiters=0 for 2.034s
05-18 12:48:03.062 I/PeanutSDK:API--(12788): [ScheduleLiveApi][onSuccess: {"code":0,"data":{"local":{"id":1,"status":0},"other":[]},"msg":"success","status":0}]
05-18 12:48:03.166 I/PeanutSDK:API--(12788): [ScheduleLiveApi][onSuccess: {"code":0,"data":{"local":{"id":1,"status":0},"other":[]},"msg":"success","status":0}]
05-18 12:48:03.199 I/PeanutSDK:SDK--(12788): [CoAPPing][startPing][offLineTime: 2040, timeout : 25000, isTimeout : false, isOnline : true]
05-18 12:48:03.209 I/PeanutSDK:SDK--(12788): [SerialLinkAdapter]Raw Received  :AA AA 00 7C 21 00 11 00 00 42 21 01 05 00 09 00 01 01 00 01 01 00 01 01 00 EC CD 55 55 
05-18 12:48:03.306 I/PeanutSDK:API--(12788): [ScheduleLiveApi][onSuccess: {"code":0,"data":{"local":{"id":1,"status":0},"other":[]},"msg":"success","status":0}]
05-18 12:48:03.411 I/PeanutManager(12788): mqtt is connect:true
05-18 12:48:03.412 I/klog.outter.mapping [PeanutManager](12788): fixedMappingMode():mHasReceivedMappingStop=false  mHasReceivedMappingStart=false
05-18 12:48:03.412 I/PeanutSDK:API--(12788): [ScheduleLiveApi][onSuccess: {"code":0,"data":{"local":{"id":1,"status":0},"other":[]},"msg":"success","status":0}]
05-18 12:48:03.413 I/PeanutSDK:SDK--(12788): [LinkAdapterFactory][resetConfig][comRobot=/dev/ttyS3,comEmotion=/dev/ttyS3,comLight=/dev/ttyS3,comDoor=/dev/ttyS3,comKc01=/dev/ttyS1,comEmotionKc01=/dev/ttyS3,comBattery=/dev/ttyS2,comRola=/dev/ttyS2,defaultLinkType=COAP,defaultSerialPath=/dev/ttyS3]
05-18 12:48:03.414 I/klog.outter.mapping [PeanutManager](12788): fixedMappingMode():mIsMappingMode=false  isPreMappingMode=false  heartBeatAlive=false
